Archive member included to satisfy reference by file (symbol)

C:/Users/ADMIN/.pico-sdk/toolchain/13_2_Rel1/bin/../lib/gcc/arm-none-eabi/13.2.1/thumb/v6-m/nofp\libgcc.a(_dvmd_tls.o)
                              CMakeFiles/atSampling_Device.dir/C_/Users/ADMIN/.pico-sdk/sdk/2.0.0/src/rp2_common/pico_divider/divider_hardware.S.obj (__aeabi_idiv0)
C:/Users/ADMIN/.pico-sdk/toolchain/13_2_Rel1/bin/../lib/gcc/arm-none-eabi/13.2.1/thumb/v6-m/nofp\libg.a(libc_a-calloc.o)
                              CMakeFiles/atSampling_Device.dir/C_/Users/ADMIN/.pico-sdk/sdk/2.0.0/src/rp2_common/pico_malloc/malloc.c.obj (calloc)
C:/Users/ADMIN/.pico-sdk/toolchain/13_2_Rel1/bin/../lib/gcc/arm-none-eabi/13.2.1/thumb/v6-m/nofp\libg.a(libc_a-callocr.o)
                              C:/Users/ADMIN/.pico-sdk/toolchain/13_2_Rel1/bin/../lib/gcc/arm-none-eabi/13.2.1/thumb/v6-m/nofp\libg.a(libc_a-calloc.o) (_calloc_r)
C:/Users/ADMIN/.pico-sdk/toolchain/13_2_Rel1/bin/../lib/gcc/arm-none-eabi/13.2.1/thumb/v6-m/nofp\libg.a(libc_a-malloc.o)
                              CMakeFiles/atSampling_Device.dir/C_/Users/ADMIN/.pico-sdk/sdk/2.0.0/src/rp2_common/pico_malloc/malloc.c.obj (malloc)
C:/Users/ADMIN/.pico-sdk/toolchain/13_2_Rel1/bin/../lib/gcc/arm-none-eabi/13.2.1/thumb/v6-m/nofp\libg.a(libc_a-mallocr.o)
                              C:/Users/ADMIN/.pico-sdk/toolchain/13_2_Rel1/bin/../lib/gcc/arm-none-eabi/13.2.1/thumb/v6-m/nofp\libg.a(libc_a-callocr.o) (_malloc_r)
C:/Users/ADMIN/.pico-sdk/toolchain/13_2_Rel1/bin/../lib/gcc/arm-none-eabi/13.2.1/thumb/v6-m/nofp\libg.a(libc_a-mlock.o)
                              C:/Users/ADMIN/.pico-sdk/toolchain/13_2_Rel1/bin/../lib/gcc/arm-none-eabi/13.2.1/thumb/v6-m/nofp\libg.a(libc_a-mallocr.o) (__malloc_lock)
C:/Users/ADMIN/.pico-sdk/toolchain/13_2_Rel1/bin/../lib/gcc/arm-none-eabi/13.2.1/thumb/v6-m/nofp\libg.a(libc_a-realloc.o)
                              CMakeFiles/atSampling_Device.dir/C_/Users/ADMIN/.pico-sdk/sdk/2.0.0/src/rp2_common/pico_malloc/malloc.c.obj (realloc)
C:/Users/ADMIN/.pico-sdk/toolchain/13_2_Rel1/bin/../lib/gcc/arm-none-eabi/13.2.1/thumb/v6-m/nofp\libg.a(libc_a-reallocr.o)
                              C:/Users/ADMIN/.pico-sdk/toolchain/13_2_Rel1/bin/../lib/gcc/arm-none-eabi/13.2.1/thumb/v6-m/nofp\libg.a(libc_a-realloc.o) (_realloc_r)
C:/Users/ADMIN/.pico-sdk/toolchain/13_2_Rel1/bin/../lib/gcc/arm-none-eabi/13.2.1/thumb/v6-m/nofp\libg.a(libc_a-ctype_.o)
                              CMakeFiles/atSampling_Device.dir/C_/Users/ADMIN/.pico-sdk/sdk/2.0.0/lib/tinyusb/src/tusb.c.obj (_ctype_)
C:/Users/ADMIN/.pico-sdk/toolchain/13_2_Rel1/bin/../lib/gcc/arm-none-eabi/13.2.1/thumb/v6-m/nofp\libg.a(libc_a-memcmp.o)
                              CMakeFiles/atSampling_Device.dir/C_/Users/ADMIN/.pico-sdk/sdk/2.0.0/src/rp2_common/pico_atomic/atomic.c.obj (memcmp)
C:/Users/ADMIN/.pico-sdk/toolchain/13_2_Rel1/bin/../lib/gcc/arm-none-eabi/13.2.1/thumb/v6-m/nofp\libg.a(libc_a-memmove.o)
                              C:/Users/ADMIN/.pico-sdk/toolchain/13_2_Rel1/bin/../lib/gcc/arm-none-eabi/13.2.1/thumb/v6-m/nofp\libg.a(libc_a-reallocr.o) (memmove)
C:/Users/ADMIN/.pico-sdk/toolchain/13_2_Rel1/bin/../lib/gcc/arm-none-eabi/13.2.1/thumb/v6-m/nofp\libg.a(libc_a-lcltime_r.o)
                              CMakeFiles/atSampling_Device.dir/C_/Users/ADMIN/.pico-sdk/sdk/2.0.0/src/common/pico_util/datetime.c.obj (localtime_r)
C:/Users/ADMIN/.pico-sdk/toolchain/13_2_Rel1/bin/../lib/gcc/arm-none-eabi/13.2.1/thumb/v6-m/nofp\libg.a(libc_a-mktime.o)
                              CMakeFiles/atSampling_Device.dir/C_/Users/ADMIN/.pico-sdk/sdk/2.0.0/src/common/pico_util/datetime.c.obj (mktime)
C:/Users/ADMIN/.pico-sdk/toolchain/13_2_Rel1/bin/../lib/gcc/arm-none-eabi/13.2.1/thumb/v6-m/nofp\libg.a(libc_a-month_lengths.o)
                              C:/Users/ADMIN/.pico-sdk/toolchain/13_2_Rel1/bin/../lib/gcc/arm-none-eabi/13.2.1/thumb/v6-m/nofp\libg.a(libc_a-lcltime_r.o) (__month_lengths)
C:/Users/ADMIN/.pico-sdk/toolchain/13_2_Rel1/bin/../lib/gcc/arm-none-eabi/13.2.1/thumb/v6-m/nofp\libg.a(libc_a-tzcalc_limits.o)
                              C:/Users/ADMIN/.pico-sdk/toolchain/13_2_Rel1/bin/../lib/gcc/arm-none-eabi/13.2.1/thumb/v6-m/nofp\libg.a(libc_a-lcltime_r.o) (__tzcalc_limits)
C:/Users/ADMIN/.pico-sdk/toolchain/13_2_Rel1/bin/../lib/gcc/arm-none-eabi/13.2.1/thumb/v6-m/nofp\libg.a(libc_a-tzlock.o)
                              C:/Users/ADMIN/.pico-sdk/toolchain/13_2_Rel1/bin/../lib/gcc/arm-none-eabi/13.2.1/thumb/v6-m/nofp\libg.a(libc_a-lcltime_r.o) (__tz_lock)
C:/Users/ADMIN/.pico-sdk/toolchain/13_2_Rel1/bin/../lib/gcc/arm-none-eabi/13.2.1/thumb/v6-m/nofp\libg.a(libc_a-tzset.o)
                              C:/Users/ADMIN/.pico-sdk/toolchain/13_2_Rel1/bin/../lib/gcc/arm-none-eabi/13.2.1/thumb/v6-m/nofp\libg.a(libc_a-lcltime_r.o) (_tzset_unlocked)
C:/Users/ADMIN/.pico-sdk/toolchain/13_2_Rel1/bin/../lib/gcc/arm-none-eabi/13.2.1/thumb/v6-m/nofp\libg.a(libc_a-tzset_r.o)
[...]
Memory Configuration

Name             Origin             Length             Attributes
FLASH            0x10000000         0x00200000         xr
RAM              0x20000000         0x00040000         xrw
SCRATCH_X        0x20040000         0x00001000         xrw
SCRATCH_Y        0x20041000         0x00001000         xrw
*default*        0x00000000         0xffffffff

Linker script and memory map

LOAD C:/Users/ADMIN/.pico-sdk/toolchain/13_2_Rel1/bin/../lib/gcc/arm-none-eabi/13.2.1/thumb/v6-m/nofp/crti.o
LOAD C:/Users/ADMIN/.pico-sdk/toolchain/13_2_Rel1/bin/../lib/gcc/arm-none-eabi/13.2.1/thumb/v6-m/nofp/crtbegin.o
LOAD C:/Users/ADMIN/.pico-sdk/toolchain/13_2_Rel1/bin/../lib/gcc/arm-none-eabi/13.2.1/thumb/v6-m/nofp/crt0.o

.flash_begin    0x10000000        0x0
                0x10000000                        __flash_binary_start = .

.boot2          0x10000000      0x100
                0x10000000                        __boot2_start__ = .
 *(.boot2)
 .boot2         0x10000000      0x100 C:\Users\ADMIN\AppData\Local\Temp\ccK43n0Z.o
                0x10000100                        __boot2_end__ = .
                0x00000001                        ASSERT (((__boot2_end__ - __boot2_start__) == 0x100), ERROR: Pico second stage bootloader must be 256 bytes in size)

.text           0x10000100     0x7190
                0x10000100                        __logical_binary_start = .
 *(.vectors)
 .vectors       0x10000100       0xd4 CMakeFiles/atSampling_Device.dir/C_/Users/ADMIN/.pico-sdk/sdk/2.0.0/src/rp2_common/pico_crt0/crt0.S.obj
                0x10000100                __VECTOR_TABLE
                0x10000100                __vectors
                0x100001c0                isr_invalid
                0x100001c0                __default_isrs_start
                0x100001c2                isr_nmi
                0x100001c4                isr_hardfault
                0x100001c6                isr_svcall
                0x100001c8                isr_pendsv
                0x100001ca                isr_systick
                0x100001cc                isr_irq23
                0x100001cc                isr_irq18
                0x100001cc                isr_irq11
                0x100001cc                isr_irq28
                0x100001cc                isr_irq19
                0x100001cc                isr_irq0
                0x100001cc                isr_irq6
                0x100001cc                isr_irq5
                0x100001cc                isr_irq12
                0x100001cc                isr_irq22
                0x100001cc                isr_irq31
                0x100001cc                isr_irq17
                0x100001cc                isr_irq27
                0x100001cc                isr_irq30
                0x100001cc                isr_irq2
                0x100001cc                isr_irq10
                0x100001cc                isr_irq8
                0x100001cc                isr_irq24
                0x100001cc                isr_irq1
                0x100001cc                isr_irq7
                0x100001cc                isr_irq21
                0x100001cc                isr_irq20
                0x100001cc                isr_irq15
                0x100001cc                isr_irq25
                0x100001cc                isr_irq13
                0x100001cc                __unhandled_user_irq
                0x100001cc                isr_irq4
                0x100001cc                isr_irq16
                0x100001cc                isr_irq29
                0x100001cc                isr_irq26
                0x100001cc                __default_isrs_end
                0x100001cc                isr_irq3
                0x100001cc                isr_irq14
                0x100001cc                isr_irq9
                0x100001d2                unhandled_user_irq_num_in_r0
 *(.binary_info_header)
 .binary_info_header
                0x100001d4       0x14 CMakeFiles/atSampling_Device.dir/C_/Users/ADMIN/.pico-sdk/sdk/2.0.0/src/rp2_common/pico_crt0/crt0.S.obj
                0x100001e8                        __binary_info_header_end = .
 *(.embedded_block)
                0x100001e8                        __embedded_block_end = .
 *(.reset)
 .reset         0x100001e8       0x9c CMakeFiles/atSampling_Device.dir/C_/Users/ADMIN/.pico-sdk/sdk/2.0.0/src/rp2_common/pico_crt0/crt0.S.obj
                0x100001e8                _entry_point
 *(.init)
 .init          0x10000284        0x4 C:/Users/ADMIN/.pico-sdk/toolchain/13_2_Rel1/bin/../lib/gcc/arm-none-eabi/13.2.1/thumb/v6-m/nofp/crti.o
                0x10000284                _init
 *(EXCLUDE_FILE(*libm.a: *libc.a:*lib_a-mem*.o *libgcc.a:) .text*)
 .text.register_tm_clones
                0x10000288       0x28 C:/Users/ADMIN/.pico-sdk/toolchain/13_2_Rel1/bin/../lib/gcc/arm-none-eabi/13.2.1/thumb/v6-m/nofp/crtbegin.o
 .text.frame_dummy
                0x100002b0       0x24 C:/Users/ADMIN/.pico-sdk/toolchain/13_2_Rel1/bin/../lib/gcc/arm-none-eabi/13.2.1/thumb/v6-m/nofp/crtbegin.o
 .text._ZN7App_ABC12App_ABC_PendEv
                0x100002d4        0x2 CMakeFiles/atSampling_Device.dir/atSampling_Device.cpp.obj
                0x100002d4                App_ABC::App_ABC_Pend()
 .text._ZN7App_ABC13App_ABC_StartEv
                0x100002d6        0x2 CMakeFiles/atSampling_Device.dir/atSampling_Device.cpp.obj
                0x100002d6                App_ABC::App_ABC_Start()
 .text._ZN7App_ABC15App_ABC_RestartEv
                0x100002d8        0x2 CMakeFiles/atSampling_Device.dir/atSampling_Device.cpp.obj
                0x100002d8                App_ABC::App_ABC_Restart()
 .text._ZN7App_ABC15App_ABC_ExecuteEv
                0x100002da        0x2 CMakeFiles/atSampling_Device.dir/atSampling_Device.cpp.obj
                0x100002da                App_ABC::App_ABC_Execute()
 .text._ZN7App_ABC15App_ABC_SuspendEv
                0x100002dc        0x2 CMakeFiles/atSampling_Device.dir/atSampling_Device.cpp.obj
                0x100002dc                App_ABC::App_ABC_Suspend()
 .text._ZN7App_ABC14App_ABC_ResumeEv
                0x100002de        0x2 CMakeFiles/atSampling_Device.dir/atSampling_Device.cpp.obj
                0x100002de                App_ABC::App_ABC_Resume()
 .text._ZN7App_ABC11App_ABC_EndEv
                0x100002e0        0x2 CMakeFiles/atSampling_Device.dir/atSampling_Device.cpp.obj
                0x100002e0                App_ABC::App_ABC_End()
 .text._Z14alarm_callbacklPv
                0x100002e2        0x6 CMakeFiles/atSampling_Device.dir/atSampling_Device.cpp.obj
                0x100002e2                alarm_callback(long, void*)
 .text.alarm_pool_add_alarm_in_ms
                0x100002e8       0x64 CMakeFiles/atSampling_Device.dir/atSampling_Device.cpp.obj
 .text.add_alarm_in_ms
                0x1000034c       0x20 CMakeFiles/atSampling_Device.dir/atSampling_Device.cpp.obj
 .text._ZN11ApplicationC2Ev
                0x1000036c       0x2c CMakeFiles/atSampling_Device.dir/atSampling_Device.cpp.obj
                0x1000036c                Application::Application()
                0x1000036c                Application::Application()
 .text._ZN11Application5DebugEv
                0x10000398        0x6 CMakeFiles/atSampling_Device.dir/atSampling_Device.cpp.obj
                0x10000398                Application::Debug()
 *fill*         0x1000039e        0x2 
 .text._ZN11Application24State_Application_StringEv
                0x100003a0       0x4c CMakeFiles/atSampling_Device.dir/atSampling_Device.cpp.obj
                0x100003a0                Application::State_Application_String()
 .text._ZN11Application11InformationEv
                0x100003ec       0x34 CMakeFiles/atSampling_Device.dir/atSampling_Device.cpp.obj
                0x100003ec                Application::Information()
 .text._ZN11Application4PendEv
                0x10000420       0x38 CMakeFiles/atSampling_Device.dir/atSampling_Device.cpp.obj
                0x10000420                Application::Pend()
 .text._ZN11Application5StartEv
                0x10000458       0x1e CMakeFiles/atSampling_Device.dir/atSampling_Device.cpp.obj
                0x10000458                Application::Start()
 .text._ZN11Application5ReadyEv
                0x10000476       0x22 CMakeFiles/atSampling_Device.dir/atSampling_Device.cpp.obj
                0x10000476                Application::Ready()
 .text._ZN11Application7ExecuteEv
                0x10000498       0x1a CMakeFiles/atSampling_Device.dir/atSampling_Device.cpp.obj
                0x10000498                Application::Execute()
 .text._ZN11Application7SuspendEv
                0x100004b2       0x1a CMakeFiles/atSampling_Device.dir/atSampling_Device.cpp.obj
                0x100004b2                Application::Suspend()
 .text._ZN11Application3EndEv
                0x100004cc       0x1a CMakeFiles/atSampling_Device.dir/atSampling_Device.cpp.obj
                0x100004cc                Application::End()
 *fill*         0x100004e6        0x2 
 .text._ZN11Application15Run_ApplicationEb
                0x100004e8       0x3c CMakeFiles/atSampling_Device.dir/atSampling_Device.cpp.obj
                0x100004e8                Application::Run_Application(bool)
 .text._ZN7App_ABCC2Ev
                0x10000524       0x50 CMakeFiles/atSampling_Device.dir/atSampling_Device.cpp.obj
                0x10000524                App_ABC::App_ABC()
                0x10000524                App_ABC::App_ABC()
 .text._Z41__static_initialization_and_destruction_0v
                0x10000574       0x10 CMakeFiles/atSampling_Device.dir/atSampling_Device.cpp.obj
 .text._Z18blink_program_initP8pio_hw_tjjj
                0x10000584       0x80 CMakeFiles/atSampling_Device.dir/atSampling_Device.cpp.obj
                0x10000584                blink_program_init(pio_hw_t*, unsigned int, unsigned int, unsigned int)
 .text._Z17blink_pin_foreverP8pio_hw_tjjjj
                0x10000604       0x3c CMakeFiles/atSampling_Device.dir/atSampling_Device.cpp.obj
                0x10000604                blink_pin_forever(pio_hw_t*, unsigned int, unsigned int, unsigned int, unsigned int)
 .text.main     0x10000640      0x160 CMakeFiles/atSampling_Device.dir/atSampling_Device.cpp.obj
                0x10000640                main
 .text._GLOBAL__sub_I_Serial_Hardware_Port_Is_Opened
                0x100007a0        0x8 CMakeFiles/atSampling_Device.dir/atSampling_Device.cpp.obj
 .text.gpio_set_function
                0x100007a8       0x34 CMakeFiles/atSampling_Device.dir/C_/Users/ADMIN/.pico-sdk/sdk/2.0.0/src/rp2_common/hardware_gpio/gpio.c.obj
                0x100007a8                gpio_set_function
 .text.gpio_set_pulls
                0x100007dc       0x38 CMakeFiles/atSampling_Device.dir/C_/Users/ADMIN/.pico-sdk/sdk/2.0.0/src/rp2_common/hardware_gpio/gpio.c.obj
                0x100007dc                gpio_set_pulls
 .text.gpio_init
                0x10000814       0x16 CMakeFiles/atSampling_Device.dir/C_/Users/ADMIN/.pico-sdk/sdk/2.0.0/src/rp2_common/hardware_gpio/gpio.c.obj
                0x10000814                gpio_init
 *fill*         0x1000082a        0x2 
 .text.rp2040_chip_version
                0x1000082c       0x54 CMakeFiles/atSampling_Device.dir/C_/Users/ADMIN/.pico-sdk/sdk/2.0.0/src/rp2040/pico_platform/platform.c.obj
                0x1000082c                rp2040_chip_version
 .text.panic    0x10000880       0x30 CMakeFiles/atSampling_Device.dir/C_/Users/ADMIN/.pico-sdk/sdk/2.0.0/src/rp2_common/pico_platform_panic/panic.c.obj
                0x10000880                panic
 .text.hw_claim_lock
                0x100008b0       0x18 CMakeFiles/atSampling_Device.dir/C_/Users/ADMIN/.pico-sdk/sdk/2.0.0/src/common/hardware_claim/claim.c.obj
                0x100008b0                hw_claim_lock
 .text.hw_claim_unlock
                0x100008c8       0x14 CMakeFiles/atSampling_Device.dir/C_/Users/ADMIN/.pico-sdk/sdk/2.0.0/src/common/hardware_claim/claim.c.obj
                0x100008c8                hw_claim_unlock
 .text.hw_claim_or_assert
                0x100008dc       0x32 CMakeFiles/atSampling_Device.dir/C_/Users/ADMIN/.pico-sdk/sdk/2.0.0/src/common/hardware_claim/claim.c.obj
                0x100008dc                hw_claim_or_assert
 .text.hw_claim_unused_from_range
                0x1000090e       0x50 CMakeFiles/atSampling_Device.dir/C_/Users/ADMIN/.pico-sdk/sdk/2.0.0/src/common/hardware_claim/claim.c.obj
                0x1000090e                hw_claim_unused_from_range
 *fill*         0x1000095e        0x2 
 .text.next_striped_spin_lock_num
                0x10000960       0x1c CMakeFiles/atSampling_Device.dir/C_/Users/ADMIN/.pico-sdk/sdk/2.0.0/src/rp2_common/hardware_sync/sync.c.obj
                0x10000960                next_striped_spin_lock_num
 .text.spin_lock_claim_unused
                0x1000097c       0x24 CMakeFiles/atSampling_Device.dir/C_/Users/ADMIN/.pico-sdk/sdk/2.0.0/src/rp2_common/hardware_sync/sync.c.obj
                0x1000097c                spin_lock_claim_unused
 .text.spin_locks_reset
                0x100009a0       0x20 CMakeFiles/atSampling_Device.dir/C_/Users/ADMIN/.pico-sdk/sdk/2.0.0/src/rp2_common/hardware_sync_spin_lock/sync_spin_lock.c.obj
                0x100009a0                spin_locks_reset
 .text.set_raw_irq_handler_and_unlock
                0x100009c0       0x28 CMakeFiles/atSampling_Device.dir/C_/Users/ADMIN/.pico-sdk/sdk/2.0.0/src/rp2_common/hardware_irq/irq.c.obj
 .text.nvic_ipr0
                0x100009e8        0x8 CMakeFiles/atSampling_Device.dir/C_/Users/ADMIN/.pico-sdk/sdk/2.0.0/src/rp2_common/hardware_irq/irq.c.obj
 .text.runtime_init_per_core_irq_priorities
                0x100009f0       0x1c CMakeFiles/atSampling_Device.dir/C_/Users/ADMIN/.pico-sdk/sdk/2.0.0/src/rp2_common/hardware_irq/irq.c.obj
                0x100009f0                runtime_init_per_core_irq_priorities
 .text.resolve_j_16
                0x10000a0c       0x30 CMakeFiles/atSampling_Device.dir/C_/Users/ADMIN/.pico-sdk/sdk/2.0.0/src/rp2_common/hardware_irq/irq.c.obj
 .text.make_j_16
                0x10000a3c       0x48 CMakeFiles/atSampling_Device.dir/C_/Users/ADMIN/.pico-sdk/sdk/2.0.0/src/rp2_common/hardware_irq/irq.c.obj
 .text.irq_is_enabled
                0x10000a84       0x18 CMakeFiles/atSampling_Device.dir/C_/Users/ADMIN/.pico-sdk/sdk/2.0.0/src/rp2_common/hardware_irq/irq.c.obj
                0x10000a84                irq_is_enabled
 .text.irq_set_mask_n_enabled
                0x10000a9c       0x1c CMakeFiles/atSampling_Device.dir/C_/Users/ADMIN/.pico-sdk/sdk/2.0.0/src/rp2_common/hardware_irq/irq.c.obj
                0x10000a9c                irq_set_mask_n_enabled
 .text.irq_set_enabled
                0x10000ab8       0x14 CMakeFiles/atSampling_Device.dir/C_/Users/ADMIN/.pico-sdk/sdk/2.0.0/src/rp2_common/hardware_irq/irq.c.obj
                0x10000ab8                irq_set_enabled
 .text.irq_set_pending
                0x10000acc       0x10 CMakeFiles/atSampling_Device.dir/C_/Users/ADMIN/.pico-sdk/sdk/2.0.0/src/rp2_common/hardware_irq/irq.c.obj
                0x10000acc                irq_set_pending
 .text.irq_get_vtable_handler
                0x10000adc       0x10 CMakeFiles/atSampling_Device.dir/C_/Users/ADMIN/.pico-sdk/sdk/2.0.0/src/rp2_common/hardware_irq/irq.c.obj
                0x10000adc                irq_get_vtable_handler
 .text.irq_has_shared_handler
                0x10000aec       0x24 CMakeFiles/atSampling_Device.dir/C_/Users/ADMIN/.pico-sdk/sdk/2.0.0/src/rp2_common/hardware_irq/irq.c.obj
                0x10000aec                irq_has_shared_handler
 .text.irq_set_exclusive_handler
                0x10000b10       0x54 CMakeFiles/atSampling_Device.dir/C_/Users/ADMIN/.pico-sdk/sdk/2.0.0/src/rp2_common/hardware_irq/irq.c.obj
                0x10000b10                irq_set_exclusive_handler
 .text.irq_add_shared_handler
                0x10000b64      0x218 CMakeFiles/atSampling_Device.dir/C_/Users/ADMIN/.pico-sdk/sdk/2.0.0/src/rp2_common/hardware_irq/irq.c.obj
                0x10000b64                irq_add_shared_handler
 .text.irq_add_tail_to_free_list
                0x10000d7c       0xf4 CMakeFiles/atSampling_Device.dir/C_/Users/ADMIN/.pico-sdk/sdk/2.0.0/src/rp2_common/hardware_irq/irq.c.obj
                0x10000d7c                irq_add_tail_to_free_list
 .text.user_irq_claim_unused
                0x10000e70       0x2c CMakeFiles/atSampling_Device.dir/C_/Users/ADMIN/.pico-sdk/sdk/2.0.0/src/rp2_common/hardware_irq/irq.c.obj
                0x10000e70                user_irq_claim_unused
 .text.lock_init
                0x10000e9c       0x10 CMakeFiles/atSampling_Device.dir/C_/Users/ADMIN/.pico-sdk/sdk/2.0.0/src/common/pico_sync/lock_core.c.obj
                0x10000e9c                lock_init
 .text.mutex_init
                0x10000eac       0x1a CMakeFiles/atSampling_Device.dir/C_/Users/ADMIN/.pico-sdk/sdk/2.0.0/src/common/pico_sync/mutex.c.obj
                0x10000eac                mutex_init
 .text.recursive_mutex_init
                0x10000ec6       0x1e CMakeFiles/atSampling_Device.dir/C_/Users/ADMIN/.pico-sdk/sdk/2.0.0/src/common/pico_sync/mutex.c.obj
                0x10000ec6                recursive_mutex_init
 .text.runtime_init_mutex
                0x10000ee4       0x4c CMakeFiles/atSampling_Device.dir/C_/Users/ADMIN/.pico-sdk/sdk/2.0.0/src/common/pico_sync/mutex.c.obj
                0x10000ee4                runtime_init_mutex
 .text.critical_section_init_with_lock_num
                0x10000f30       0x14 CMakeFiles/atSampling_Device.dir/C_/Users/ADMIN/.pico-sdk/sdk/2.0.0/src/common/pico_sync/critical_section.c.obj
                0x10000f30                critical_section_init_with_lock_num
 .text.critical_section_init
                0x10000f44       0x14 CMakeFiles/atSampling_Device.dir/C_/Users/ADMIN/.pico-sdk/sdk/2.0.0/src/common/pico_sync/critical_section.c.obj
                0x10000f44                critical_section_init
 .text.make_alarm_id
                0x10000f58        0x6 CMakeFiles/atSampling_Device.dir/C_/Users/ADMIN/.pico-sdk/sdk/2.0.0/src/common/pico_time/time.c.obj
 *fill*         0x10000f5e        0x2 
 .text.sleep_until_callback
                0x10000f60       0x30 CMakeFiles/atSampling_Device.dir/C_/Users/ADMIN/.pico-sdk/sdk/2.0.0/src/common/pico_time/time.c.obj
 .text.alarm_pool_irq_handler
                0x10000f90      0x2e0 CMakeFiles/atSampling_Device.dir/C_/Users/ADMIN/.pico-sdk/sdk/2.0.0/src/common/pico_time/time.c.obj
 .text.ta_enable_irq_handler
                0x10001270       0x2c CMakeFiles/atSampling_Device.dir/C_/Users/ADMIN/.pico-sdk/sdk/2.0.0/src/common/pico_time/time.c.obj
 .text.alarm_pool_post_alloc_init
                0x1000129c       0x78 CMakeFiles/atSampling_Device.dir/C_/Users/ADMIN/.pico-sdk/sdk/2.0.0/src/common/pico_time/time.c.obj
 .text.alarm_pool_get_default
                0x10001314       0x2c CMakeFiles/atSampling_Device.dir/C_/Users/ADMIN/.pico-sdk/sdk/2.0.0/src/common/pico_time/time.c.obj
                0x10001314                alarm_pool_get_default
 .text.alarm_pool_add_alarm_at_force_in_context
                0x10001340       0xa4 CMakeFiles/atSampling_Device.dir/C_/Users/ADMIN/.pico-sdk/sdk/2.0.0/src/common/pico_time/time.c.obj
                0x10001340                alarm_pool_add_alarm_at_force_in_context
 .text.alarm_pool_add_alarm_at
                0x100013e4       0x3c CMakeFiles/atSampling_Device.dir/C_/Users/ADMIN/.pico-sdk/sdk/2.0.0/src/common/pico_time/time.c.obj
                0x100013e4                alarm_pool_add_alarm_at
 .text.add_alarm_at
                0x10001420       0x2e CMakeFiles/atSampling_Device.dir/C_/Users/ADMIN/.pico-sdk/sdk/2.0.0/src/common/pico_time/time.c.obj
 *fill*         0x1000144e        0x2 
 .text.alarm_pool_cancel_alarm
                0x10001450       0x78 CMakeFiles/atSampling_Device.dir/C_/Users/ADMIN/.pico-sdk/sdk/2.0.0/src/common/pico_time/time.c.obj
                0x10001450                alarm_pool_cancel_alarm
 .text.cancel_alarm
                0x100014c8       0x10 CMakeFiles/atSampling_Device.dir/C_/Users/ADMIN/.pico-sdk/sdk/2.0.0/src/common/pico_time/time.c.obj
 .text.alarm_pool_core_num
                0x100014d8        0x4 CMakeFiles/atSampling_Device.dir/C_/Users/ADMIN/.pico-sdk/sdk/2.0.0/src/common/pico_time/time.c.obj
                0x100014d8                alarm_pool_core_num
 .text.sleep_until
                0x100014dc       0xc0 CMakeFiles/atSampling_Device.dir/C_/Users/ADMIN/.pico-sdk/sdk/2.0.0/src/common/pico_time/time.c.obj
                0x100014dc                sleep_until
 .text.sleep_us
                0x1000159c       0x24 CMakeFiles/atSampling_Device.dir/C_/Users/ADMIN/.pico-sdk/sdk/2.0.0/src/common/pico_time/time.c.obj
                0x1000159c                sleep_us
 .text.sleep_ms
                0x100015c0       0x14 CMakeFiles/atSampling_Device.dir/C_/Users/ADMIN/.pico-sdk/sdk/2.0.0/src/common/pico_time/time.c.obj
                0x100015c0                sleep_ms
 .text.best_effort_wfe_or_timeout
                0x100015d4       0xc4 CMakeFiles/atSampling_Device.dir/C_/Users/ADMIN/.pico-sdk/sdk/2.0.0/src/common/pico_time/time.c.obj
                0x100015d4                best_effort_wfe_or_timeout
 .text.alarm_pool_get_default_timer
                0x10001698        0x8 CMakeFiles/atSampling_Device.dir/C_/Users/ADMIN/.pico-sdk/sdk/2.0.0/src/common/pico_time/time.c.obj
                0x10001698                alarm_pool_get_default_timer
 .text.runtime_init_default_alarm_pool
                0x100016a0       0x38 CMakeFiles/atSampling_Device.dir/C_/Users/ADMIN/.pico-sdk/sdk/2.0.0/src/common/pico_time/time.c.obj
                0x100016a0                runtime_init_default_alarm_pool
 .text.timer_hardware_alarm_claim
                0x100016d8       0x14 CMakeFiles/atSampling_Device.dir/C_/Users/ADMIN/.pico-sdk/sdk/2.0.0/src/rp2_common/hardware_timer/timer.c.obj
                0x100016d8                timer_hardware_alarm_claim
 .text.timer_time_us_64
                0x100016ec       0x10 CMakeFiles/atSampling_Device.dir/C_/Users/ADMIN/.pico-sdk/sdk/2.0.0/src/rp2_common/hardware_timer/timer.c.obj
                0x100016ec                timer_time_us_64
 .text.timer_busy_wait_until
                0x100016fc       0x1a CMakeFiles/atSampling_Device.dir/C_/Users/ADMIN/.pico-sdk/sdk/2.0.0/src/rp2_common/hardware_timer/timer.c.obj
                0x100016fc                timer_busy_wait_until
 .text.timer_busy_wait_us
                0x10001716       0x38 CMakeFiles/atSampling_Device.dir/C_/Users/ADMIN/.pico-sdk/sdk/2.0.0/src/rp2_common/hardware_timer/timer.c.obj
                0x10001716                timer_busy_wait_us
 *fill*         0x1000174e        0x2 
 .text.time_us_64
                0x10001750       0x10 CMakeFiles/atSampling_Device.dir/C_/Users/ADMIN/.pico-sdk/sdk/2.0.0/src/rp2_common/hardware_timer/timer.c.obj
                0x10001750                time_us_64
 .text.busy_wait_us
                0x10001760       0x14 CMakeFiles/atSampling_Device.dir/C_/Users/ADMIN/.pico-sdk/sdk/2.0.0/src/rp2_common/hardware_timer/timer.c.obj
                0x10001760                busy_wait_us
 .text.busy_wait_until
                0x10001774       0x14 CMakeFiles/atSampling_Device.dir/C_/Users/ADMIN/.pico-sdk/sdk/2.0.0/src/rp2_common/hardware_timer/timer.c.obj
                0x10001774                busy_wait_until
 .text.uart_unreset
                0x10001788       0x2c CMakeFiles/atSampling_Device.dir/C_/Users/ADMIN/.pico-sdk/sdk/2.0.0/src/rp2_common/hardware_uart/uart.c.obj
 .text.uart_disable_before_lcr_write
                0x100017b4       0x48 CMakeFiles/atSampling_Device.dir/C_/Users/ADMIN/.pico-sdk/sdk/2.0.0/src/rp2_common/hardware_uart/uart.c.obj
 .text.uart_write_lcr_bits_masked
                0x100017fc       0x20 CMakeFiles/atSampling_Device.dir/C_/Users/ADMIN/.pico-sdk/sdk/2.0.0/src/rp2_common/hardware_uart/uart.c.obj
 .text.uart_set_baudrate
                0x1000181c       0x5c CMakeFiles/atSampling_Device.dir/C_/Users/ADMIN/.pico-sdk/sdk/2.0.0/src/rp2_common/hardware_uart/uart.c.obj
                0x1000181c                uart_set_baudrate
 .text.uart_set_translate_crlf
                0x10001878       0x28 CMakeFiles/atSampling_Device.dir/C_/Users/ADMIN/.pico-sdk/sdk/2.0.0/src/rp2_common/hardware_uart/uart.c.obj
                0x10001878                uart_set_translate_crlf
 .text.uart_init
                0x100018a0       0x64 CMakeFiles/atSampling_Device.dir/C_/Users/ADMIN/.pico-sdk/sdk/2.0.0/src/rp2_common/hardware_uart/uart.c.obj
                0x100018a0                uart_init
 .text.clock_configure_internal
                0x10001904       0xc4 CMakeFiles/atSampling_Device.dir/C_/Users/ADMIN/.pico-sdk/sdk/2.0.0/src/rp2_common/hardware_clocks/clocks.c.obj
 .text.clock_configure_int_divider
                0x100019c8       0x28 CMakeFiles/atSampling_Device.dir/C_/Users/ADMIN/.pico-sdk/sdk/2.0.0/src/rp2_common/hardware_clocks/clocks.c.obj
                0x100019c8                clock_configure_int_divider
 .text.clock_configure_undivided
                0x100019f0       0x12 CMakeFiles/atSampling_Device.dir/C_/Users/ADMIN/.pico-sdk/sdk/2.0.0/src/rp2_common/hardware_clocks/clocks.c.obj
                0x100019f0                clock_configure_undivided
 *fill*         0x10001a02        0x2 
 .text.clock_get_hz
                0x10001a04        0xc CMakeFiles/atSampling_Device.dir/C_/Users/ADMIN/.pico-sdk/sdk/2.0.0/src/rp2_common/hardware_clocks/clocks.c.obj
                0x10001a04                clock_get_hz
 .text.pll_init
                0x10001a10      0x124 CMakeFiles/atSampling_Device.dir/C_/Users/ADMIN/.pico-sdk/sdk/2.0.0/src/rp2_common/hardware_pll/pll.c.obj
                0x10001a10                pll_init
 .text.watchdog_update
                0x10001b34       0x14 CMakeFiles/atSampling_Device.dir/C_/Users/ADMIN/.pico-sdk/sdk/2.0.0/src/rp2_common/hardware_watchdog/watchdog.c.obj
                0x10001b34                watchdog_update
 .text._watchdog_enable
                0x10001b48       0x7c CMakeFiles/atSampling_Device.dir/C_/Users/ADMIN/.pico-sdk/sdk/2.0.0/src/rp2_common/hardware_watchdog/watchdog.c.obj
                0x10001b48                _watchdog_enable
 .text.watchdog_enable
                0x10001bc4       0x18 CMakeFiles/atSampling_Device.dir/C_/Users/ADMIN/.pico-sdk/sdk/2.0.0/src/rp2_common/hardware_watchdog/watchdog.c.obj
                0x10001bc4                watchdog_enable
 .text.watchdog_reboot
                0x10001bdc       0x48 CMakeFiles/atSampling_Device.dir/C_/Users/ADMIN/.pico-sdk/sdk/2.0.0/src/rp2_common/hardware_watchdog/watchdog.c.obj
                0x10001bdc                watchdog_reboot
 .text.watchdog_caused_reboot
                0x10001c24       0x10 CMakeFiles/atSampling_Device.dir/C_/Users/ADMIN/.pico-sdk/sdk/2.0.0/src/rp2_common/hardware_watchdog/watchdog.c.obj
                0x10001c24                watchdog_caused_reboot
 .text.tick_start
                0x10001c34       0x10 CMakeFiles/atSampling_Device.dir/C_/Users/ADMIN/.pico-sdk/sdk/2.0.0/src/rp2_common/hardware_ticks/ticks.c.obj
                0x10001c34                tick_start
 .text.xosc_init
                0x10001c44       0x28 CMakeFiles/atSampling_Device.dir/C_/Users/ADMIN/.pico-sdk/sdk/2.0.0/src/rp2_common/hardware_xosc/xosc.c.obj
                0x10001c44                xosc_init
 .text.hw_divider_divmod_s32
                0x10001c6c        0xc CMakeFiles/atSampling_Device.dir/C_/Users/ADMIN/.pico-sdk/sdk/2.0.0/src/rp2_common/hardware_divider/divider.S.obj
                0x10001c6c                hw_divider_divmod_s32
 .text.hw_divider_divmod_u32
                0x10001c78        0xc CMakeFiles/atSampling_Device.dir/C_/Users/ADMIN/.pico-sdk/sdk/2.0.0/src/rp2_common/hardware_divider/divider.S.obj
                0x10001c78                hw_divider_divmod_u32
 .text.hw_divider_divmod_return
                0x10001c84        0xc CMakeFiles/atSampling_Device.dir/C_/Users/ADMIN/.pico-sdk/sdk/2.0.0/src/rp2_common/hardware_divider/divider.S.obj
 .text.runtime_run_initializers_from
                0x10001c90       0x18 CMakeFiles/atSampling_Device.dir/C_/Users/ADMIN/.pico-sdk/sdk/2.0.0/src/rp2_common/pico_runtime/runtime.c.obj
 .text.first_per_core_initializer
                0x10001ca8        0x2 CMakeFiles/atSampling_Device.dir/C_/Users/ADMIN/.pico-sdk/sdk/2.0.0/src/rp2_common/pico_runtime/runtime.c.obj
 *fill*         0x10001caa        0x2 
 .text.runtime_run_initializers
                0x10001cac       0x10 CMakeFiles/atSampling_Device.dir/C_/Users/ADMIN/.pico-sdk/sdk/2.0.0/src/rp2_common/pico_runtime/runtime.c.obj
                0x10001cac                runtime_run_initializers
 .text.runtime_init_early_resets
                0x10001cbc       0x2c CMakeFiles/atSampling_Device.dir/C_/Users/ADMIN/.pico-sdk/sdk/2.0.0/src/rp2_common/pico_runtime_init/runtime_init.c.obj
                0x10001cbc                runtime_init_early_resets
 .text.runtime_init_usb_power_down
                0x10001ce8       0x1c CMakeFiles/atSampling_Device.dir/C_/Users/ADMIN/.pico-sdk/sdk/2.0.0/src/rp2_common/pico_runtime_init/runtime_init.c.obj
                0x10001ce8                runtime_init_usb_power_down
 .text.runtime_init_post_clock_resets
                0x10001d04       0x20 CMakeFiles/atSampling_Device.dir/C_/Users/ADMIN/.pico-sdk/sdk/2.0.0/src/rp2_common/pico_runtime_init/runtime_init.c.obj
                0x10001d04                runtime_init_post_clock_resets
 .text.runtime_init_rp2040_gpio_ie_disable
                0x10001d24       0x14 CMakeFiles/atSampling_Device.dir/C_/Users/ADMIN/.pico-sdk/sdk/2.0.0/src/rp2_common/pico_runtime_init/runtime_init.c.obj
                0x10001d24                runtime_init_rp2040_gpio_ie_disable
 .text.runtime_init_spin_locks_reset
                0x10001d38        0x8 CMakeFiles/atSampling_Device.dir/C_/Users/ADMIN/.pico-sdk/sdk/2.0.0/src/rp2_common/pico_runtime_init/runtime_init.c.obj
                0x10001d38                runtime_init_spin_locks_reset
 .text.runtime_init_install_ram_vector_table
                0x10001d40       0x1c CMakeFiles/atSampling_Device.dir/C_/Users/ADMIN/.pico-sdk/sdk/2.0.0/src/rp2_common/pico_runtime_init/runtime_init.c.obj
                0x10001d40                runtime_init_install_ram_vector_table
 .text.start_all_ticks
                0x10001d5c       0x28 CMakeFiles/atSampling_Device.dir/C_/Users/ADMIN/.pico-sdk/sdk/2.0.0/src/rp2_common/pico_runtime_init/runtime_init_clocks.c.obj
 .text.runtime_init_clocks
                0x10001d84       0xcc CMakeFiles/atSampling_Device.dir/C_/Users/ADMIN/.pico-sdk/sdk/2.0.0/src/rp2_common/pico_runtime_init/runtime_init_clocks.c.obj
                0x10001d84                runtime_init_clocks
 .text          0x10001e50       0x10 CMakeFiles/atSampling_Device.dir/C_/Users/ADMIN/.pico-sdk/sdk/2.0.0/src/rp2_common/pico_bit_ops/bit_ops_aeabi.S.obj
 .text.rom_func_lookup
                0x10001e60       0x10 CMakeFiles/atSampling_Device.dir/C_/Users/ADMIN/.pico-sdk/sdk/2.0.0/src/rp2_common/pico_bootrom/bootrom.c.obj
                0x10001e60                rom_func_lookup
 .text.rom_data_lookup
                0x10001e70       0x10 CMakeFiles/atSampling_Device.dir/C_/Users/ADMIN/.pico-sdk/sdk/2.0.0/src/rp2_common/pico_bootrom/bootrom.c.obj
                0x10001e70                rom_data_lookup
 .text.rom_funcs_lookup
                0x10001e80       0x36 CMakeFiles/atSampling_Device.dir/C_/Users/ADMIN/.pico-sdk/sdk/2.0.0/src/rp2_common/pico_bootrom/bootrom.c.obj
                0x10001e80                rom_funcs_lookup
 *fill*         0x10001eb6        0x2 
 .text.rom_reset_usb_boot
                0x10001eb8       0x18 CMakeFiles/atSampling_Device.dir/C_/Users/ADMIN/.pico-sdk/sdk/2.0.0/src/rp2_common/pico_bootrom/bootrom.c.obj
                0x10001eb8                rom_reset_usb_boot
 .text.__wrap___aeabi_idiv
                0x10001ed0       0x50 CMakeFiles/atSampling_Device.dir/C_/Users/ADMIN/.pico-sdk/sdk/2.0.0/src/rp2_common/pico_divider/divider_hardware.S.obj
                0x10001ed0                __wrap___aeabi_idivmod
                0x10001ed0                divmod_s32s32
                0x10001ed0                div_s32s32
                0x10001ed0                __wrap___aeabi_idiv
                0x10001ed8                divmod_s32s32_unsafe
                0x10001f04                divmod_s32s32_savestate
 .text.__wrap___aeabi_uidiv
                0x10001f20       0x4c CMakeFiles/atSampling_Device.dir/C_/Users/ADMIN/.pico-sdk/sdk/2.0.0/src/rp2_common/pico_divider/divider_hardware.S.obj
                0x10001f20                __wrap___aeabi_uidiv
                0x10001f20                __wrap___aeabi_uidivmod
                0x10001f20                div_u32u32
                0x10001f20                divmod_u32u32
                0x10001f28                divmod_u32u32_unsafe
                0x10001f50                divmod_u32u32_savestate
 .text.__wrap___aeabi_ldiv
                0x10001f6c      0x424 CMakeFiles/atSampling_Device.dir/C_/Users/ADMIN/.pico-sdk/sdk/2.0.0/src/rp2_common/pico_divider/divider_hardware.S.obj
                0x10001f6c                div_s64s64
                0x10001f6c                divmod_s64s64
                0x10001f6c                __wrap___aeabi_ldivmod
                0x10001f9c                divmod_u64u64
                0x10001f9c                div_u64u64
                0x10001f9c                __wrap___aeabi_uldivmod
                0x10001fac                divmod_u64u64_savestate
                0x10001fcc                divmod_s64s64_unsafe
                0x10002054                divmod_u64u64_unsafe
 .text.__wrap___aeabi_darithmetic
                0x10002390       0x80 CMakeFiles/atSampling_Device.dir/C_/Users/ADMIN/.pico-sdk/sdk/2.0.0/src/rp2_common/pico_double/double_aeabi_rp2040.S.obj
                0x10002390                __wrap___aeabi_drsub
                0x10002396                __wrap___aeabi_dsub
                0x100023a8                __wrap___aeabi_dadd
                0x100023ba                __wrap___aeabi_ddiv
                0x100023f6                __wrap___aeabi_dmul
 .text.__wrap___aeabi_cdcmple
                0x10002410       0x6c CMakeFiles/atSampling_Device.dir/C_/Users/ADMIN/.pico-sdk/sdk/2.0.0/src/rp2_common/pico_double/double_aeabi_rp2040.S.obj
                0x10002410                __wrap___aeabi_cdrcmple
                0x10002420                __wrap___aeabi_cdcmpeq
                0x10002420                __wrap___aeabi_cdcmple
 .text.__wrap___aeabi_dcmplt
                0x1000247c        0xc CMakeFiles/atSampling_Device.dir/C_/Users/ADMIN/.pico-sdk/sdk/2.0.0/src/rp2_common/pico_double/double_aeabi_rp2040.S.obj
                0x1000247c                __wrap___aeabi_dcmplt
 .text.__wrap___aeabi_dcmple
                0x10002488       0x10 CMakeFiles/atSampling_Device.dir/C_/Users/ADMIN/.pico-sdk/sdk/2.0.0/src/rp2_common/pico_double/double_aeabi_rp2040.S.obj
                0x10002488                __wrap___aeabi_dcmple
 .text.__wrap___aeabi_dcmpge
                0x10002498       0x10 CMakeFiles/atSampling_Device.dir/C_/Users/ADMIN/.pico-sdk/sdk/2.0.0/src/rp2_common/pico_double/double_aeabi_rp2040.S.obj
                0x10002498                __wrap___aeabi_dcmpge
 .text.__wrap___aeabi_dcmpgt
                0x100024a8        0xa CMakeFiles/atSampling_Device.dir/C_/Users/ADMIN/.pico-sdk/sdk/2.0.0/src/rp2_common/pico_double/double_aeabi_rp2040.S.obj
                0x100024a8                __wrap___aeabi_dcmpgt
 .text.__wrap___aeabi_dcmpun
                0x100024b2       0x18 CMakeFiles/atSampling_Device.dir/C_/Users/ADMIN/.pico-sdk/sdk/2.0.0/src/rp2_common/pico_double/double_aeabi_rp2040.S.obj
                0x100024b2                __wrap___aeabi_dcmpun
 *fill*         0x100024ca        0x2 
 .text.__wrap___aeabi_i2d
                0x100024cc       0x38 CMakeFiles/atSampling_Device.dir/C_/Users/ADMIN/.pico-sdk/sdk/2.0.0/src/rp2_common/pico_double/double_aeabi_rp2040.S.obj
                0x100024cc                __wrap___aeabi_ui2d
                0x100024d4                __wrap___aeabi_i2d
 .text.__wrap___aeabi_d2iz
                0x10002504       0x48 CMakeFiles/atSampling_Device.dir/C_/Users/ADMIN/.pico-sdk/sdk/2.0.0/src/rp2_common/pico_double/double_aeabi_rp2040.S.obj
                0x10002504                double2int_z
                0x10002504                __wrap___aeabi_d2iz
 .text.__wrap___aeabi_d2uiz
                0x1000254c       0x18 CMakeFiles/atSampling_Device.dir/C_/Users/ADMIN/.pico-sdk/sdk/2.0.0/src/rp2_common/pico_double/double_aeabi_rp2040.S.obj
                0x1000254c                __wrap___aeabi_d2uiz
                0x1000254c                double2uint
 .text.__aeabi_double_init
                0x10002564       0xcc CMakeFiles/atSampling_Device.dir/C_/Users/ADMIN/.pico-sdk/sdk/2.0.0/src/rp2_common/pico_double/double_init_rom_rp2040.c.obj
                0x10002564                __aeabi_double_init
 .text.double_table_shim_on_use_helper
                0x10002630       0x34 CMakeFiles/atSampling_Device.dir/C_/Users/ADMIN/.pico-sdk/sdk/2.0.0/src/rp2_common/pico_double/double_v1_rom_shim_rp2040.S.obj
                0x10002630                double_table_shim_on_use_helper
 .text.__wrap___aeabi_dsub
                0x10002664       0x10 CMakeFiles/atSampling_Device.dir/C_/Users/ADMIN/.pico-sdk/sdk/2.0.0/src/rp2_common/pico_double/double_v1_rom_shim_rp2040.S.obj
                0x10002664                drsub_shim
                0x1000266a                dsub_shim
 .text.dadd_shim
                0x10002674      0x15c CMakeFiles/atSampling_Device.dir/C_/Users/ADMIN/.pico-sdk/sdk/2.0.0/src/rp2_common/pico_double/double_v1_rom_shim_rp2040.S.obj
                0x10002674                dadd_shim
 .text.dmul_shim
                0x100027d0      0x15c CMakeFiles/atSampling_Device.dir/C_/Users/ADMIN/.pico-sdk/sdk/2.0.0/src/rp2_common/pico_double/double_v1_rom_shim_rp2040.S.obj
                0x100027d0                dmul_shim
 .text.ddiv_shim
                0x1000292c      0x1b0 CMakeFiles/atSampling_Device.dir/C_/Users/ADMIN/.pico-sdk/sdk/2.0.0/src/rp2_common/pico_double/double_v1_rom_shim_rp2040.S.obj
                0x1000292c                ddiv_shim
 .text.double2uint_shim
                0x10002adc        0xe CMakeFiles/atSampling_Device.dir/C_/Users/ADMIN/.pico-sdk/sdk/2.0.0/src/rp2_common/pico_double/double_v1_rom_shim_rp2040.S.obj
                0x10002adc                double2uint_shim
                0x10002ade                double2ufix_shim
 *fill*         0x10002aea        0x2 
 .text.double2uint64_shim
                0x10002aec       0x70 CMakeFiles/atSampling_Device.dir/C_/Users/ADMIN/.pico-sdk/sdk/2.0.0/src/rp2_common/pico_double/double_v1_rom_shim_rp2040.S.obj
                0x10002aec                double2uint64_shim
                0x10002aee                double2ufix64_shim
                0x10002b0e                d2fix_a
 .text.dunpacks
                0x10002b5c       0x3c CMakeFiles/atSampling_Device.dir/C_/Users/ADMIN/.pico-sdk/sdk/2.0.0/src/rp2_common/pico_double/double_v1_rom_shim_rp2040.S.obj
                0x10002b5c                dunpacks
 .text.__aeabi_lmul
                0x10002b98       0x32 CMakeFiles/atSampling_Device.dir/C_/Users/ADMIN/.pico-sdk/sdk/2.0.0/src/rp2_common/pico_int64_ops/pico_int64_ops_aeabi.S.obj
                0x10002b98                __wrap___aeabi_lmul
 *fill*         0x10002bca        0x2 
 .text.__aeabi_float_init
                0x10002bcc       0xfc CMakeFiles/atSampling_Device.dir/C_/Users/ADMIN/.pico-sdk/sdk/2.0.0/src/rp2_common/pico_float/float_init_rom_rp2040.c.obj
                0x10002bcc                __aeabi_float_init
 .text.float_table_shim_on_use_helper
                0x10002cc8       0x34 CMakeFiles/atSampling_Device.dir/C_/Users/ADMIN/.pico-sdk/sdk/2.0.0/src/rp2_common/pico_float/float_v1_rom_shim_rp2040.S.obj
                0x10002cc8                float_table_shim_on_use_helper
 .text          0x10002cfc       0x10 CMakeFiles/atSampling_Device.dir/C_/Users/ADMIN/.pico-sdk/sdk/2.0.0/src/rp2_common/pico_mem_ops/mem_ops_aeabi.S.obj
                0x10002cfc                __aeabi_mem_init
 .text.memset   0x10002d0c        0xc CMakeFiles/atSampling_Device.dir/C_/Users/ADMIN/.pico-sdk/sdk/2.0.0/src/rp2_common/pico_mem_ops/mem_ops_aeabi.S.obj
                0x10002d0c                __wrap_memset
 .text.memcpy   0x10002d18        0xc CMakeFiles/atSampling_Device.dir/C_/Users/ADMIN/.pico-sdk/sdk/2.0.0/src/rp2_common/pico_mem_ops/mem_ops_aeabi.S.obj
                0x10002d18                __wrap_memcpy
                0x10002d18                __wrap___aeabi_memcpy
 .text._out_null
                0x10002d24        0x2 CMakeFiles/atSampling_Device.dir/C_/Users/ADMIN/.pico-sdk/sdk/2.0.0/src/rp2_common/pico_printf/printf.c.obj
 .text._out_fct
                0x10002d26        0xe CMakeFiles/atSampling_Device.dir/C_/Users/ADMIN/.pico-sdk/sdk/2.0.0/src/rp2_common/pico_printf/printf.c.obj
 .text._atoi    0x10002d34       0x24 CMakeFiles/atSampling_Device.dir/C_/Users/ADMIN/.pico-sdk/sdk/2.0.0/src/rp2_common/pico_printf/printf.c.obj
 .text._out_rev
                0x10002d58       0xae CMakeFiles/atSampling_Device.dir/C_/Users/ADMIN/.pico-sdk/sdk/2.0.0/src/rp2_common/pico_printf/printf.c.obj
 .text._ntoa_format
                0x10002e06      0x110 CMakeFiles/atSampling_Device.dir/C_/Users/ADMIN/.pico-sdk/sdk/2.0.0/src/rp2_common/pico_printf/printf.c.obj
 .text._ntoa_long
                0x10002f16       0xbc CMakeFiles/atSampling_Device.dir/C_/Users/ADMIN/.pico-sdk/sdk/2.0.0/src/rp2_common/pico_printf/printf.c.obj
 .text._ntoa_long_long
                0x10002fd2      0x10e CMakeFiles/atSampling_Device.dir/C_/Users/ADMIN/.pico-sdk/sdk/2.0.0/src/rp2_common/pico_printf/printf.c.obj
 .text._etoa    0x100030e0      0x420 CMakeFiles/atSampling_Device.dir/C_/Users/ADMIN/.pico-sdk/sdk/2.0.0/src/rp2_common/pico_printf/printf.c.obj
 .text._ftoa    0x10003500      0x354 CMakeFiles/atSampling_Device.dir/C_/Users/ADMIN/.pico-sdk/sdk/2.0.0/src/rp2_common/pico_printf/printf.c.obj
 .text._vsnprintf
                0x10003854      0x668 CMakeFiles/atSampling_Device.dir/C_/Users/ADMIN/.pico-sdk/sdk/2.0.0/src/rp2_common/pico_printf/printf.c.obj
 .text.vfctprintf
                0x10003ebc       0x20 CMakeFiles/atSampling_Device.dir/C_/Users/ADMIN/.pico-sdk/sdk/2.0.0/src/rp2_common/pico_printf/printf.c.obj
                0x10003ebc                vfctprintf
 .text._exit    0x10003edc        0x4 CMakeFiles/atSampling_Device.dir/C_/Users/ADMIN/.pico-sdk/sdk/2.0.0/src/rp2_common/pico_clib_interface/newlib_interface.c.obj
                0x10003edc                _exit
 .text.exit     0x10003ee0        0x6 CMakeFiles/atSampling_Device.dir/C_/Users/ADMIN/.pico-sdk/sdk/2.0.0/src/rp2_common/pico_clib_interface/newlib_interface.c.obj
                0x10003ee0                exit
 *fill*         0x10003ee6        0x2 
 .text.__assert_func
                0x10003ee8       0x38 CMakeFiles/atSampling_Device.dir/C_/Users/ADMIN/.pico-sdk/sdk/2.0.0/src/rp2_common/pico_clib_interface/newlib_interface.c.obj
                0x10003ee8                __assert_func
 .text.runtime_init
                0x10003f20       0x28 CMakeFiles/atSampling_Device.dir/C_/Users/ADMIN/.pico-sdk/sdk/2.0.0/src/rp2_common/pico_clib_interface/newlib_interface.c.obj
                0x10003f20                runtime_init
 .text.stdio_out_chars_no_crlf
                0x10003f48        0xe CMakeFiles/atSampling_Device.dir/C_/Users/ADMIN/.pico-sdk/sdk/2.0.0/src/rp2_common/pico_stdio/stdio.c.obj
 *fill*         0x10003f56        0x2 
 .text.stdio_out_chars_crlf
                0x10003f58       0x80 CMakeFiles/atSampling_Device.dir/C_/Users/ADMIN/.pico-sdk/sdk/2.0.0/src/rp2_common/pico_stdio/stdio.c.obj
 .text.stdio_stack_buffer_flush
                0x10003fd8       0x44 CMakeFiles/atSampling_Device.dir/C_/Users/ADMIN/.pico-sdk/sdk/2.0.0/src/rp2_common/pico_stdio/stdio.c.obj
 .text.stdio_buffered_printer
                0x1000401c       0x20 CMakeFiles/atSampling_Device.dir/C_/Users/ADMIN/.pico-sdk/sdk/2.0.0/src/rp2_common/pico_stdio/stdio.c.obj
 .text.stdout_serialize_begin
                0x1000403c       0x30 CMakeFiles/atSampling_Device.dir/C_/Users/ADMIN/.pico-sdk/sdk/2.0.0/src/rp2_common/pico_stdio/stdio.c.obj
                0x1000403c                stdout_serialize_begin
 .text.stdout_serialize_end
                0x1000406c       0x10 CMakeFiles/atSampling_Device.dir/C_/Users/ADMIN/.pico-sdk/sdk/2.0.0/src/rp2_common/pico_stdio/stdio.c.obj
                0x1000406c                stdout_serialize_end
 .text.stdio_put_string
                0x1000407c       0x94 CMakeFiles/atSampling_Device.dir/C_/Users/ADMIN/.pico-sdk/sdk/2.0.0/src/rp2_common/pico_stdio/stdio.c.obj
                0x1000407c                stdio_put_string
 .text.stdio_set_driver_enabled
                0x10004110       0x2c CMakeFiles/atSampling_Device.dir/C_/Users/ADMIN/.pico-sdk/sdk/2.0.0/src/rp2_common/pico_stdio/stdio.c.obj
                0x10004110                stdio_set_driver_enabled
 .text.stdio_flush
                0x1000413c       0x20 CMakeFiles/atSampling_Device.dir/C_/Users/ADMIN/.pico-sdk/sdk/2.0.0/src/rp2_common/pico_stdio/stdio.c.obj
                0x1000413c                stdio_flush
 .text.stdio_init_all
                0x1000415c        0x8 CMakeFiles/atSampling_Device.dir/C_/Users/ADMIN/.pico-sdk/sdk/2.0.0/src/rp2_common/pico_stdio/stdio.c.obj
                0x1000415c                stdio_init_all
 .text.__wrap_putchar
                0x10004164       0x1c CMakeFiles/atSampling_Device.dir/C_/Users/ADMIN/.pico-sdk/sdk/2.0.0/src/rp2_common/pico_stdio/stdio.c.obj
                0x10004164                __wrap_putchar
                0x10004164                stdio_putchar
 .text.__wrap_puts
                0x10004180       0x1e CMakeFiles/atSampling_Device.dir/C_/Users/ADMIN/.pico-sdk/sdk/2.0.0/src/rp2_common/pico_stdio/stdio.c.obj
                0x10004180                stdio_puts
                0x10004180                __wrap_puts
 *fill*         0x1000419e        0x2 
 .text.__wrap_vprintf
                0x100041a0       0x40 CMakeFiles/atSampling_Device.dir/C_/Users/ADMIN/.pico-sdk/sdk/2.0.0/src/rp2_common/pico_stdio/stdio.c.obj
                0x100041a0                stdio_vprintf
                0x100041a0                __wrap_vprintf
 .text.__wrap_printf
                0x100041e0       0x18 CMakeFiles/atSampling_Device.dir/C_/Users/ADMIN/.pico-sdk/sdk/2.0.0/src/rp2_common/pico_stdio/stdio.c.obj
                0x100041e0                __wrap_printf
                0x100041e0                stdio_printf
 .text.resetd_init
                0x100041f8        0x2 CMakeFiles/atSampling_Device.dir/C_/Users/ADMIN/.pico-sdk/sdk/2.0.0/src/rp2_common/pico_stdio_usb/reset_interface.c.obj
 *fill*         0x100041fa        0x2 
 .text.resetd_reset
                0x100041fc        0xc CMakeFiles/atSampling_Device.dir/C_/Users/ADMIN/.pico-sdk/sdk/2.0.0/src/rp2_common/pico_stdio_usb/reset_interface.c.obj
 .text.resetd_open
                0x10004208       0x34 CMakeFiles/atSampling_Device.dir/C_/Users/ADMIN/.pico-sdk/sdk/2.0.0/src/rp2_common/pico_stdio_usb/reset_interface.c.obj
 .text.resetd_xfer_cb
                0x1000423c        0x4 CMakeFiles/atSampling_Device.dir/C_/Users/ADMIN/.pico-sdk/sdk/2.0.0/src/rp2_common/pico_stdio_usb/reset_interface.c.obj
 .text.resetd_control_xfer_cb
                0x10004240       0x5c CMakeFiles/atSampling_Device.dir/C_/Users/ADMIN/.pico-sdk/sdk/2.0.0/src/rp2_common/pico_stdio_usb/reset_interface.c.obj
 .text.tud_descriptor_bos_cb
                0x1000429c        0x8 CMakeFiles/atSampling_Device.dir/C_/Users/ADMIN/.pico-sdk/sdk/2.0.0/src/rp2_common/pico_stdio_usb/reset_interface.c.obj
                0x1000429c                tud_descriptor_bos_cb
 .text.tud_vendor_control_xfer_cb
                0x100042a4       0x38 CMakeFiles/atSampling_Device.dir/C_/Users/ADMIN/.pico-sdk/sdk/2.0.0/src/rp2_common/pico_stdio_usb/reset_interface.c.obj
                0x100042a4                tud_vendor_control_xfer_cb
 .text.usbd_app_driver_get_cb
                0x100042dc        0xc CMakeFiles/atSampling_Device.dir/C_/Users/ADMIN/.pico-sdk/sdk/2.0.0/src/rp2_common/pico_stdio_usb/reset_interface.c.obj
                0x100042dc                usbd_app_driver_get_cb
 .text.tud_cdc_line_coding_cb
                0x100042e8       0x28 CMakeFiles/atSampling_Device.dir/C_/Users/ADMIN/.pico-sdk/sdk/2.0.0/src/rp2_common/pico_stdio_usb/reset_interface.c.obj
                0x100042e8                tud_cdc_line_coding_cb
 .text.stdio_usb_set_chars_available_callback
                0x10004310       0x14 CMakeFiles/atSampling_Device.dir/C_/Users/ADMIN/.pico-sdk/sdk/2.0.0/src/rp2_common/pico_stdio_usb/stdio_usb.c.obj
                0x10004310                stdio_usb_set_chars_available_callback
 .text.stdio_usb_out_flush
                0x10004324       0x4c CMakeFiles/atSampling_Device.dir/C_/Users/ADMIN/.pico-sdk/sdk/2.0.0/src/rp2_common/pico_stdio_usb/stdio_usb.c.obj
 .text.usb_irq  0x10004370       0x10 CMakeFiles/atSampling_Device.dir/C_/Users/ADMIN/.pico-sdk/sdk/2.0.0/src/rp2_common/pico_stdio_usb/stdio_usb.c.obj
 .text.critical_section_enter_blocking
                0x10004380       0x16 CMakeFiles/atSampling_Device.dir/C_/Users/ADMIN/.pico-sdk/sdk/2.0.0/src/rp2_common/pico_stdio_usb/stdio_usb.c.obj
 *fill*         0x10004396        0x2 
 .text.timer_task
                0x10004398       0x60 CMakeFiles/atSampling_Device.dir/C_/Users/ADMIN/.pico-sdk/sdk/2.0.0/src/rp2_common/pico_stdio_usb/stdio_usb.c.obj
 .text.alarm_pool_add_alarm_in_us
                0x100043f8       0x40 CMakeFiles/atSampling_Device.dir/C_/Users/ADMIN/.pico-sdk/sdk/2.0.0/src/rp2_common/pico_stdio_usb/stdio_usb.c.obj
 .text.add_alarm_in_us
                0x10004438       0x2e CMakeFiles/atSampling_Device.dir/C_/Users/ADMIN/.pico-sdk/sdk/2.0.0/src/rp2_common/pico_stdio_usb/stdio_usb.c.obj
 *fill*         0x10004466        0x2 
 .text.low_priority_worker_irq
                0x10004468       0xa0 CMakeFiles/atSampling_Device.dir/C_/Users/ADMIN/.pico-sdk/sdk/2.0.0/src/rp2_common/pico_stdio_usb/stdio_usb.c.obj
 .text.stdio_usb_init
                0x10004508       0xdc CMakeFiles/atSampling_Device.dir/C_/Users/ADMIN/.pico-sdk/sdk/2.0.0/src/rp2_common/pico_stdio_usb/stdio_usb.c.obj
                0x10004508                stdio_usb_init
 .text.stdio_usb_connected
                0x100045e4        0xa CMakeFiles/atSampling_Device.dir/C_/Users/ADMIN/.pico-sdk/sdk/2.0.0/src/rp2_common/pico_stdio_usb/stdio_usb.c.obj
                0x100045e4                stdio_usb_connected
 *fill*         0x100045ee        0x2 
 .text.stdio_usb_in_chars
                0x100045f0       0x98 CMakeFiles/atSampling_Device.dir/C_/Users/ADMIN/.pico-sdk/sdk/2.0.0/src/rp2_common/pico_stdio_usb/stdio_usb.c.obj
                0x100045f0                stdio_usb_in_chars
 .text.stdio_usb_out_chars
                0x10004688       0xe8 CMakeFiles/atSampling_Device.dir/C_/Users/ADMIN/.pico-sdk/sdk/2.0.0/src/rp2_common/pico_stdio_usb/stdio_usb.c.obj
 .text.tud_descriptor_device_cb
                0x10004770        0x8 CMakeFiles/atSampling_Device.dir/C_/Users/ADMIN/.pico-sdk/sdk/2.0.0/src/rp2_common/pico_stdio_usb/stdio_usb_descriptors.c.obj
                0x10004770                tud_descriptor_device_cb
 .text.tud_descriptor_configuration_cb
                0x10004778        0x8 CMakeFiles/atSampling_Device.dir/C_/Users/ADMIN/.pico-sdk/sdk/2.0.0/src/rp2_common/pico_stdio_usb/stdio_usb_descriptors.c.obj
                0x10004778                tud_descriptor_configuration_cb
 .text.tud_descriptor_string_cb
                0x10004780       0x6c CMakeFiles/atSampling_Device.dir/C_/Users/ADMIN/.pico-sdk/sdk/2.0.0/src/rp2_common/pico_stdio_usb/stdio_usb_descriptors.c.obj
                0x10004780                tud_descriptor_string_cb
 .text._retrieve_unique_id_on_boot
                0x100047ec       0x10 CMakeFiles/atSampling_Device.dir/C_/Users/ADMIN/.pico-sdk/sdk/2.0.0/src/rp2_common/pico_unique_id/unique_id.c.obj
 .text.pico_get_unique_board_id_string
                0x100047fc       0x5c CMakeFiles/atSampling_Device.dir/C_/Users/ADMIN/.pico-sdk/sdk/2.0.0/src/rp2_common/pico_unique_id/unique_id.c.obj
                0x100047fc                pico_get_unique_board_id_string
 .text.flash_get_unique_id
                0x10004858       0x40 CMakeFiles/atSampling_Device.dir/C_/Users/ADMIN/.pico-sdk/sdk/2.0.0/src/rp2_common/hardware_flash/flash.c.obj
                0x10004858                flash_get_unique_id
 .text._hw_endpoint_alloc
                0x10004898       0x70 CMakeFiles/atSampling_Device.dir/C_/Users/ADMIN/.pico-sdk/sdk/2.0.0/lib/tinyusb/src/portable/raspberrypi/rp2040/dcd_rp2040.c.obj
 .text.hw_endpoint_init
                0x10004908       0xbc CMakeFiles/atSampling_Device.dir/C_/Users/ADMIN/.pico-sdk/sdk/2.0.0/lib/tinyusb/src/portable/raspberrypi/rp2040/dcd_rp2040.c.obj
 .text.hw_endpoint_xfer
                0x100049c4       0x20 CMakeFiles/atSampling_Device.dir/C_/Users/ADMIN/.pico-sdk/sdk/2.0.0/lib/tinyusb/src/portable/raspberrypi/rp2040/dcd_rp2040.c.obj
 .text.dcd_int_enable
                0x100049e4       0x2c CMakeFiles/atSampling_Device.dir/C_/Users/ADMIN/.pico-sdk/sdk/2.0.0/lib/tinyusb/src/portable/raspberrypi/rp2040/dcd_rp2040.c.obj
                0x100049e4                dcd_int_enable
 .text.dcd_set_address
                0x10004a10       0x2c CMakeFiles/atSampling_Device.dir/C_/Users/ADMIN/.pico-sdk/sdk/2.0.0/lib/tinyusb/src/portable/raspberrypi/rp2040/dcd_rp2040.c.obj
                0x10004a10                dcd_set_address
 .text.dcd_connect
                0x10004a3c       0x10 CMakeFiles/atSampling_Device.dir/C_/Users/ADMIN/.pico-sdk/sdk/2.0.0/lib/tinyusb/src/portable/raspberrypi/rp2040/dcd_rp2040.c.obj
                0x10004a3c                dcd_connect
 .text.dcd_init
                0x10004a4c       0x80 CMakeFiles/atSampling_Device.dir/C_/Users/ADMIN/.pico-sdk/sdk/2.0.0/lib/tinyusb/src/portable/raspberrypi/rp2040/dcd_rp2040.c.obj
                0x10004a4c                dcd_init
 .text.dcd_sof_enable
                0x10004acc       0x1c CMakeFiles/atSampling_Device.dir/C_/Users/ADMIN/.pico-sdk/sdk/2.0.0/lib/tinyusb/src/portable/raspberrypi/rp2040/dcd_rp2040.c.obj
                0x10004acc                dcd_sof_enable
 .text.dcd_edpt0_status_complete
                0x10004ae8       0x1c CMakeFiles/atSampling_Device.dir/C_/Users/ADMIN/.pico-sdk/sdk/2.0.0/lib/tinyusb/src/portable/raspberrypi/rp2040/dcd_rp2040.c.obj
                0x10004ae8                dcd_edpt0_status_complete
 .text.dcd_edpt_open
                0x10004b04       0x40 CMakeFiles/atSampling_Device.dir/C_/Users/ADMIN/.pico-sdk/sdk/2.0.0/lib/tinyusb/src/portable/raspberrypi/rp2040/dcd_rp2040.c.obj
                0x10004b04                dcd_edpt_open
 .text.dcd_edpt_close_all
                0x10004b44        0x8 CMakeFiles/atSampling_Device.dir/C_/Users/ADMIN/.pico-sdk/sdk/2.0.0/lib/tinyusb/src/portable/raspberrypi/rp2040/dcd_rp2040.c.obj
                0x10004b44                dcd_edpt_close_all
 .text.dcd_edpt_xfer
                0x10004b4c       0x30 CMakeFiles/atSampling_Device.dir/C_/Users/ADMIN/.pico-sdk/sdk/2.0.0/lib/tinyusb/src/portable/raspberrypi/rp2040/dcd_rp2040.c.obj
                0x10004b4c                dcd_edpt_xfer
 .text.dcd_edpt_stall
                0x10004b7c       0x3c CMakeFiles/atSampling_Device.dir/C_/Users/ADMIN/.pico-sdk/sdk/2.0.0/lib/tinyusb/src/portable/raspberrypi/rp2040/dcd_rp2040.c.obj
                0x10004b7c                dcd_edpt_stall
 .text.dcd_edpt_clear_stall
                0x10004bb8       0x30 CMakeFiles/atSampling_Device.dir/C_/Users/ADMIN/.pico-sdk/sdk/2.0.0/lib/tinyusb/src/portable/raspberrypi/rp2040/dcd_rp2040.c.obj
                0x10004bb8                dcd_edpt_clear_stall
 .text.unaligned_memcpy
                0x10004be8       0x14 CMakeFiles/atSampling_Device.dir/C_/Users/ADMIN/.pico-sdk/sdk/2.0.0/lib/tinyusb/src/portable/raspberrypi/rp2040/rp2040_usb.c.obj
 .text.rp2040_usb_init
                0x10004bfc       0x44 CMakeFiles/atSampling_Device.dir/C_/Users/ADMIN/.pico-sdk/sdk/2.0.0/lib/tinyusb/src/portable/raspberrypi/rp2040/rp2040_usb.c.obj
                0x10004bfc                rp2040_usb_init
 .text.hw_endpoint_xfer_start
                0x10004c40       0x60 CMakeFiles/atSampling_Device.dir/C_/Users/ADMIN/.pico-sdk/sdk/2.0.0/lib/tinyusb/src/portable/raspberrypi/rp2040/rp2040_usb.c.obj
                0x10004c40                hw_endpoint_xfer_start
 .text.configuration_reset
                0x10004ca0       0x84 CMakeFiles/atSampling_Device.dir/C_/Users/ADMIN/.pico-sdk/sdk/2.0.0/lib/tinyusb/src/device/usbd.c.obj
 .text.critical_section_enter_blocking
                0x10004d24       0x16 CMakeFiles/atSampling_Device.dir/C_/Users/ADMIN/.pico-sdk/sdk/2.0.0/lib/tinyusb/src/device/usbd.c.obj
 .text.usbd_reset
                0x10004d3a        0xc CMakeFiles/atSampling_Device.dir/C_/Users/ADMIN/.pico-sdk/sdk/2.0.0/lib/tinyusb/src/device/usbd.c.obj
 .text.invoke_class_control
                0x10004d46       0x1a CMakeFiles/atSampling_Device.dir/C_/Users/ADMIN/.pico-sdk/sdk/2.0.0/lib/tinyusb/src/device/usbd.c.obj
 .text.process_set_config
                0x10004d60      0x1b0 CMakeFiles/atSampling_Device.dir/C_/Users/ADMIN/.pico-sdk/sdk/2.0.0/lib/tinyusb/src/device/usbd.c.obj
 .text.tud_event_hook_cb
                0x10004f10        0x2 CMakeFiles/atSampling_Device.dir/C_/Users/ADMIN/.pico-sdk/sdk/2.0.0/lib/tinyusb/src/device/usbd.c.obj
                0x10004f10                tud_event_hook_cb
 .text.tud_sof_cb
                0x10004f12        0x2 CMakeFiles/atSampling_Device.dir/C_/Users/ADMIN/.pico-sdk/sdk/2.0.0/lib/tinyusb/src/device/usbd.c.obj
                0x10004f12                tud_sof_cb
 .text.tud_descriptor_device_qualifier_cb
                0x10004f14        0x4 CMakeFiles/atSampling_Device.dir/C_/Users/ADMIN/.pico-sdk/sdk/2.0.0/lib/tinyusb/src/device/usbd.c.obj
                0x10004f14                tud_descriptor_device_qualifier_cb
 .text.tud_descriptor_other_speed_configuration_cb
                0x10004f18        0x4 CMakeFiles/atSampling_Device.dir/C_/Users/ADMIN/.pico-sdk/sdk/2.0.0/lib/tinyusb/src/device/usbd.c.obj
                0x10004f18                tud_descriptor_other_speed_configuration_cb
 .text.process_get_descriptor
                0x10004f1c       0xe0 CMakeFiles/atSampling_Device.dir/C_/Users/ADMIN/.pico-sdk/sdk/2.0.0/lib/tinyusb/src/device/usbd.c.obj
 .text.tud_mount_cb
                0x10004ffc        0x2 CMakeFiles/atSampling_Device.dir/C_/Users/ADMIN/.pico-sdk/sdk/2.0.0/lib/tinyusb/src/device/usbd.c.obj
                0x10004ffc                tud_mount_cb
 .text.tud_umount_cb
                0x10004ffe        0x2 CMakeFiles/atSampling_Device.dir/C_/Users/ADMIN/.pico-sdk/sdk/2.0.0/lib/tinyusb/src/device/usbd.c.obj
                0x10004ffe                tud_umount_cb
 .text.tud_suspend_cb
                0x10005000        0x2 CMakeFiles/atSampling_Device.dir/C_/Users/ADMIN/.pico-sdk/sdk/2.0.0/lib/tinyusb/src/device/usbd.c.obj
                0x10005000                tud_suspend_cb
 .text.tud_resume_cb
                0x10005002        0x2 CMakeFiles/atSampling_Device.dir/C_/Users/ADMIN/.pico-sdk/sdk/2.0.0/lib/tinyusb/src/device/usbd.c.obj
                0x10005002                tud_resume_cb
 .text.tud_mounted
                0x10005004       0x10 CMakeFiles/atSampling_Device.dir/C_/Users/ADMIN/.pico-sdk/sdk/2.0.0/lib/tinyusb/src/device/usbd.c.obj
                0x10005004                tud_mounted
 .text.tud_suspended
                0x10005014       0x10 CMakeFiles/atSampling_Device.dir/C_/Users/ADMIN/.pico-sdk/sdk/2.0.0/lib/tinyusb/src/device/usbd.c.obj
                0x10005014                tud_suspended
 .text.tud_inited
                0x10005024       0x14 CMakeFiles/atSampling_Device.dir/C_/Users/ADMIN/.pico-sdk/sdk/2.0.0/lib/tinyusb/src/device/usbd.c.obj
                0x10005024                tud_inited
 .text.tud_init
                0x10005038       0xdc CMakeFiles/atSampling_Device.dir/C_/Users/ADMIN/.pico-sdk/sdk/2.0.0/lib/tinyusb/src/device/usbd.c.obj
                0x10005038                tud_init
 .text.usbd_edpt_open
                0x10005114       0x60 CMakeFiles/atSampling_Device.dir/C_/Users/ADMIN/.pico-sdk/sdk/2.0.0/lib/tinyusb/src/device/usbd.c.obj
                0x10005114                usbd_edpt_open
 .text.usbd_open_edpt_pair
                0x10005174       0x8c CMakeFiles/atSampling_Device.dir/C_/Users/ADMIN/.pico-sdk/sdk/2.0.0/lib/tinyusb/src/device/usbd.c.obj
                0x10005174                usbd_open_edpt_pair
 .text.usbd_edpt_claim
                0x10005200       0x28 CMakeFiles/atSampling_Device.dir/C_/Users/ADMIN/.pico-sdk/sdk/2.0.0/lib/tinyusb/src/device/usbd.c.obj
                0x10005200                usbd_edpt_claim
 .text.usbd_edpt_release
                0x10005228       0x28 CMakeFiles/atSampling_Device.dir/C_/Users/ADMIN/.pico-sdk/sdk/2.0.0/lib/tinyusb/src/device/usbd.c.obj
                0x10005228                usbd_edpt_release
 .text.usbd_edpt_xfer
                0x10005250       0x88 CMakeFiles/atSampling_Device.dir/C_/Users/ADMIN/.pico-sdk/sdk/2.0.0/lib/tinyusb/src/device/usbd.c.obj
                0x10005250                usbd_edpt_xfer
 .text.usbd_edpt_stall
                0x100052d8       0x34 CMakeFiles/atSampling_Device.dir/C_/Users/ADMIN/.pico-sdk/sdk/2.0.0/lib/tinyusb/src/device/usbd.c.obj
                0x100052d8                usbd_edpt_stall
 .text.usbd_edpt_clear_stall
                0x1000530c       0x34 CMakeFiles/atSampling_Device.dir/C_/Users/ADMIN/.pico-sdk/sdk/2.0.0/lib/tinyusb/src/device/usbd.c.obj
                0x1000530c                usbd_edpt_clear_stall
 .text.usbd_edpt_stalled
                0x10005340       0x1c CMakeFiles/atSampling_Device.dir/C_/Users/ADMIN/.pico-sdk/sdk/2.0.0/lib/tinyusb/src/device/usbd.c.obj
                0x10005340                usbd_edpt_stalled
 .text.process_control_request
                0x1000535c      0x390 CMakeFiles/atSampling_Device.dir/C_/Users/ADMIN/.pico-sdk/sdk/2.0.0/lib/tinyusb/src/device/usbd.c.obj
 .text.tud_task_ext
                0x100056ec      0x1c8 CMakeFiles/atSampling_Device.dir/C_/Users/ADMIN/.pico-sdk/sdk/2.0.0/lib/tinyusb/src/device/usbd.c.obj
                0x100056ec                tud_task_ext
 .text._status_stage_xact
                0x100058b4       0x1a CMakeFiles/atSampling_Device.dir/C_/Users/ADMIN/.pico-sdk/sdk/2.0.0/lib/tinyusb/src/device/usbd_control.c.obj
 *fill*         0x100058ce        0x2 
 .text._data_stage_xact
                0x100058d0       0x60 CMakeFiles/atSampling_Device.dir/C_/Users/ADMIN/.pico-sdk/sdk/2.0.0/lib/tinyusb/src/device/usbd_control.c.obj
 .text.tud_control_status
                0x10005930       0x28 CMakeFiles/atSampling_Device.dir/C_/Users/ADMIN/.pico-sdk/sdk/2.0.0/lib/tinyusb/src/device/usbd_control.c.obj
                0x10005930                tud_control_status
 .text.tud_control_xfer
                0x10005958       0x98 CMakeFiles/atSampling_Device.dir/C_/Users/ADMIN/.pico-sdk/sdk/2.0.0/lib/tinyusb/src/device/usbd_control.c.obj
                0x10005958                tud_control_xfer
 .text.usbd_control_reset
                0x100059f0       0x14 CMakeFiles/atSampling_Device.dir/C_/Users/ADMIN/.pico-sdk/sdk/2.0.0/lib/tinyusb/src/device/usbd_control.c.obj
                0x100059f0                usbd_control_reset
 .text.usbd_control_set_complete_callback
                0x10005a04        0xc CMakeFiles/atSampling_Device.dir/C_/Users/ADMIN/.pico-sdk/sdk/2.0.0/lib/tinyusb/src/device/usbd_control.c.obj
                0x10005a04                usbd_control_set_complete_callback
 .text.usbd_control_set_request
                0x10005a10       0x1c CMakeFiles/atSampling_Device.dir/C_/Users/ADMIN/.pico-sdk/sdk/2.0.0/lib/tinyusb/src/device/usbd_control.c.obj
                0x10005a10                usbd_control_set_request
 .text.usbd_control_xfer_cb
                0x10005a2c       0xe0 CMakeFiles/atSampling_Device.dir/C_/Users/ADMIN/.pico-sdk/sdk/2.0.0/lib/tinyusb/src/device/usbd_control.c.obj
                0x10005a2c                usbd_control_xfer_cb
 .text._prep_out_transaction
                0x10005b0c       0x72 CMakeFiles/atSampling_Device.dir/C_/Users/ADMIN/.pico-sdk/sdk/2.0.0/lib/tinyusb/src/class/cdc/cdc_device.c.obj
 *fill*         0x10005b7e        0x2 
 .text.tud_cdc_n_connected
                0x10005b80       0x38 CMakeFiles/atSampling_Device.dir/C_/Users/ADMIN/.pico-sdk/sdk/2.0.0/lib/tinyusb/src/class/cdc/cdc_device.c.obj
                0x10005b80                tud_cdc_n_connected
 .text.tud_cdc_n_available
                0x10005bb8       0x18 CMakeFiles/atSampling_Device.dir/C_/Users/ADMIN/.pico-sdk/sdk/2.0.0/lib/tinyusb/src/class/cdc/cdc_device.c.obj
                0x10005bb8                tud_cdc_n_available
 .text.tud_cdc_n_read
                0x10005bd0       0x38 CMakeFiles/atSampling_Device.dir/C_/Users/ADMIN/.pico-sdk/sdk/2.0.0/lib/tinyusb/src/class/cdc/cdc_device.c.obj
                0x10005bd0                tud_cdc_n_read
 .text.tud_cdc_n_write_flush
                0x10005c08       0xcc CMakeFiles/atSampling_Device.dir/C_/Users/ADMIN/.pico-sdk/sdk/2.0.0/lib/tinyusb/src/class/cdc/cdc_device.c.obj
                0x10005c08                tud_cdc_n_write_flush
 .text.tud_cdc_n_write
                0x10005cd4       0x48 CMakeFiles/atSampling_Device.dir/C_/Users/ADMIN/.pico-sdk/sdk/2.0.0/lib/tinyusb/src/class/cdc/cdc_device.c.obj
                0x10005cd4                tud_cdc_n_write
 .text.tud_cdc_n_write_available
                0x10005d1c       0x1c CMakeFiles/atSampling_Device.dir/C_/Users/ADMIN/.pico-sdk/sdk/2.0.0/lib/tinyusb/src/class/cdc/cdc_device.c.obj
                0x10005d1c                tud_cdc_n_write_available
 .text.cdcd_init
                0x10005d38       0xc0 CMakeFiles/atSampling_Device.dir/C_/Users/ADMIN/.pico-sdk/sdk/2.0.0/lib/tinyusb/src/class/cdc/cdc_device.c.obj
                0x10005d38                cdcd_init
 .text.cdcd_deinit
                0x10005df8       0x50 CMakeFiles/atSampling_Device.dir/C_/Users/ADMIN/.pico-sdk/sdk/2.0.0/lib/tinyusb/src/class/cdc/cdc_device.c.obj
                0x10005df8                cdcd_deinit
 .text.cdcd_reset
                0x10005e48       0x78 CMakeFiles/atSampling_Device.dir/C_/Users/ADMIN/.pico-sdk/sdk/2.0.0/lib/tinyusb/src/class/cdc/cdc_device.c.obj
                0x10005e48                cdcd_reset
 .text.cdcd_open
                0x10005ec0       0xf0 CMakeFiles/atSampling_Device.dir/C_/Users/ADMIN/.pico-sdk/sdk/2.0.0/lib/tinyusb/src/class/cdc/cdc_device.c.obj
                0x10005ec0                cdcd_open
 .text.cdcd_control_xfer_cb
                0x10005fb0      0x138 CMakeFiles/atSampling_Device.dir/C_/Users/ADMIN/.pico-sdk/sdk/2.0.0/lib/tinyusb/src/class/cdc/cdc_device.c.obj
                0x10005fb0                cdcd_control_xfer_cb
 .text.cdcd_xfer_cb
                0x100060e8      0x144 CMakeFiles/atSampling_Device.dir/C_/Users/ADMIN/.pico-sdk/sdk/2.0.0/lib/tinyusb/src/class/cdc/cdc_device.c.obj
                0x100060e8                cdcd_xfer_cb
 .text._prep_out_transaction
                0x1000622c       0x3a CMakeFiles/atSampling_Device.dir/C_/Users/ADMIN/.pico-sdk/sdk/2.0.0/lib/tinyusb/src/class/vendor/vendor_device.c.obj
 *fill*         0x10006266        0x2 
 .text.tud_vendor_n_write_flush
                0x10006268       0xcc CMakeFiles/atSampling_Device.dir/C_/Users/ADMIN/.pico-sdk/sdk/2.0.0/lib/tinyusb/src/class/vendor/vendor_device.c.obj
                0x10006268                tud_vendor_n_write_flush
 .text.vendord_init
                0x10006334       0xa0 CMakeFiles/atSampling_Device.dir/C_/Users/ADMIN/.pico-sdk/sdk/2.0.0/lib/tinyusb/src/class/vendor/vendor_device.c.obj
                0x10006334                vendord_init
 .text.vendord_deinit
                0x100063d4       0x50 CMakeFiles/atSampling_Device.dir/C_/Users/ADMIN/.pico-sdk/sdk/2.0.0/lib/tinyusb/src/class/vendor/vendor_device.c.obj
                0x100063d4                vendord_deinit
 .text.vendord_reset
                0x10006424       0x38 CMakeFiles/atSampling_Device.dir/C_/Users/ADMIN/.pico-sdk/sdk/2.0.0/lib/tinyusb/src/class/vendor/vendor_device.c.obj
                0x10006424                vendord_reset
 .text.vendord_open
                0x1000645c       0xd0 CMakeFiles/atSampling_Device.dir/C_/Users/ADMIN/.pico-sdk/sdk/2.0.0/lib/tinyusb/src/class/vendor/vendor_device.c.obj
                0x1000645c                vendord_open
 .text.vendord_xfer_cb
                0x1000652c       0xc8 CMakeFiles/atSampling_Device.dir/C_/Users/ADMIN/.pico-sdk/sdk/2.0.0/lib/tinyusb/src/class/vendor/vendor_device.c.obj
                0x1000652c                vendord_xfer_cb
 .text.tusb_init
                0x100065f4       0x24 CMakeFiles/atSampling_Device.dir/C_/Users/ADMIN/.pico-sdk/sdk/2.0.0/lib/tinyusb/src/tusb.c.obj
                0x100065f4                tusb_init
 .text.tu_edpt_claim
                0x10006618       0x50 CMakeFiles/atSampling_Device.dir/C_/Users/ADMIN/.pico-sdk/sdk/2.0.0/lib/tinyusb/src/tusb.c.obj
                0x10006618                tu_edpt_claim
 .text.tu_edpt_release
                0x10006668       0x38 CMakeFiles/atSampling_Device.dir/C_/Users/ADMIN/.pico-sdk/sdk/2.0.0/lib/tinyusb/src/tusb.c.obj
                0x10006668                tu_edpt_release
 .text.tu_edpt_validate
                0x100066a0       0xac CMakeFiles/atSampling_Device.dir/C_/Users/ADMIN/.pico-sdk/sdk/2.0.0/lib/tinyusb/src/tusb.c.obj
                0x100066a0                tu_edpt_validate
 .text.tu_edpt_bind_driver
                0x1000674c       0x26 CMakeFiles/atSampling_Device.dir/C_/Users/ADMIN/.pico-sdk/sdk/2.0.0/lib/tinyusb/src/tusb.c.obj
                0x1000674c                tu_edpt_bind_driver
 .text.advance_index
                0x10006772       0x1a CMakeFiles/atSampling_Device.dir/C_/Users/ADMIN/.pico-sdk/sdk/2.0.0/lib/tinyusb/src/common/tusb_fifo.c.obj
 .text._tu_fifo_peek
                0x1000678c       0x56 CMakeFiles/atSampling_Device.dir/C_/Users/ADMIN/.pico-sdk/sdk/2.0.0/lib/tinyusb/src/common/tusb_fifo.c.obj
 .text._ff_pull_n
                0x100067e2       0x68 CMakeFiles/atSampling_Device.dir/C_/Users/ADMIN/.pico-sdk/sdk/2.0.0/lib/tinyusb/src/common/tusb_fifo.c.obj
 .text._tu_fifo_peek_n
                0x1000684a       0x6a CMakeFiles/atSampling_Device.dir/C_/Users/ADMIN/.pico-sdk/sdk/2.0.0/lib/tinyusb/src/common/tusb_fifo.c.obj
 .text._tu_fifo_read_n
                0x100068b4       0x4e CMakeFiles/atSampling_Device.dir/C_/Users/ADMIN/.pico-sdk/sdk/2.0.0/lib/tinyusb/src/common/tusb_fifo.c.obj
 .text._ff_push_n
                0x10006902       0x68 CMakeFiles/atSampling_Device.dir/C_/Users/ADMIN/.pico-sdk/sdk/2.0.0/lib/tinyusb/src/common/tusb_fifo.c.obj
 .text._tu_fifo_write_n
                0x1000696a       0xf0 CMakeFiles/atSampling_Device.dir/C_/Users/ADMIN/.pico-sdk/sdk/2.0.0/lib/tinyusb/src/common/tusb_fifo.c.obj
 .text.tu_fifo_config
                0x10006a5a       0x7c CMakeFiles/atSampling_Device.dir/C_/Users/ADMIN/.pico-sdk/sdk/2.0.0/lib/tinyusb/src/common/tusb_fifo.c.obj
                0x10006a5a                tu_fifo_config
 .text.tu_fifo_count
                0x10006ad6       0x2a CMakeFiles/atSampling_Device.dir/C_/Users/ADMIN/.pico-sdk/sdk/2.0.0/lib/tinyusb/src/common/tusb_fifo.c.obj
                0x10006ad6                tu_fifo_count
 .text.tu_fifo_empty
                0x10006b00        0xe CMakeFiles/atSampling_Device.dir/C_/Users/ADMIN/.pico-sdk/sdk/2.0.0/lib/tinyusb/src/common/tusb_fifo.c.obj
                0x10006b00                tu_fifo_empty
 .text.tu_fifo_full
                0x10006b0e       0x28 CMakeFiles/atSampling_Device.dir/C_/Users/ADMIN/.pico-sdk/sdk/2.0.0/lib/tinyusb/src/common/tusb_fifo.c.obj
                0x10006b0e                tu_fifo_full
 .text.tu_fifo_remaining
                0x10006b36       0x2c CMakeFiles/atSampling_Device.dir/C_/Users/ADMIN/.pico-sdk/sdk/2.0.0/lib/tinyusb/src/common/tusb_fifo.c.obj
                0x10006b36                tu_fifo_remaining
 .text.tu_fifo_read
                0x10006b62       0x42 CMakeFiles/atSampling_Device.dir/C_/Users/ADMIN/.pico-sdk/sdk/2.0.0/lib/tinyusb/src/common/tusb_fifo.c.obj
                0x10006b62                tu_fifo_read
 .text.tu_fifo_read_n
                0x10006ba4        0xa CMakeFiles/atSampling_Device.dir/C_/Users/ADMIN/.pico-sdk/sdk/2.0.0/lib/tinyusb/src/common/tusb_fifo.c.obj
                0x10006ba4                tu_fifo_read_n
 .text.tu_fifo_write
                0x10006bae       0x64 CMakeFiles/atSampling_Device.dir/C_/Users/ADMIN/.pico-sdk/sdk/2.0.0/lib/tinyusb/src/common/tusb_fifo.c.obj
                0x10006bae                tu_fifo_write
 .text.tu_fifo_write_n
                0x10006c12        0xa CMakeFiles/atSampling_Device.dir/C_/Users/ADMIN/.pico-sdk/sdk/2.0.0/lib/tinyusb/src/common/tusb_fifo.c.obj
                0x10006c12                tu_fifo_write_n
 .text.tu_fifo_clear
                0x10006c1c       0x3e CMakeFiles/atSampling_Device.dir/C_/Users/ADMIN/.pico-sdk/sdk/2.0.0/lib/tinyusb/src/common/tusb_fifo.c.obj
                0x10006c1c                tu_fifo_clear
 .text.tu_fifo_set_overwritable
                0x10006c5a       0x46 CMakeFiles/atSampling_Device.dir/C_/Users/ADMIN/.pico-sdk/sdk/2.0.0/lib/tinyusb/src/common/tusb_fifo.c.obj
                0x10006c5a                tu_fifo_set_overwritable
 .text.i2c_unreset
                0x10006ca0       0x2c CMakeFiles/atSampling_Device.dir/C_/Users/ADMIN/.pico-sdk/sdk/2.0.0/src/rp2_common/hardware_i2c/i2c.c.obj
 .text.i2c_set_baudrate
                0x10006ccc       0xf0 CMakeFiles/atSampling_Device.dir/C_/Users/ADMIN/.pico-sdk/sdk/2.0.0/src/rp2_common/hardware_i2c/i2c.c.obj
                0x10006ccc                i2c_set_baudrate
 .text.i2c_init
                0x10006dbc       0x54 CMakeFiles/atSampling_Device.dir/C_/Users/ADMIN/.pico-sdk/sdk/2.0.0/src/rp2_common/hardware_i2c/i2c.c.obj
                0x10006dbc                i2c_init
 .text.pio_get_default_sm_config
                0x10006e10       0x28 CMakeFiles/atSampling_Device.dir/C_/Users/ADMIN/.pico-sdk/sdk/2.0.0/src/rp2_common/hardware_pio/pio.c.obj
 .text.is_program_gpio_compatible
                0x10006e38        0x4 CMakeFiles/atSampling_Device.dir/C_/Users/ADMIN/.pico-sdk/sdk/2.0.0/src/rp2_common/hardware_pio/pio.c.obj
 .text.add_program_at_offset_check
                0x10006e3c       0x64 CMakeFiles/atSampling_Device.dir/C_/Users/ADMIN/.pico-sdk/sdk/2.0.0/src/rp2_common/hardware_pio/pio.c.obj
 .text.add_program_at_offset
                0x10006ea0       0x60 CMakeFiles/atSampling_Device.dir/C_/Users/ADMIN/.pico-sdk/sdk/2.0.0/src/rp2_common/hardware_pio/pio.c.obj
 .text.find_offset_for_program
                0x10006f00       0x7c CMakeFiles/atSampling_Device.dir/C_/Users/ADMIN/.pico-sdk/sdk/2.0.0/src/rp2_common/hardware_pio/pio.c.obj
 .text.pio_add_program
                0x10006f7c       0x30 CMakeFiles/atSampling_Device.dir/C_/Users/ADMIN/.pico-sdk/sdk/2.0.0/src/rp2_common/hardware_pio/pio.c.obj
                0x10006f7c                pio_add_program
 .text.pio_sm_set_consecutive_pindirs
                0x10006fac       0xb4 CMakeFiles/atSampling_Device.dir/C_/Users/ADMIN/.pico-sdk/sdk/2.0.0/src/rp2_common/hardware_pio/pio.c.obj
                0x10006fac                pio_sm_set_consecutive_pindirs
 .text.pio_sm_init
                0x10007060       0xb4 CMakeFiles/atSampling_Device.dir/C_/Users/ADMIN/.pico-sdk/sdk/2.0.0/src/rp2_common/hardware_pio/pio.c.obj
                0x10007060                pio_sm_init
 .text.strlen   0x10007114       0x5c C:/Users/ADMIN/.pico-sdk/toolchain/13_2_Rel1/bin/../lib/gcc/arm-none-eabi/13.2.1/thumb/v6-m/nofp\libg.a(libc_a-strlen-stub.o)
                0x10007114                strlen
 *(.fini)
 .fini          0x10007170        0x4 C:/Users/ADMIN/.pico-sdk/toolchain/13_2_Rel1/bin/../lib/gcc/arm-none-eabi/13.2.1/thumb/v6-m/nofp/crti.o
                0x10007170                _fini
 *fill*         0x10007174        0x4 
 .fini.__stub   0x10007178       0xd0 linker stubs
 *crtbegin.o(.ctors)
 *crtbegin?.o(.ctors)
 *(EXCLUDE_FILE(*crtend.o *crtend?.o) .ctors)
 *(SORT_BY_NAME(.ctors.*))
 *(.ctors)
 *crtbegin.o(.dtors)
 *crtbegin?.o(.dtors)
 *(EXCLUDE_FILE(*crtend.o *crtend?.o) .dtors)
 *(SORT_BY_NAME(.dtors.*))
 *(.dtors)
                0x10007248                        . = ALIGN (0x4)
                0x10007248                        PROVIDE (__preinit_array_start = .)
 *(SORT_BY_NAME(.preinit_array.*))
 .preinit_array.00100
                0x10007248        0x4 CMakeFiles/atSampling_Device.dir/C_/Users/ADMIN/.pico-sdk/sdk/2.0.0/src/rp2_common/pico_runtime_init/runtime_init.c.obj
                0x10007248                __pre_init_runtime_init_early_resets
 .preinit_array.00101
                0x1000724c        0x4 CMakeFiles/atSampling_Device.dir/C_/Users/ADMIN/.pico-sdk/sdk/2.0.0/src/rp2_common/pico_runtime_init/runtime_init.c.obj
                0x1000724c                __pre_init_runtime_init_usb_power_down
 .preinit_array.00275
                0x10007250        0x4 CMakeFiles/atSampling_Device.dir/C_/Users/ADMIN/.pico-sdk/sdk/2.0.0/src/rp2_common/pico_bit_ops/bit_ops_aeabi.S.obj
 .preinit_array.00300
                0x10007254        0x4 CMakeFiles/atSampling_Device.dir/C_/Users/ADMIN/.pico-sdk/sdk/2.0.0/src/rp2_common/pico_mem_ops/mem_ops_aeabi.S.obj
 .preinit_array.00350
                0x10007258        0x4 CMakeFiles/atSampling_Device.dir/C_/Users/ADMIN/.pico-sdk/sdk/2.0.0/src/rp2_common/pico_double/double_aeabi_rp2040.S.obj
 .preinit_array.00350
                0x1000725c        0x4 CMakeFiles/atSampling_Device.dir/C_/Users/ADMIN/.pico-sdk/sdk/2.0.0/src/rp2_common/pico_float/float_aeabi_rp2040.S.obj
 .preinit_array.00500
                0x10007260        0x4 CMakeFiles/atSampling_Device.dir/C_/Users/ADMIN/.pico-sdk/sdk/2.0.0/src/rp2_common/pico_runtime_init/runtime_init.c.obj
                0x10007260                __pre_init_runtime_init_clocks
 .preinit_array.00600
                0x10007264        0x4 CMakeFiles/atSampling_Device.dir/C_/Users/ADMIN/.pico-sdk/sdk/2.0.0/src/rp2_common/pico_runtime_init/runtime_init.c.obj
                0x10007264                __pre_init_runtime_init_post_clock_resets
 .preinit_array.00700
                0x10007268        0x4 CMakeFiles/atSampling_Device.dir/C_/Users/ADMIN/.pico-sdk/sdk/2.0.0/src/rp2_common/pico_runtime_init/runtime_init.c.obj
                0x10007268                __pre_init_runtime_init_rp2040_gpio_ie_disable
 .preinit_array.01000
                0x1000726c        0x4 CMakeFiles/atSampling_Device.dir/C_/Users/ADMIN/.pico-sdk/sdk/2.0.0/src/rp2_common/pico_runtime_init/runtime_init.c.obj
                0x1000726c                __pre_init_runtime_init_spin_locks_reset
 .preinit_array.01100
                0x10007270        0x4 CMakeFiles/atSampling_Device.dir/C_/Users/ADMIN/.pico-sdk/sdk/2.0.0/src/common/pico_sync/mutex.c.obj
                0x10007270                __pre_init_runtime_init_mutex
 .preinit_array.10080
                0x10007274        0x4 CMakeFiles/atSampling_Device.dir/C_/Users/ADMIN/.pico-sdk/sdk/2.0.0/src/rp2_common/pico_runtime_init/runtime_init.c.obj
                0x10007274                __pre_init_runtime_init_install_ram_vector_table
 .preinit_array.11000
                0x10007278        0x4 CMakeFiles/atSampling_Device.dir/C_/Users/ADMIN/.pico-sdk/sdk/2.0.0/src/common/pico_time/time.c.obj
                0x10007278                __pre_init_runtime_init_default_alarm_pool
 .preinit_array.YYYYY
                0x1000727c        0x4 CMakeFiles/atSampling_Device.dir/C_/Users/ADMIN/.pico-sdk/sdk/2.0.0/src/rp2_common/pico_runtime/runtime.c.obj
                0x1000727c                __pre_init_first_per_core_initializer
 .preinit_array.ZZZZZ.01200
                0x10007280        0x4 CMakeFiles/atSampling_Device.dir/C_/Users/ADMIN/.pico-sdk/sdk/2.0.0/src/rp2_common/hardware_irq/irq.c.obj
                0x10007280                __pre_init_runtime_init_per_core_irq_priorities
 *(.preinit_array)
                0x10007284                        PROVIDE (__preinit_array_end = .)
                0x10007284                        . = ALIGN (0x4)
                0x10007284                        PROVIDE (__init_array_start = .)
 *(SORT_BY_NAME(.init_array.*))
 *(.init_array)
 .init_array    0x10007284        0x4 C:/Users/ADMIN/.pico-sdk/toolchain/13_2_Rel1/bin/../lib/gcc/arm-none-eabi/13.2.1/thumb/v6-m/nofp/crtbegin.o
 .init_array    0x10007288        0x4 CMakeFiles/atSampling_Device.dir/atSampling_Device.cpp.obj
 .init_array    0x1000728c        0x4 CMakeFiles/atSampling_Device.dir/C_/Users/ADMIN/.pico-sdk/sdk/2.0.0/src/rp2_common/pico_unique_id/unique_id.c.obj
                0x10007290                        PROVIDE (__init_array_end = .)
                0x10007290                        . = ALIGN (0x4)
                [!provide]                        PROVIDE (__fini_array_start = .)
 *(SORT_BY_NAME(.fini_array.*))
 *(.fini_array)
                [!provide]                        PROVIDE (__fini_array_end = .)
 *(.eh_frame*)
 .eh_frame      0x10007290        0x0 C:/Users/ADMIN/.pico-sdk/toolchain/13_2_Rel1/bin/../lib/gcc/arm-none-eabi/13.2.1/thumb/v6-m/nofp/crtbegin.o
                0x10007290                        . = ALIGN (0x4)

.glue_7         0x10007290        0x0
 .glue_7        0x10007290        0x0 linker stubs

.glue_7t        0x10007290        0x0
 .glue_7t       0x10007290        0x0 linker stubs

.vfp11_veneer   0x10007290        0x0
 .vfp11_veneer  0x10007290        0x0 linker stubs

.v4_bx          0x10007290        0x0
 .v4_bx         0x10007290        0x0 linker stubs

.iplt           0x10007290        0x0
 .iplt          0x10007290        0x0 C:/Users/ADMIN/.pico-sdk/toolchain/13_2_Rel1/bin/../lib/gcc/arm-none-eabi/13.2.1/thumb/v6-m/nofp/crtbegin.o

.rodata         0x10007290     0x1640
 *(EXCLUDE_FILE(*libm.a: *libc.a:*lib_a-mem*.o *libgcc.a:) .rodata*)
 .rodata._ZN11ApplicationC2Ev.str1.4
                0x10007290      0xdf5 CMakeFiles/atSampling_Device.dir/atSampling_Device.cpp.obj
                                 0x11 (size before relaxing)
 .rodata._ZN11Application24State_Application_StringEv.str1.4
                0x10008085       0x6c CMakeFiles/atSampling_Device.dir/atSampling_Device.cpp.obj
 *fill*         0x10008085        0x3 
 .rodata._ZN11Application24State_Application_StringEv
                0x10008088       0x18 CMakeFiles/atSampling_Device.dir/atSampling_Device.cpp.obj
 .rodata._ZN11Application11InformationEv.str1.4
                0x100080a0       0x10 CMakeFiles/atSampling_Device.dir/atSampling_Device.cpp.obj
 .rodata._ZN11Application15Run_ApplicationEb
                0x100080a0       0x18 CMakeFiles/atSampling_Device.dir/atSampling_Device.cpp.obj
 .rodata._ZN7App_ABCC2Ev.str1.4
                0x100080b8       0x10 CMakeFiles/atSampling_Device.dir/atSampling_Device.cpp.obj
 .rodata._Z17blink_pin_foreverP8pio_hw_tjjjj.str1.4
                0x100080b8       0x1a CMakeFiles/atSampling_Device.dir/atSampling_Device.cpp.obj
 .rodata.main.str1.4
                0x100080b8       0x8e CMakeFiles/atSampling_Device.dir/atSampling_Device.cpp.obj
 .rodata._ZL13blink_program
                0x100080b8        0x8 CMakeFiles/atSampling_Device.dir/atSampling_Device.cpp.obj
 .rodata._ZL26blink_program_instructions
                0x100080c0       0x10 CMakeFiles/atSampling_Device.dir/atSampling_Device.cpp.obj
 .rodata.rp2040_chip_version.str1.4
                0x100080d0       0x7d CMakeFiles/atSampling_Device.dir/C_/Users/ADMIN/.pico-sdk/sdk/2.0.0/src/rp2040/pico_platform/platform.c.obj
 .rodata.__func__.0
                0x100080d0       0x14 CMakeFiles/atSampling_Device.dir/C_/Users/ADMIN/.pico-sdk/sdk/2.0.0/src/rp2040/pico_platform/platform.c.obj
 .rodata.panic.str1.4
                0x100080e4       0x12 CMakeFiles/atSampling_Device.dir/C_/Users/ADMIN/.pico-sdk/sdk/2.0.0/src/rp2_common/pico_platform_panic/panic.c.obj
 .rodata.spin_lock_claim_unused.str1.4
                0x100080e4       0x1b CMakeFiles/atSampling_Device.dir/C_/Users/ADMIN/.pico-sdk/sdk/2.0.0/src/rp2_common/hardware_sync/sync.c.obj
 .rodata.resolve_j_16.str1.4
                0x100080e4       0x5d CMakeFiles/atSampling_Device.dir/C_/Users/ADMIN/.pico-sdk/sdk/2.0.0/src/rp2_common/hardware_irq/irq.c.obj
 .rodata.make_j_16.str1.4
                0x100080e4       0x30 CMakeFiles/atSampling_Device.dir/C_/Users/ADMIN/.pico-sdk/sdk/2.0.0/src/rp2_common/hardware_irq/irq.c.obj
 .rodata.irq_set_exclusive_handler.str1.4
                0x100080e4       0x36 CMakeFiles/atSampling_Device.dir/C_/Users/ADMIN/.pico-sdk/sdk/2.0.0/src/rp2_common/hardware_irq/irq.c.obj
 .rodata.irq_add_shared_handler.str1.4
                0x100080e4       0xd2 CMakeFiles/atSampling_Device.dir/C_/Users/ADMIN/.pico-sdk/sdk/2.0.0/src/rp2_common/hardware_irq/irq.c.obj
 .rodata.irq_add_tail_to_free_list.str1.4
                0x100080e4       0x3a CMakeFiles/atSampling_Device.dir/C_/Users/ADMIN/.pico-sdk/sdk/2.0.0/src/rp2_common/hardware_irq/irq.c.obj
 .rodata.user_irq_claim_unused.str1.4
                0x100080e4       0x1b CMakeFiles/atSampling_Device.dir/C_/Users/ADMIN/.pico-sdk/sdk/2.0.0/src/rp2_common/hardware_irq/irq.c.obj
 .rodata.__func__.0
                0x100080e4       0x1a CMakeFiles/atSampling_Device.dir/C_/Users/ADMIN/.pico-sdk/sdk/2.0.0/src/rp2_common/hardware_irq/irq.c.obj
 *fill*         0x100080fe        0x2 
 .rodata.__func__.3
                0x10008100        0xa CMakeFiles/atSampling_Device.dir/C_/Users/ADMIN/.pico-sdk/sdk/2.0.0/src/rp2_common/hardware_irq/irq.c.obj
 *fill*         0x1000810a        0x2 
 .rodata.__func__.4
                0x1000810c        0xd CMakeFiles/atSampling_Device.dir/C_/Users/ADMIN/.pico-sdk/sdk/2.0.0/src/rp2_common/hardware_irq/irq.c.obj
 *fill*         0x10008119        0x3 
 .rodata.__func__.5
                0x1000811c       0x17 CMakeFiles/atSampling_Device.dir/C_/Users/ADMIN/.pico-sdk/sdk/2.0.0/src/rp2_common/hardware_irq/irq.c.obj
 *fill*         0x10008133        0x1 
 .rodata.__func__.6
                0x10008134       0x1a CMakeFiles/atSampling_Device.dir/C_/Users/ADMIN/.pico-sdk/sdk/2.0.0/src/rp2_common/hardware_irq/irq.c.obj
 .rodata.runtime_init_mutex.str1.4
                0x1000814e       0x60 CMakeFiles/atSampling_Device.dir/C_/Users/ADMIN/.pico-sdk/sdk/2.0.0/src/common/pico_sync/mutex.c.obj
 .rodata.str1.4
                0x1000814e       0x51 CMakeFiles/atSampling_Device.dir/C_/Users/ADMIN/.pico-sdk/sdk/2.0.0/src/common/pico_sync/mutex.c.obj
 *fill*         0x1000814e        0x2 
 .rodata.__func__.1
                0x10008150        0xb CMakeFiles/atSampling_Device.dir/C_/Users/ADMIN/.pico-sdk/sdk/2.0.0/src/common/pico_sync/mutex.c.obj
 *fill*         0x1000815b        0x1 
 .rodata.__func__.3
                0x1000815c       0x18 CMakeFiles/atSampling_Device.dir/C_/Users/ADMIN/.pico-sdk/sdk/2.0.0/src/common/pico_sync/mutex.c.obj
 .rodata.__func__.6
                0x10008174       0x13 CMakeFiles/atSampling_Device.dir/C_/Users/ADMIN/.pico-sdk/sdk/2.0.0/src/common/pico_sync/mutex.c.obj
 .rodata.alarm_pool_irq_handler.str1.4
                0x10008187       0x6b CMakeFiles/atSampling_Device.dir/C_/Users/ADMIN/.pico-sdk/sdk/2.0.0/src/common/pico_time/time.c.obj
 .rodata.alarm_pool_get_default.str1.4
                0x10008187       0x21 CMakeFiles/atSampling_Device.dir/C_/Users/ADMIN/.pico-sdk/sdk/2.0.0/src/common/pico_time/time.c.obj
 .rodata.sleep_until.str1.4
                0x10008187       0x4d CMakeFiles/atSampling_Device.dir/C_/Users/ADMIN/.pico-sdk/sdk/2.0.0/src/common/pico_time/time.c.obj
 *fill*         0x10008187        0x1 
 .rodata.__func__.1
                0x10008188       0x17 CMakeFiles/atSampling_Device.dir/C_/Users/ADMIN/.pico-sdk/sdk/2.0.0/src/common/pico_time/time.c.obj
 *fill*         0x1000819f        0x1 
 .rodata.__func__.2
                0x100081a0       0x17 CMakeFiles/atSampling_Device.dir/C_/Users/ADMIN/.pico-sdk/sdk/2.0.0/src/common/pico_time/time.c.obj
 .rodata.timer_hardware_alarm_claim.str1.4
                0x100081b7       0x22 CMakeFiles/atSampling_Device.dir/C_/Users/ADMIN/.pico-sdk/sdk/2.0.0/src/rp2_common/hardware_timer/timer.c.obj
 .rodata.pll_init.str1.4
                0x100081b7      0x11c CMakeFiles/atSampling_Device.dir/C_/Users/ADMIN/.pico-sdk/sdk/2.0.0/src/rp2_common/hardware_pll/pll.c.obj
 *fill*         0x100081b7        0x1 
 .rodata.__func__.0
                0x100081b8        0x9 CMakeFiles/atSampling_Device.dir/C_/Users/ADMIN/.pico-sdk/sdk/2.0.0/src/rp2_common/hardware_pll/pll.c.obj
 .rodata.__aeabi_double_init.str1.4
                0x100081c1       0x9b CMakeFiles/atSampling_Device.dir/C_/Users/ADMIN/.pico-sdk/sdk/2.0.0/src/rp2_common/pico_double/double_init_rom_rp2040.c.obj
 *fill*         0x100081c1        0x3 
 .rodata.__func__.0
                0x100081c4       0x14 CMakeFiles/atSampling_Device.dir/C_/Users/ADMIN/.pico-sdk/sdk/2.0.0/src/rp2_common/pico_double/double_init_rom_rp2040.c.obj
 .rodata.__aeabi_float_init.str1.4
                0x100081d8       0x8d CMakeFiles/atSampling_Device.dir/C_/Users/ADMIN/.pico-sdk/sdk/2.0.0/src/rp2_common/pico_float/float_init_rom_rp2040.c.obj
 .rodata.__func__.0
                0x100081d8       0x13 CMakeFiles/atSampling_Device.dir/C_/Users/ADMIN/.pico-sdk/sdk/2.0.0/src/rp2_common/pico_float/float_init_rom_rp2040.c.obj
 .rodata.str1.4
                0x100081eb       0x3c CMakeFiles/atSampling_Device.dir/C_/Users/ADMIN/.pico-sdk/sdk/2.0.0/src/rp2_common/pico_standard_binary_info/standard_binary_info.c.obj
 *fill*         0x100081eb        0x1 
 .rodata.__bi_84
                0x100081ec        0xc CMakeFiles/atSampling_Device.dir/C_/Users/ADMIN/.pico-sdk/sdk/2.0.0/src/rp2_common/pico_standard_binary_info/standard_binary_info.c.obj
 .rodata.__bi_60
                0x100081f8        0xc CMakeFiles/atSampling_Device.dir/C_/Users/ADMIN/.pico-sdk/sdk/2.0.0/src/rp2_common/pico_standard_binary_info/standard_binary_info.c.obj
 .rodata.__bi_54
                0x10008204        0xc CMakeFiles/atSampling_Device.dir/C_/Users/ADMIN/.pico-sdk/sdk/2.0.0/src/rp2_common/pico_standard_binary_info/standard_binary_info.c.obj
 .rodata.__bi_48
                0x10008210        0xc CMakeFiles/atSampling_Device.dir/C_/Users/ADMIN/.pico-sdk/sdk/2.0.0/src/rp2_common/pico_standard_binary_info/standard_binary_info.c.obj
 .rodata.__bi_42
                0x1000821c        0xc CMakeFiles/atSampling_Device.dir/C_/Users/ADMIN/.pico-sdk/sdk/2.0.0/src/rp2_common/pico_standard_binary_info/standard_binary_info.c.obj
 .rodata.__bi_34
                0x10008228        0xc CMakeFiles/atSampling_Device.dir/C_/Users/ADMIN/.pico-sdk/sdk/2.0.0/src/rp2_common/pico_standard_binary_info/standard_binary_info.c.obj
 .rodata.__bi_26
                0x10008234        0xc CMakeFiles/atSampling_Device.dir/C_/Users/ADMIN/.pico-sdk/sdk/2.0.0/src/rp2_common/pico_standard_binary_info/standard_binary_info.c.obj
 .rodata._ftoa.str1.4
                0x10008240       0x15 CMakeFiles/atSampling_Device.dir/C_/Users/ADMIN/.pico-sdk/sdk/2.0.0/src/rp2_common/pico_printf/printf.c.obj
 .rodata._vsnprintf
                0x10008240      0x19c CMakeFiles/atSampling_Device.dir/C_/Users/ADMIN/.pico-sdk/sdk/2.0.0/src/rp2_common/pico_printf/printf.c.obj
 *fill*         0x100083dc        0x4 
 .rodata.pow10.0
                0x100083e0       0x50 CMakeFiles/atSampling_Device.dir/C_/Users/ADMIN/.pico-sdk/sdk/2.0.0/src/rp2_common/pico_printf/printf.c.obj
 .rodata.__assert_func.str1.4
                0x10008430       0x43 CMakeFiles/atSampling_Device.dir/C_/Users/ADMIN/.pico-sdk/sdk/2.0.0/src/rp2_common/pico_clib_interface/newlib_interface.c.obj
 .rodata.crlf_str.0
                0x10008430        0x2 CMakeFiles/atSampling_Device.dir/C_/Users/ADMIN/.pico-sdk/sdk/2.0.0/src/rp2_common/pico_stdio/stdio.c.obj
 *fill*         0x10008432        0x2 
 .rodata._resetd_driver
                0x10008434       0x20 CMakeFiles/atSampling_Device.dir/C_/Users/ADMIN/.pico-sdk/sdk/2.0.0/src/rp2_common/pico_stdio_usb/reset_interface.c.obj
 .rodata.desc_ms_os_20
                0x10008454       0xa6 CMakeFiles/atSampling_Device.dir/C_/Users/ADMIN/.pico-sdk/sdk/2.0.0/src/rp2_common/pico_stdio_usb/reset_interface.c.obj
 *fill*         0x100084fa        0x2 
 .rodata.desc_bos
                0x100084fc       0x21 CMakeFiles/atSampling_Device.dir/C_/Users/ADMIN/.pico-sdk/sdk/2.0.0/src/rp2_common/pico_stdio_usb/reset_interface.c.obj
                0x100084fc                desc_bos
 .rodata.stdio_usb_init.str1.4
                0x1000851d       0x55 CMakeFiles/atSampling_Device.dir/C_/Users/ADMIN/.pico-sdk/sdk/2.0.0/src/rp2_common/pico_stdio_usb/stdio_usb.c.obj
 .rodata.str1.4
                0x1000851d       0x13 CMakeFiles/atSampling_Device.dir/C_/Users/ADMIN/.pico-sdk/sdk/2.0.0/src/rp2_common/pico_stdio_usb/stdio_usb.c.obj
 *fill*         0x1000851d        0x3 
 .rodata.__bi_197.1
                0x10008520        0xc CMakeFiles/atSampling_Device.dir/C_/Users/ADMIN/.pico-sdk/sdk/2.0.0/src/rp2_common/pico_stdio_usb/stdio_usb.c.obj
 .rodata.__func__.2
                0x1000852c        0xf CMakeFiles/atSampling_Device.dir/C_/Users/ADMIN/.pico-sdk/sdk/2.0.0/src/rp2_common/pico_stdio_usb/stdio_usb.c.obj
 .rodata.str1.4
                0x1000853b       0x2a CMakeFiles/atSampling_Device.dir/C_/Users/ADMIN/.pico-sdk/sdk/2.0.0/src/rp2_common/pico_stdio_usb/stdio_usb_descriptors.c.obj
 *fill*         0x1000853b        0x1 
 .rodata.usbd_desc_str
                0x1000853c       0x18 CMakeFiles/atSampling_Device.dir/C_/Users/ADMIN/.pico-sdk/sdk/2.0.0/src/rp2_common/pico_stdio_usb/stdio_usb_descriptors.c.obj
 .rodata.usbd_desc_cfg
                0x10008554       0x54 CMakeFiles/atSampling_Device.dir/C_/Users/ADMIN/.pico-sdk/sdk/2.0.0/src/rp2_common/pico_stdio_usb/stdio_usb_descriptors.c.obj
 .rodata.usbd_desc_device
                0x100085a8       0x12 CMakeFiles/atSampling_Device.dir/C_/Users/ADMIN/.pico-sdk/sdk/2.0.0/src/rp2_common/pico_stdio_usb/stdio_usb_descriptors.c.obj
 .rodata.pico_get_unique_board_id_string.str1.4
                0x100085ba       0x55 CMakeFiles/atSampling_Device.dir/C_/Users/ADMIN/.pico-sdk/sdk/2.0.0/src/rp2_common/pico_unique_id/unique_id.c.obj
 *fill*         0x100085ba        0x2 
 .rodata.__func__.0
                0x100085bc       0x20 CMakeFiles/atSampling_Device.dir/C_/Users/ADMIN/.pico-sdk/sdk/2.0.0/src/rp2_common/pico_unique_id/unique_id.c.obj
 .rodata.str1.4