Archive member included to satisfy reference by file (symbol)

C:/Users/ACER~1/PICO-S~1/TOOLCH~1/13_2_R~1/bin/../lib/gcc/arm-none-eabi/13.2.1/thumb/v6-m/nofp\libstdc++.a(guard.o)
                              CMakeFiles/atSampling_Device.dir/atSampling_Device.cpp.obj (__cxa_guard_acquire)
C:/Users/ACER~1/PICO-S~1/TOOLCH~1/13_2_R~1/bin/../lib/gcc/arm-none-eabi/13.2.1/thumb/v6-m/nofp\libstdc++.a(guard_error.o)
                              C:/Users/ACER~1/PICO-S~1/TOOLCH~1/13_2_R~1/bin/../lib/gcc/arm-none-eabi/13.2.1/thumb/v6-m/nofp\libstdc++.a(guard.o) (__gnu_cxx::recursive_init_error::~recursive_init_error())
C:/Users/ACER~1/PICO-S~1/TOOLCH~1/13_2_R~1/bin/../lib/gcc/arm-none-eabi/13.2.1/thumb/v6-m/nofp\libstdc++.a(si_class_type_info.o)
                              C:/Users/ACER~1/PICO-S~1/TOOLCH~1/13_2_R~1/bin/../lib/gcc/arm-none-eabi/13.2.1/thumb/v6-m/nofp\libstdc++.a(guard_error.o) (vtable for __cxxabiv1::__si_class_type_info)
C:/Users/ACER~1/PICO-S~1/TOOLCH~1/13_2_R~1/bin/../lib/gcc/arm-none-eabi/13.2.1/thumb/v6-m/nofp\libstdc++.a(tinfo.o)
                              C:/Users/ACER~1/PICO-S~1/TOOLCH~1/13_2_R~1/bin/../lib/gcc/arm-none-eabi/13.2.1/thumb/v6-m/nofp\libstdc++.a(si_class_type_info.o) (std::type_info::__is_pointer_p() const)
C:/Users/ACER~1/PICO-S~1/TOOLCH~1/13_2_R~1/bin/../lib/gcc/arm-none-eabi/13.2.1/thumb/v6-m/nofp\libstdc++.a(class_type_info.o)
                              C:/Users/ACER~1/PICO-S~1/TOOLCH~1/13_2_R~1/bin/../lib/gcc/arm-none-eabi/13.2.1/thumb/v6-m/nofp\libstdc++.a(si_class_type_info.o) (__cxxabiv1::__class_type_info::__do_upcast(__cxxabiv1::__class_type_info const*, void**) const)
C:/Users/ACER~1/PICO-S~1/TOOLCH~1/13_2_R~1/bin/../lib/gcc/arm-none-eabi/13.2.1/thumb/v6-m/nofp\libstdc++.a(eh_alloc.o)
                              C:/Users/ACER~1/PICO-S~1/TOOLCH~1/13_2_R~1/bin/../lib/gcc/arm-none-eabi/13.2.1/thumb/v6-m/nofp\libstdc++.a(guard.o) (__cxa_allocate_exception)
C:/Users/ACER~1/PICO-S~1/TOOLCH~1/13_2_R~1/bin/../lib/gcc/arm-none-eabi/13.2.1/thumb/v6-m/nofp\libstdc++.a(eh_exception.o)
                              C:/Users/ACER~1/PICO-S~1/TOOLCH~1/13_2_R~1/bin/../lib/gcc/arm-none-eabi/13.2.1/thumb/v6-m/nofp\libstdc++.a(guard_error.o) (std::exception::~exception())
C:/Users/ACER~1/PICO-S~1/TOOLCH~1/13_2_R~1/bin/../lib/gcc/arm-none-eabi/13.2.1/thumb/v6-m/nofp\libstdc++.a(eh_terminate.o)
                              C:/Users/ACER~1/PICO-S~1/TOOLCH~1/13_2_R~1/bin/../lib/gcc/arm-none-eabi/13.2.1/thumb/v6-m/nofp\libstdc++.a(eh_alloc.o) (std::terminate())
C:/Users/ACER~1/PICO-S~1/TOOLCH~1/13_2_R~1/bin/../lib/gcc/arm-none-eabi/13.2.1/thumb/v6-m/nofp\libstdc++.a(eh_throw.o)
                              C:/Users/ACER~1/PICO-S~1/TOOLCH~1/13_2_R~1/bin/../lib/gcc/arm-none-eabi/13.2.1/thumb/v6-m/nofp\libstdc++.a(guard.o) (__cxa_throw)
C:/Users/ACER~1/PICO-S~1/TOOLCH~1/13_2_R~1/bin/../lib/gcc/arm-none-eabi/13.2.1/thumb/v6-m/nofp\libstdc++.a(eh_unex_handler.o)
                              C:/Users/ACER~1/PICO-S~1/TOOLCH~1/13_2_R~1/bin/../lib/gcc/arm-none-eabi/13.2.1/thumb/v6-m/nofp\libstdc++.a(eh_terminate.o) (__cxxabiv1::__unexpected_handler)
C:/Users/ACER~1/PICO-S~1/TOOLCH~1/13_2_R~1/bin/../lib/gcc/arm-none-eabi/13.2.1/thumb/v6-m/nofp\libstdc++.a(vterminate.o)
                              C:/Users/ACER~1/PICO-S~1/TOOLCH~1/13_2_R~1/bin/../lib/gcc/arm-none-eabi/13.2.1/thumb/v6-m/nofp\libstdc++.a(eh_terminate.o) (__gnu_cxx::__verbose_terminate_handler())
C:/Users/ACER~1/PICO-S~1/TOOLCH~1/13_2_R~1/bin/../lib/gcc/arm-none-eabi/13.2.1/thumb/v6-m/nofp\libstdc++.a(cp-demangle.o)
                              C:/Users/ACER~1/PICO-S~1/TOOLCH~1/13_2_R~1/bin/../lib/gcc/arm-none-eabi/13.2.1/thumb/v6-m/nofp\libstdc++.a(vterminate.o) (__cxa_demangle)
C:/Users/ACER~1/PICO-S~1/TOOLCH~1/13_2_R~1/bin/../lib/gcc/arm-none-eabi/13.2.1/thumb/v6-m/nofp\libstdc++.a(eh_arm.o)
                              C:/Users/ACER~1/PICO-S~1/TOOLCH~1/13_2_R~1/bin/../lib/gcc/arm-none-eabi/13.2.1/thumb/v6-m/nofp\libstdc++.a(vterminate.o) (__cxa_end_cleanup)
C:/Users/ACER~1/PICO-S~1/TOOLCH~1/13_2_R~1/bin/../lib/gcc/arm-none-eabi/13.2.1/thumb/v6-m/nofp\libstdc++.a(eh_catch.o)
                              C:/Users/ACER~1/PICO-S~1/TOOLCH~1/13_2_R~1/bin/../lib/gcc/arm-none-eabi/13.2.1/thumb/v6-m/nofp\libstdc++.a(eh_terminate.o) (__cxa_begin_catch)
C:/Users/ACER~1/PICO-S~1/TOOLCH~1/13_2_R~1/bin/../lib/gcc/arm-none-eabi/13.2.1/thumb/v6-m/nofp\libstdc++.a(eh_globals.o)
                              C:/Users/ACER~1/PICO-S~1/TOOLCH~1/13_2_R~1/bin/../lib/gcc/arm-none-eabi/13.2.1/thumb/v6-m/nofp\libstdc++.a(eh_catch.o) (__cxa_get_globals_fast)
C:/Users/ACER~1/PICO-S~1/TOOLCH~1/13_2_R~1/bin/../lib/gcc/arm-none-eabi/13.2.1/thumb/v6-m/nofp\libstdc++.a(eh_personality.o)
                              C:/Users/ACER~1/PICO-S~1/TOOLCH~1/13_2_R~1/bin/../lib/gcc/arm-none-eabi/13.2.1/thumb/v6-m/nofp\libstdc++.a(eh_terminate.o) (__gxx_personality_v0)
[...]
Memory Configuration

Name             Origin             Length             Attributes
FLASH            0x10000000         0x00200000         xr
RAM              0x20000000         0x00040000         xrw
SCRATCH_X        0x20040000         0x00001000         xrw
SCRATCH_Y        0x20041000         0x00001000         xrw
*default*        0x00000000         0xffffffff

Linker script and memory map

LOAD C:/Users/ACER~1/PICO-S~1/TOOLCH~1/13_2_R~1/bin/../lib/gcc/arm-none-eabi/13.2.1/thumb/v6-m/nofp/crti.o
LOAD C:/Users/ACER~1/PICO-S~1/TOOLCH~1/13_2_R~1/bin/../lib/gcc/arm-none-eabi/13.2.1/thumb/v6-m/nofp/crtbegin.o
LOAD C:/Users/ACER~1/PICO-S~1/TOOLCH~1/13_2_R~1/bin/../lib/gcc/arm-none-eabi/13.2.1/thumb/v6-m/nofp/crt0.o

.flash_begin    0x10000000        0x0
                0x10000000                        __flash_binary_start = .

.boot2          0x10000000      0x100
                0x10000000                        __boot2_start__ = .
 *(.boot2)
 .boot2         0x10000000      0x100 C:\Users\ACER~1\AppData\Local\Temp\cc2UAaJL.o
                0x10000100                        __boot2_end__ = .
                0x00000001                        ASSERT (((__boot2_end__ - __boot2_start__) == 0x100), ERROR: Pico second stage bootloader must be 256 bytes in size)

.text           0x10000100    0x12004
                0x10000100                        __logical_binary_start = .
 *(.vectors)
 .vectors       0x10000100       0xd4 CMakeFiles/atSampling_Device.dir/C_/Users/a_c_e_r/.pico-sdk/sdk/2.0.0/src/rp2_common/pico_crt0/crt0.S.obj
                0x10000100                __VECTOR_TABLE
                0x10000100                __vectors
                0x100001c0                isr_invalid
                0x100001c0                __default_isrs_start
                0x100001c2                isr_nmi
                0x100001c4                isr_hardfault
                0x100001c6                isr_svcall
                0x100001c8                isr_pendsv
                0x100001ca                isr_systick
                0x100001cc                isr_irq23
                0x100001cc                isr_irq18
                0x100001cc                isr_irq11
                0x100001cc                isr_irq28
                0x100001cc                isr_irq19
                0x100001cc                isr_irq0
                0x100001cc                isr_irq6
                0x100001cc                isr_irq5
                0x100001cc                isr_irq12
                0x100001cc                isr_irq22
                0x100001cc                isr_irq31
                0x100001cc                isr_irq17
                0x100001cc                isr_irq27
                0x100001cc                isr_irq30
                0x100001cc                isr_irq2
                0x100001cc                isr_irq10
                0x100001cc                isr_irq8
                0x100001cc                isr_irq24
                0x100001cc                isr_irq1
                0x100001cc                isr_irq7
                0x100001cc                isr_irq21
                0x100001cc                isr_irq20
                0x100001cc                isr_irq15
                0x100001cc                isr_irq25
                0x100001cc                isr_irq13
                0x100001cc                __unhandled_user_irq
                0x100001cc                isr_irq4
                0x100001cc                isr_irq16
                0x100001cc                isr_irq29
                0x100001cc                isr_irq26
                0x100001cc                __default_isrs_end
                0x100001cc                isr_irq3
                0x100001cc                isr_irq14
                0x100001cc                isr_irq9
                0x100001d2                unhandled_user_irq_num_in_r0
 *(.binary_info_header)
 .binary_info_header
                0x100001d4       0x14 CMakeFiles/atSampling_Device.dir/C_/Users/a_c_e_r/.pico-sdk/sdk/2.0.0/src/rp2_common/pico_crt0/crt0.S.obj
                0x100001e8                        __binary_info_header_end = .
 *(.embedded_block)
                0x100001e8                        __embedded_block_end = .
 *(.reset)
 .reset         0x100001e8       0x9c CMakeFiles/atSampling_Device.dir/C_/Users/a_c_e_r/.pico-sdk/sdk/2.0.0/src/rp2_common/pico_crt0/crt0.S.obj
                0x100001e8                _entry_point
 *(.init)
 .init          0x10000284        0x4 C:/Users/ACER~1/PICO-S~1/TOOLCH~1/13_2_R~1/bin/../lib/gcc/arm-none-eabi/13.2.1/thumb/v6-m/nofp/crti.o
                0x10000284                _init
 *(EXCLUDE_FILE(*libm.a: *libc.a:*lib_a-mem*.o *libgcc.a:) .text*)
 .text.register_tm_clones
                0x10000288       0x28 C:/Users/ACER~1/PICO-S~1/TOOLCH~1/13_2_R~1/bin/../lib/gcc/arm-none-eabi/13.2.1/thumb/v6-m/nofp/crtbegin.o
 .text.frame_dummy
                0x100002b0       0x24 C:/Users/ACER~1/PICO-S~1/TOOLCH~1/13_2_R~1/bin/../lib/gcc/arm-none-eabi/13.2.1/thumb/v6-m/nofp/crtbegin.o
 .text._ZN11App_TMC220816App_TMC2208_PendEv
                0x100002d4        0x4 CMakeFiles/atSampling_Device.dir/atSampling_Device.cpp.obj
                0x100002d4                App_TMC2208::App_TMC2208_Pend()
 .text._Z14alarm_callbacklPv
                0x100002d8        0x8 CMakeFiles/atSampling_Device.dir/atSampling_Device.cpp.obj
                0x100002d8                alarm_callback(long, void*)
 .text._ZN11App_TMC220816SM1_count_mstepsEv
                0x100002e0      0x10c CMakeFiles/atSampling_Device.dir/atSampling_Device.cpp.obj
                0x100002e0                App_TMC2208::SM1_count_msteps()
 .text._ZN11App_TMC220816SM2_count_mstepsEv
                0x100003ec      0x10c CMakeFiles/atSampling_Device.dir/atSampling_Device.cpp.obj
                0x100003ec                App_TMC2208::SM2_count_msteps()
 .text._ZN11App_TMC220817App_TMC2208_StartEv
                0x100004f8       0x74 CMakeFiles/atSampling_Device.dir/atSampling_Device.cpp.obj
                0x100004f8                App_TMC2208::App_TMC2208_Start()
 .text._ZN11App_TMC220815App_TMC2208_EndEv
                0x1000056c        0x4 CMakeFiles/atSampling_Device.dir/atSampling_Device.cpp.obj
                0x1000056c                App_TMC2208::App_TMC2208_End()
 .text._ZN11App_TMC220819App_TMC2208_RestartEv
                0x10000570        0x4 CMakeFiles/atSampling_Device.dir/atSampling_Device.cpp.obj
                0x10000570                App_TMC2208::App_TMC2208_Restart()
 .text._ZN11App_TMC220819App_TMC2208_SuspendEv
                0x10000574        0x4 CMakeFiles/atSampling_Device.dir/atSampling_Device.cpp.obj
                0x10000574                App_TMC2208::App_TMC2208_Suspend()
 .text._ZN11App_TMC220818App_TMC2208_ResumeEv
                0x10000578        0x4 CMakeFiles/atSampling_Device.dir/atSampling_Device.cpp.obj
                0x10000578                App_TMC2208::App_TMC2208_Resume()
 .text._ZN11App_TMC22087SM1_RUNEv
                0x1000057c      0x2a4 CMakeFiles/atSampling_Device.dir/atSampling_Device.cpp.obj
                0x1000057c                App_TMC2208::SM1_RUN()
 .text._ZN11App_TMC22087SM2_RUNEv
                0x10000820      0x2ac CMakeFiles/atSampling_Device.dir/atSampling_Device.cpp.obj
                0x10000820                App_TMC2208::SM2_RUN()
 .text._ZN11App_TMC220819App_TMC2208_ExecuteEv
                0x10000acc       0xa0 CMakeFiles/atSampling_Device.dir/atSampling_Device.cpp.obj
                0x10000acc                App_TMC2208::App_TMC2208_Execute()
 .text._Z17blink_pin_foreverP8pio_hw_tjjjj
                0x10000b6c       0xa0 CMakeFiles/atSampling_Device.dir/atSampling_Device.cpp.obj
                0x10000b6c                blink_pin_forever(pio_hw_t*, unsigned int, unsigned int, unsigned int, unsigned int)
 .text.startup.main
                0x10000c0c      0x370 CMakeFiles/atSampling_Device.dir/atSampling_Device.cpp.obj
                0x10000c0c                main
 .text.startup._GLOBAL__sub_I_Serial_Hardware_Port_Is_Opened
                0x10000f7c       0x58 CMakeFiles/atSampling_Device.dir/atSampling_Device.cpp.obj
 .text.gpio_set_function
                0x10000fd4       0x34 CMakeFiles/atSampling_Device.dir/C_/Users/a_c_e_r/.pico-sdk/sdk/2.0.0/src/rp2_common/hardware_gpio/gpio.c.obj
                0x10000fd4                gpio_set_function
 .text.gpio_set_pulls
                0x10001008       0x28 CMakeFiles/atSampling_Device.dir/C_/Users/a_c_e_r/.pico-sdk/sdk/2.0.0/src/rp2_common/hardware_gpio/gpio.c.obj
                0x10001008                gpio_set_pulls
 .text.gpio_init
                0x10001030       0x40 CMakeFiles/atSampling_Device.dir/C_/Users/a_c_e_r/.pico-sdk/sdk/2.0.0/src/rp2_common/hardware_gpio/gpio.c.obj
                0x10001030                gpio_init
 .text.rp2040_chip_version
                0x10001070        0xc CMakeFiles/atSampling_Device.dir/C_/Users/a_c_e_r/.pico-sdk/sdk/2.0.0/src/rp2040/pico_platform/platform.c.obj
                0x10001070                rp2040_chip_version
 .text.panic    0x1000107c       0x30 CMakeFiles/atSampling_Device.dir/C_/Users/a_c_e_r/.pico-sdk/sdk/2.0.0/src/rp2_common/pico_platform_panic/panic.c.obj
                0x1000107c                panic
 .text.hw_claim_lock
                0x100010ac       0x18 CMakeFiles/atSampling_Device.dir/C_/Users/a_c_e_r/.pico-sdk/sdk/2.0.0/src/common/hardware_claim/claim.c.obj
                0x100010ac                hw_claim_lock
 .text.hw_claim_unlock
                0x100010c4       0x14 CMakeFiles/atSampling_Device.dir/C_/Users/a_c_e_r/.pico-sdk/sdk/2.0.0/src/common/hardware_claim/claim.c.obj
                0x100010c4                hw_claim_unlock
 .text.hw_claim_or_assert
                0x100010d8       0x44 CMakeFiles/atSampling_Device.dir/C_/Users/a_c_e_r/.pico-sdk/sdk/2.0.0/src/common/hardware_claim/claim.c.obj
                0x100010d8                hw_claim_or_assert
 .text.hw_claim_unused_from_range
                0x1000111c       0x9c CMakeFiles/atSampling_Device.dir/C_/Users/a_c_e_r/.pico-sdk/sdk/2.0.0/src/common/hardware_claim/claim.c.obj
                0x1000111c                hw_claim_unused_from_range
 .text.next_striped_spin_lock_num
                0x100011b8       0x18 CMakeFiles/atSampling_Device.dir/C_/Users/a_c_e_r/.pico-sdk/sdk/2.0.0/src/rp2_common/hardware_sync/sync.c.obj
                0x100011b8                next_striped_spin_lock_num
 .text.spin_lock_claim_unused
                0x100011d0       0x24 CMakeFiles/atSampling_Device.dir/C_/Users/a_c_e_r/.pico-sdk/sdk/2.0.0/src/rp2_common/hardware_sync/sync.c.obj
                0x100011d0                spin_lock_claim_unused
 .text.spin_locks_reset
                0x100011f4       0x1c CMakeFiles/atSampling_Device.dir/C_/Users/a_c_e_r/.pico-sdk/sdk/2.0.0/src/rp2_common/hardware_sync_spin_lock/sync_spin_lock.c.obj
                0x100011f4                spin_locks_reset
 .text.runtime_init_per_core_irq_priorities
                0x10001210       0x24 CMakeFiles/atSampling_Device.dir/C_/Users/a_c_e_r/.pico-sdk/sdk/2.0.0/src/rp2_common/hardware_irq/irq.c.obj
                0x10001210                runtime_init_per_core_irq_priorities
 .text.irq_set_enabled
                0x10001234       0x24 CMakeFiles/atSampling_Device.dir/C_/Users/a_c_e_r/.pico-sdk/sdk/2.0.0/src/rp2_common/hardware_irq/irq.c.obj
                0x10001234                irq_set_enabled
 .text.irq_is_enabled
                0x10001258       0x18 CMakeFiles/atSampling_Device.dir/C_/Users/a_c_e_r/.pico-sdk/sdk/2.0.0/src/rp2_common/hardware_irq/irq.c.obj
                0x10001258                irq_is_enabled
 .text.irq_set_pending
                0x10001270       0x10 CMakeFiles/atSampling_Device.dir/C_/Users/a_c_e_r/.pico-sdk/sdk/2.0.0/src/rp2_common/hardware_irq/irq.c.obj
                0x10001270                irq_set_pending
 .text.irq_has_shared_handler
                0x10001280       0x2c CMakeFiles/atSampling_Device.dir/C_/Users/a_c_e_r/.pico-sdk/sdk/2.0.0/src/rp2_common/hardware_irq/irq.c.obj
                0x10001280                irq_has_shared_handler
 .text.irq_set_exclusive_handler
                0x100012ac       0x54 CMakeFiles/atSampling_Device.dir/C_/Users/a_c_e_r/.pico-sdk/sdk/2.0.0/src/rp2_common/hardware_irq/irq.c.obj
                0x100012ac                irq_set_exclusive_handler
 .text.irq_add_shared_handler
                0x10001300      0x1f4 CMakeFiles/atSampling_Device.dir/C_/Users/a_c_e_r/.pico-sdk/sdk/2.0.0/src/rp2_common/hardware_irq/irq.c.obj
                0x10001300                irq_add_shared_handler
 .text.irq_add_tail_to_free_list
                0x100014f4       0xb4 CMakeFiles/atSampling_Device.dir/C_/Users/a_c_e_r/.pico-sdk/sdk/2.0.0/src/rp2_common/hardware_irq/irq.c.obj
                0x100014f4                irq_add_tail_to_free_list
 .text.user_irq_claim_unused
                0x100015a8       0x2c CMakeFiles/atSampling_Device.dir/C_/Users/a_c_e_r/.pico-sdk/sdk/2.0.0/src/rp2_common/hardware_irq/irq.c.obj
                0x100015a8                user_irq_claim_unused
 .text.lock_init
                0x100015d4       0x10 CMakeFiles/atSampling_Device.dir/C_/Users/a_c_e_r/.pico-sdk/sdk/2.0.0/src/common/pico_sync/lock_core.c.obj
                0x100015d4                lock_init
 .text.runtime_init_mutex
                0x100015e4       0x50 CMakeFiles/atSampling_Device.dir/C_/Users/a_c_e_r/.pico-sdk/sdk/2.0.0/src/common/pico_sync/mutex.c.obj
                0x100015e4                runtime_init_mutex
 .text.mutex_init
                0x10001634       0x1c CMakeFiles/atSampling_Device.dir/C_/Users/a_c_e_r/.pico-sdk/sdk/2.0.0/src/common/pico_sync/mutex.c.obj
                0x10001634                mutex_init
 .text.critical_section_init
                0x10001650       0x1c CMakeFiles/atSampling_Device.dir/C_/Users/a_c_e_r/.pico-sdk/sdk/2.0.0/src/common/pico_sync/critical_section.c.obj
                0x10001650                critical_section_init
 .text.critical_section_init_with_lock_num
                0x1000166c       0x14 CMakeFiles/atSampling_Device.dir/C_/Users/a_c_e_r/.pico-sdk/sdk/2.0.0/src/common/pico_sync/critical_section.c.obj
                0x1000166c                critical_section_init_with_lock_num
 .text.sleep_until_callback
                0x10001680       0x30 CMakeFiles/atSampling_Device.dir/C_/Users/a_c_e_r/.pico-sdk/sdk/2.0.0/src/common/pico_time/time.c.obj
 .text.alarm_pool_irq_handler
                0x100016b0      0x2e4 CMakeFiles/atSampling_Device.dir/C_/Users/a_c_e_r/.pico-sdk/sdk/2.0.0/src/common/pico_time/time.c.obj
 .text.runtime_init_default_alarm_pool
                0x10001994       0xdc CMakeFiles/atSampling_Device.dir/C_/Users/a_c_e_r/.pico-sdk/sdk/2.0.0/src/common/pico_time/time.c.obj
                0x10001994                runtime_init_default_alarm_pool
 .text.alarm_pool_get_default
                0x10001a70        0x8 CMakeFiles/atSampling_Device.dir/C_/Users/a_c_e_r/.pico-sdk/sdk/2.0.0/src/common/pico_time/time.c.obj
                0x10001a70                alarm_pool_get_default
 .text.alarm_pool_add_alarm_at
                0x10001a78       0xd4 CMakeFiles/atSampling_Device.dir/C_/Users/a_c_e_r/.pico-sdk/sdk/2.0.0/src/common/pico_time/time.c.obj
                0x10001a78                alarm_pool_add_alarm_at
 .text.alarm_pool_add_alarm_at_force_in_context
                0x10001b4c       0xb0 CMakeFiles/atSampling_Device.dir/C_/Users/a_c_e_r/.pico-sdk/sdk/2.0.0/src/common/pico_time/time.c.obj
                0x10001b4c                alarm_pool_add_alarm_at_force_in_context
 .text.alarm_pool_cancel_alarm
                0x10001bfc       0x74 CMakeFiles/atSampling_Device.dir/C_/Users/a_c_e_r/.pico-sdk/sdk/2.0.0/src/common/pico_time/time.c.obj
                0x10001bfc                alarm_pool_cancel_alarm
 .text.alarm_pool_core_num
                0x10001c70        0x4 CMakeFiles/atSampling_Device.dir/C_/Users/a_c_e_r/.pico-sdk/sdk/2.0.0/src/common/pico_time/time.c.obj
                0x10001c70                alarm_pool_core_num
 .text.sleep_until
                0x10001c74       0xd8 CMakeFiles/atSampling_Device.dir/C_/Users/a_c_e_r/.pico-sdk/sdk/2.0.0/src/common/pico_time/time.c.obj
                0x10001c74                sleep_until
 .text.sleep_ms
                0x10001d4c       0x38 CMakeFiles/atSampling_Device.dir/C_/Users/a_c_e_r/.pico-sdk/sdk/2.0.0/src/common/pico_time/time.c.obj
                0x10001d4c                sleep_ms
 .text.best_effort_wfe_or_timeout
                0x10001d84      0x134 CMakeFiles/atSampling_Device.dir/C_/Users/a_c_e_r/.pico-sdk/sdk/2.0.0/src/common/pico_time/time.c.obj
                0x10001d84                best_effort_wfe_or_timeout
 .text.timer_hardware_alarm_claim
                0x10001eb8       0x14 CMakeFiles/atSampling_Device.dir/C_/Users/a_c_e_r/.pico-sdk/sdk/2.0.0/src/rp2_common/hardware_timer/timer.c.obj
                0x10001eb8                timer_hardware_alarm_claim
 .text.timer_time_us_64
                0x10001ecc       0x10 CMakeFiles/atSampling_Device.dir/C_/Users/a_c_e_r/.pico-sdk/sdk/2.0.0/src/rp2_common/hardware_timer/timer.c.obj
                0x10001ecc                timer_time_us_64
 .text.time_us_64
                0x10001edc       0x14 CMakeFiles/atSampling_Device.dir/C_/Users/a_c_e_r/.pico-sdk/sdk/2.0.0/src/rp2_common/hardware_timer/timer.c.obj
                0x10001edc                time_us_64
 .text.busy_wait_us
                0x10001ef0       0x68 CMakeFiles/atSampling_Device.dir/C_/Users/a_c_e_r/.pico-sdk/sdk/2.0.0/src/rp2_common/hardware_timer/timer.c.obj
                0x10001ef0                busy_wait_us
 .text.busy_wait_until
                0x10001f58       0x20 CMakeFiles/atSampling_Device.dir/C_/Users/a_c_e_r/.pico-sdk/sdk/2.0.0/src/rp2_common/hardware_timer/timer.c.obj
                0x10001f58                busy_wait_until
 .text.uart_init
                0x10001f78      0x120 CMakeFiles/atSampling_Device.dir/C_/Users/a_c_e_r/.pico-sdk/sdk/2.0.0/src/rp2_common/hardware_uart/uart.c.obj
                0x10001f78                uart_init
 .text.clock_configure_int_divider
                0x10002098       0xf4 CMakeFiles/atSampling_Device.dir/C_/Users/a_c_e_r/.pico-sdk/sdk/2.0.0/src/rp2_common/hardware_clocks/clocks.c.obj
                0x10002098                clock_configure_int_divider
 .text.clock_configure_undivided
                0x1000218c       0xe8 CMakeFiles/atSampling_Device.dir/C_/Users/a_c_e_r/.pico-sdk/sdk/2.0.0/src/rp2_common/hardware_clocks/clocks.c.obj
                0x1000218c                clock_configure_undivided
 .text.clock_get_hz
                0x10002274        0xc CMakeFiles/atSampling_Device.dir/C_/Users/a_c_e_r/.pico-sdk/sdk/2.0.0/src/rp2_common/hardware_clocks/clocks.c.obj
                0x10002274                clock_get_hz
 .text.pll_init
                0x10002280       0xa4 CMakeFiles/atSampling_Device.dir/C_/Users/a_c_e_r/.pico-sdk/sdk/2.0.0/src/rp2_common/hardware_pll/pll.c.obj
                0x10002280                pll_init
 .text.watchdog_reboot
                0x10002324       0x9c CMakeFiles/atSampling_Device.dir/C_/Users/a_c_e_r/.pico-sdk/sdk/2.0.0/src/rp2_common/hardware_watchdog/watchdog.c.obj
                0x10002324                watchdog_reboot
 .text.watchdog_caused_reboot
                0x100023c0       0x10 CMakeFiles/atSampling_Device.dir/C_/Users/a_c_e_r/.pico-sdk/sdk/2.0.0/src/rp2_common/hardware_watchdog/watchdog.c.obj
                0x100023c0                watchdog_caused_reboot
 .text.tick_start
                0x100023d0       0x10 CMakeFiles/atSampling_Device.dir/C_/Users/a_c_e_r/.pico-sdk/sdk/2.0.0/src/rp2_common/hardware_ticks/ticks.c.obj
                0x100023d0                tick_start
 .text.xosc_init
                0x100023e0       0x28 CMakeFiles/atSampling_Device.dir/C_/Users/a_c_e_r/.pico-sdk/sdk/2.0.0/src/rp2_common/hardware_xosc/xosc.c.obj
                0x100023e0                xosc_init
 .text.hw_divider_divmod_s32
                0x10002408        0xc CMakeFiles/atSampling_Device.dir/C_/Users/a_c_e_r/.pico-sdk/sdk/2.0.0/src/rp2_common/hardware_divider/divider.S.obj
                0x10002408                hw_divider_divmod_s32
 .text.hw_divider_divmod_u32
                0x10002414        0xc CMakeFiles/atSampling_Device.dir/C_/Users/a_c_e_r/.pico-sdk/sdk/2.0.0/src/rp2_common/hardware_divider/divider.S.obj
                0x10002414                hw_divider_divmod_u32
 .text.hw_divider_divmod_return
                0x10002420        0xc CMakeFiles/atSampling_Device.dir/C_/Users/a_c_e_r/.pico-sdk/sdk/2.0.0/src/rp2_common/hardware_divider/divider.S.obj
 .text.first_per_core_initializer
                0x1000242c        0x4 CMakeFiles/atSampling_Device.dir/C_/Users/a_c_e_r/.pico-sdk/sdk/2.0.0/src/rp2_common/pico_runtime/runtime.c.obj
 .text.hard_assertion_failure
                0x10002430        0xc CMakeFiles/atSampling_Device.dir/C_/Users/a_c_e_r/.pico-sdk/sdk/2.0.0/src/rp2_common/pico_runtime/runtime.c.obj
                0x10002430                hard_assertion_failure
 .text.runtime_run_initializers
                0x1000243c       0x28 CMakeFiles/atSampling_Device.dir/C_/Users/a_c_e_r/.pico-sdk/sdk/2.0.0/src/rp2_common/pico_runtime/runtime.c.obj
                0x1000243c                runtime_run_initializers
 .text.runtime_init_early_resets
                0x10002464       0x2c CMakeFiles/atSampling_Device.dir/C_/Users/a_c_e_r/.pico-sdk/sdk/2.0.0/src/rp2_common/pico_runtime_init/runtime_init.c.obj
                0x10002464                runtime_init_early_resets
 .text.runtime_init_usb_power_down
                0x10002490       0x1c CMakeFiles/atSampling_Device.dir/C_/Users/a_c_e_r/.pico-sdk/sdk/2.0.0/src/rp2_common/pico_runtime_init/runtime_init.c.obj
                0x10002490                runtime_init_usb_power_down
 .text.runtime_init_post_clock_resets
                0x100024ac       0x20 CMakeFiles/atSampling_Device.dir/C_/Users/a_c_e_r/.pico-sdk/sdk/2.0.0/src/rp2_common/pico_runtime_init/runtime_init.c.obj
                0x100024ac                runtime_init_post_clock_resets
 .text.runtime_init_rp2040_gpio_ie_disable
                0x100024cc       0x14 CMakeFiles/atSampling_Device.dir/C_/Users/a_c_e_r/.pico-sdk/sdk/2.0.0/src/rp2_common/pico_runtime_init/runtime_init.c.obj
                0x100024cc                runtime_init_rp2040_gpio_ie_disable
 .text.runtime_init_spin_locks_reset
                0x100024e0        0x8 CMakeFiles/atSampling_Device.dir/C_/Users/a_c_e_r/.pico-sdk/sdk/2.0.0/src/rp2_common/pico_runtime_init/runtime_init.c.obj
                0x100024e0                runtime_init_spin_locks_reset
 .text.runtime_init_install_ram_vector_table
                0x100024e8       0x1c CMakeFiles/atSampling_Device.dir/C_/Users/a_c_e_r/.pico-sdk/sdk/2.0.0/src/rp2_common/pico_runtime_init/runtime_init.c.obj
                0x100024e8                runtime_init_install_ram_vector_table
 .text.runtime_init_clocks
                0x10002504       0xd8 CMakeFiles/atSampling_Device.dir/C_/Users/a_c_e_r/.pico-sdk/sdk/2.0.0/src/rp2_common/pico_runtime_init/runtime_init_clocks.c.obj
                0x10002504                runtime_init_clocks
 .text          0x100025dc       0x10 CMakeFiles/atSampling_Device.dir/C_/Users/a_c_e_r/.pico-sdk/sdk/2.0.0/src/rp2_common/pico_bit_ops/bit_ops_aeabi.S.obj
 .text.rom_func_lookup
                0x100025ec       0x10 CMakeFiles/atSampling_Device.dir/C_/Users/a_c_e_r/.pico-sdk/sdk/2.0.0/src/rp2_common/pico_bootrom/bootrom.c.obj
                0x100025ec                rom_func_lookup
 .text.rom_data_lookup
                0x100025fc       0x10 CMakeFiles/atSampling_Device.dir/C_/Users/a_c_e_r/.pico-sdk/sdk/2.0.0/src/rp2_common/pico_bootrom/bootrom.c.obj
                0x100025fc                rom_data_lookup
 .text.rom_funcs_lookup
                0x1000260c       0x44 CMakeFiles/atSampling_Device.dir/C_/Users/a_c_e_r/.pico-sdk/sdk/2.0.0/src/rp2_common/pico_bootrom/bootrom.c.obj
                0x1000260c                rom_funcs_lookup
 .text.rom_reset_usb_boot
                0x10002650       0x20 CMakeFiles/atSampling_Device.dir/C_/Users/a_c_e_r/.pico-sdk/sdk/2.0.0/src/rp2_common/pico_bootrom/bootrom.c.obj
                0x10002650                rom_reset_usb_boot
 .text.__wrap___aeabi_idiv
                0x10002670       0x50 CMakeFiles/atSampling_Device.dir/C_/Users/a_c_e_r/.pico-sdk/sdk/2.0.0/src/rp2_common/pico_divider/divider_hardware.S.obj
                0x10002670                __wrap___aeabi_idivmod
                0x10002670                divmod_s32s32
                0x10002670                div_s32s32
                0x10002670                __wrap___aeabi_idiv
                0x10002678                divmod_s32s32_unsafe
                0x100026a4                divmod_s32s32_savestate
 .text.__wrap___aeabi_uidiv
                0x100026c0       0x4c CMakeFiles/atSampling_Device.dir/C_/Users/a_c_e_r/.pico-sdk/sdk/2.0.0/src/rp2_common/pico_divider/divider_hardware.S.obj
                0x100026c0                __wrap___aeabi_uidiv
                0x100026c0                __wrap___aeabi_uidivmod
                0x100026c0                div_u32u32
                0x100026c0                divmod_u32u32
                0x100026c8                divmod_u32u32_unsafe
                0x100026f0                divmod_u32u32_savestate
 .text.__wrap___aeabi_ldiv
                0x1000270c      0x424 CMakeFiles/atSampling_Device.dir/C_/Users/a_c_e_r/.pico-sdk/sdk/2.0.0/src/rp2_common/pico_divider/divider_hardware.S.obj
                0x1000270c                div_s64s64
                0x1000270c                divmod_s64s64
                0x1000270c                __wrap___aeabi_ldivmod
                0x1000273c                divmod_u64u64
                0x1000273c                div_u64u64
                0x1000273c                __wrap___aeabi_uldivmod
                0x1000274c                divmod_u64u64_savestate
                0x1000276c                divmod_s64s64_unsafe
                0x100027f4                divmod_u64u64_unsafe
 .text.__wrap___aeabi_darithmetic
                0x10002b30       0x80 CMakeFiles/atSampling_Device.dir/C_/Users/a_c_e_r/.pico-sdk/sdk/2.0.0/src/rp2_common/pico_double/double_aeabi_rp2040.S.obj
                0x10002b30                __wrap___aeabi_drsub
                0x10002b36                __wrap___aeabi_dsub
                0x10002b48                __wrap___aeabi_dadd
                0x10002b5a                __wrap___aeabi_ddiv
                0x10002b96                __wrap___aeabi_dmul
 .text.__wrap___aeabi_cdcmple
                0x10002bb0       0x6c CMakeFiles/atSampling_Device.dir/C_/Users/a_c_e_r/.pico-sdk/sdk/2.0.0/src/rp2_common/pico_double/double_aeabi_rp2040.S.obj
                0x10002bb0                __wrap___aeabi_cdrcmple
                0x10002bc0                __wrap___aeabi_cdcmpeq
                0x10002bc0                __wrap___aeabi_cdcmple
 .text.__wrap___aeabi_dcmplt
                0x10002c1c        0xc CMakeFiles/atSampling_Device.dir/C_/Users/a_c_e_r/.pico-sdk/sdk/2.0.0/src/rp2_common/pico_double/double_aeabi_rp2040.S.obj
                0x10002c1c                __wrap___aeabi_dcmplt
 .text.__wrap___aeabi_dcmpge
                0x10002c28       0x10 CMakeFiles/atSampling_Device.dir/C_/Users/a_c_e_r/.pico-sdk/sdk/2.0.0/src/rp2_common/pico_double/double_aeabi_rp2040.S.obj
                0x10002c28                __wrap___aeabi_dcmpge
 .text.__wrap___aeabi_dcmpgt
                0x10002c38        0xa CMakeFiles/atSampling_Device.dir/C_/Users/a_c_e_r/.pico-sdk/sdk/2.0.0/src/rp2_common/pico_double/double_aeabi_rp2040.S.obj
                0x10002c38                __wrap___aeabi_dcmpgt
 .text.__wrap___aeabi_dcmpun
                0x10002c42       0x18 CMakeFiles/atSampling_Device.dir/C_/Users/a_c_e_r/.pico-sdk/sdk/2.0.0/src/rp2_common/pico_double/double_aeabi_rp2040.S.obj
                0x10002c42                __wrap___aeabi_dcmpun
 *fill*         0x10002c5a        0x2 
 .text.__wrap___aeabi_i2d
                0x10002c5c       0x38 CMakeFiles/atSampling_Device.dir/C_/Users/a_c_e_r/.pico-sdk/sdk/2.0.0/src/rp2_common/pico_double/double_aeabi_rp2040.S.obj
                0x10002c5c                __wrap___aeabi_ui2d
                0x10002c64                __wrap___aeabi_i2d
 .text.__wrap___aeabi_d2iz
                0x10002c94       0x48 CMakeFiles/atSampling_Device.dir/C_/Users/a_c_e_r/.pico-sdk/sdk/2.0.0/src/rp2_common/pico_double/double_aeabi_rp2040.S.obj
                0x10002c94                double2int_z
                0x10002c94                __wrap___aeabi_d2iz
 .text.__wrap___aeabi_d2uiz
                0x10002cdc       0x18 CMakeFiles/atSampling_Device.dir/C_/Users/a_c_e_r/.pico-sdk/sdk/2.0.0/src/rp2_common/pico_double/double_aeabi_rp2040.S.obj
                0x10002cdc                __wrap___aeabi_d2uiz
                0x10002cdc                double2uint
 .text.__wrap___aeabi_d2ulz
                0x10002cf4       0x18 CMakeFiles/atSampling_Device.dir/C_/Users/a_c_e_r/.pico-sdk/sdk/2.0.0/src/rp2_common/pico_double/double_aeabi_rp2040.S.obj
                0x10002cf4                __wrap___aeabi_d2ulz
 .text.__aeabi_double_init
                0x10002d0c       0xa4 CMakeFiles/atSampling_Device.dir/C_/Users/a_c_e_r/.pico-sdk/sdk/2.0.0/src/rp2_common/pico_double/double_init_rom_rp2040.c.obj
                0x10002d0c                __aeabi_double_init
 .text.__wrap_round
                0x10002db0       0x9c CMakeFiles/atSampling_Device.dir/C_/Users/a_c_e_r/.pico-sdk/sdk/2.0.0/src/rp2_common/pico_double/double_math.c.obj
                0x10002db0                __wrap_round
 .text.double_table_shim_on_use_helper
                0x10002e4c       0x2c CMakeFiles/atSampling_Device.dir/C_/Users/a_c_e_r/.pico-sdk/sdk/2.0.0/src/rp2_common/pico_double/double_v1_rom_shim_rp2040.S.obj
                0x10002e4c                double_table_shim_on_use_helper
 .text.__wrap___aeabi_dsub
                0x10002e78       0x10 CMakeFiles/atSampling_Device.dir/C_/Users/a_c_e_r/.pico-sdk/sdk/2.0.0/src/rp2_common/pico_double/double_v1_rom_shim_rp2040.S.obj
                0x10002e78                drsub_shim
                0x10002e7e                dsub_shim
 .text.dadd_shim
                0x10002e88      0x15c CMakeFiles/atSampling_Device.dir/C_/Users/a_c_e_r/.pico-sdk/sdk/2.0.0/src/rp2_common/pico_double/double_v1_rom_shim_rp2040.S.obj
                0x10002e88                dadd_shim
 .text.dmul_shim
                0x10002fe4      0x15c CMakeFiles/atSampling_Device.dir/C_/Users/a_c_e_r/.pico-sdk/sdk/2.0.0/src/rp2_common/pico_double/double_v1_rom_shim_rp2040.S.obj
                0x10002fe4                dmul_shim
 .text.ddiv_shim
                0x10003140      0x1b0 CMakeFiles/atSampling_Device.dir/C_/Users/a_c_e_r/.pico-sdk/sdk/2.0.0/src/rp2_common/pico_double/double_v1_rom_shim_rp2040.S.obj
                0x10003140                ddiv_shim
 .text.double2uint_shim
                0x100032f0        0xe CMakeFiles/atSampling_Device.dir/C_/Users/a_c_e_r/.pico-sdk/sdk/2.0.0/src/rp2_common/pico_double/double_v1_rom_shim_rp2040.S.obj
                0x100032f0                double2uint_shim
                0x100032f2                double2ufix_shim
 *fill*         0x100032fe        0x2 
 .text.double2uint64_shim
                0x10003300       0x70 CMakeFiles/atSampling_Device.dir/C_/Users/a_c_e_r/.pico-sdk/sdk/2.0.0/src/rp2_common/pico_double/double_v1_rom_shim_rp2040.S.obj
                0x10003300                double2uint64_shim
                0x10003302                double2ufix64_shim
                0x10003322                d2fix_a
 .text.dunpacks
                0x10003370       0x3c CMakeFiles/atSampling_Device.dir/C_/Users/a_c_e_r/.pico-sdk/sdk/2.0.0/src/rp2_common/pico_double/double_v1_rom_shim_rp2040.S.obj
                0x10003370                dunpacks
 .text.__aeabi_lmul
                0x100033ac       0x32 CMakeFiles/atSampling_Device.dir/C_/Users/a_c_e_r/.pico-sdk/sdk/2.0.0/src/rp2_common/pico_int64_ops/pico_int64_ops_aeabi.S.obj
                0x100033ac                __wrap___aeabi_lmul
 *fill*         0x100033de        0x2 
 .text.__wrap___aeabi_farithmetic
                0x100033e0       0x48 CMakeFiles/atSampling_Device.dir/C_/Users/a_c_e_r/.pico-sdk/sdk/2.0.0/src/rp2_common/pico_float/float_aeabi_rp2040.S.obj
                0x100033e0                __wrap___aeabi_frsub
                0x100033e6                __wrap___aeabi_fsub
                0x100033ec                __wrap___aeabi_fadd
                0x100033f2                __wrap___aeabi_fdiv
                0x1000341a                __wrap___aeabi_fmul
 .text.__wrap___aeabi_cfcmple
                0x10003428       0x50 CMakeFiles/atSampling_Device.dir/C_/Users/a_c_e_r/.pico-sdk/sdk/2.0.0/src/rp2_common/pico_float/float_aeabi_rp2040.S.obj
                0x10003428                __wrap___aeabi_cfrcmple
                0x10003434                __wrap___aeabi_cfcmple
                0x10003434                __wrap___aeabi_cfcmpeq
 .text.__wrap___aeabi_fcmpgt
                0x10003478        0xa CMakeFiles/atSampling_Device.dir/C_/Users/a_c_e_r/.pico-sdk/sdk/2.0.0/src/rp2_common/pico_float/float_aeabi_rp2040.S.obj
                0x10003478                __wrap___aeabi_fcmpgt
 *fill*         0x10003482        0x2 
 .text.__wrap___aeabi_i2f
                0x10003484       0x44 CMakeFiles/atSampling_Device.dir/C_/Users/a_c_e_r/.pico-sdk/sdk/2.0.0/src/rp2_common/pico_float/float_aeabi_rp2040.S.obj
                0x10003484                __wrap___aeabi_i2f
                0x10003484                int2float
 .text.__wrap___aeabi_f2uiz
                0x100034c8        0xc CMakeFiles/atSampling_Device.dir/C_/Users/a_c_e_r/.pico-sdk/sdk/2.0.0/src/rp2_common/pico_float/float_aeabi_rp2040.S.obj
                0x100034c8                __wrap___aeabi_f2uiz
                0x100034c8                float2uint_z
 .text.__wrap___aeabi_f2d
                0x100034d4       0x14 CMakeFiles/atSampling_Device.dir/C_/Users/a_c_e_r/.pico-sdk/sdk/2.0.0/src/rp2_common/pico_float/float_aeabi_rp2040.S.obj
                0x100034d4                __wrap___aeabi_f2d
 .text.__aeabi_float_init
                0x100034e8       0x64 CMakeFiles/atSampling_Device.dir/C_/Users/a_c_e_r/.pico-sdk/sdk/2.0.0/src/rp2_common/pico_float/float_init_rom_rp2040.c.obj
                0x100034e8                __aeabi_float_init
 .text.float_table_shim_on_use_helper
                0x1000354c       0x2c CMakeFiles/atSampling_Device.dir/C_/Users/a_c_e_r/.pico-sdk/sdk/2.0.0/src/rp2_common/pico_float/float_v1_rom_shim_rp2040.S.obj
                0x1000354c                float_table_shim_on_use_helper
 .text.float2double_shim
                0x10003578       0x30 CMakeFiles/atSampling_Device.dir/C_/Users/a_c_e_r/.pico-sdk/sdk/2.0.0/src/rp2_common/pico_float/float_v1_rom_shim_rp2040.S.obj
                0x10003578                float2double_shim
 .text.__wrap_malloc
                0x100035a8       0x3c CMakeFiles/atSampling_Device.dir/C_/Users/a_c_e_r/.pico-sdk/sdk/2.0.0/src/rp2_common/pico_malloc/malloc.c.obj
                0x100035a8                __wrap_malloc
 .text.__wrap_realloc
                0x100035e4       0x40 CMakeFiles/atSampling_Device.dir/C_/Users/a_c_e_r/.pico-sdk/sdk/2.0.0/src/rp2_common/pico_malloc/malloc.c.obj
                0x100035e4                __wrap_realloc
 .text.__wrap_free
                0x10003624       0x20 CMakeFiles/atSampling_Device.dir/C_/Users/a_c_e_r/.pico-sdk/sdk/2.0.0/src/rp2_common/pico_malloc/malloc.c.obj
                0x10003624                __wrap_free
 .text          0x10003644       0x10 CMakeFiles/atSampling_Device.dir/C_/Users/a_c_e_r/.pico-sdk/sdk/2.0.0/src/rp2_common/pico_mem_ops/mem_ops_aeabi.S.obj
                0x10003644                __aeabi_mem_init
 .text.memset   0x10003654        0xc CMakeFiles/atSampling_Device.dir/C_/Users/a_c_e_r/.pico-sdk/sdk/2.0.0/src/rp2_common/pico_mem_ops/mem_ops_aeabi.S.obj
                0x10003654                __wrap_memset
 .text.memcpy   0x10003660        0xc CMakeFiles/atSampling_Device.dir/C_/Users/a_c_e_r/.pico-sdk/sdk/2.0.0/src/rp2_common/pico_mem_ops/mem_ops_aeabi.S.obj
                0x10003660                __wrap_memcpy
                0x10003660                __wrap___aeabi_memcpy
 .text._ZdlPvj  0x1000366c        0x8 CMakeFiles/atSampling_Device.dir/C_/Users/a_c_e_r/.pico-sdk/sdk/2.0.0/src/rp2_common/pico_cxx_options/new_delete.cpp.obj
                0x1000366c                operator delete(void*, unsigned int)
 .text._out_buffer
                0x10003674        0x8 CMakeFiles/atSampling_Device.dir/C_/Users/a_c_e_r/.pico-sdk/sdk/2.0.0/src/rp2_common/pico_printf/printf.c.obj
 .text._out_null
                0x1000367c        0x4 CMakeFiles/atSampling_Device.dir/C_/Users/a_c_e_r/.pico-sdk/sdk/2.0.0/src/rp2_common/pico_printf/printf.c.obj
 .text._out_rev
                0x10003680       0xac CMakeFiles/atSampling_Device.dir/C_/Users/a_c_e_r/.pico-sdk/sdk/2.0.0/src/rp2_common/pico_printf/printf.c.obj
 .text._ntoa_format
                0x1000372c      0x250 CMakeFiles/atSampling_Device.dir/C_/Users/a_c_e_r/.pico-sdk/sdk/2.0.0/src/rp2_common/pico_printf/printf.c.obj
 .text._out_char
                0x1000397c       0x10 CMakeFiles/atSampling_Device.dir/C_/Users/a_c_e_r/.pico-sdk/sdk/2.0.0/src/rp2_common/pico_printf/printf.c.obj
 .text._out_fct
                0x1000398c       0x10 CMakeFiles/atSampling_Device.dir/C_/Users/a_c_e_r/.pico-sdk/sdk/2.0.0/src/rp2_common/pico_printf/printf.c.obj
 .text._etoa    0x1000399c      0x464 CMakeFiles/atSampling_Device.dir/C_/Users/a_c_e_r/.pico-sdk/sdk/2.0.0/src/rp2_common/pico_printf/printf.c.obj
 .text._ftoa    0x10003e00      0x3c0 CMakeFiles/atSampling_Device.dir/C_/Users/a_c_e_r/.pico-sdk/sdk/2.0.0/src/rp2_common/pico_printf/printf.c.obj
 .text._vsnprintf
                0x100041c0      0xbc8 CMakeFiles/atSampling_Device.dir/C_/Users/a_c_e_r/.pico-sdk/sdk/2.0.0/src/rp2_common/pico_printf/printf.c.obj
 .text.__wrap_sprintf
                0x10004d88       0x2c CMakeFiles/atSampling_Device.dir/C_/Users/a_c_e_r/.pico-sdk/sdk/2.0.0/src/rp2_common/pico_printf/printf.c.obj
                0x10004d88                __wrap_sprintf
 .text.vfctprintf
                0x10004db4       0x20 CMakeFiles/atSampling_Device.dir/C_/Users/a_c_e_r/.pico-sdk/sdk/2.0.0/src/rp2_common/pico_printf/printf.c.obj
                0x10004db4                vfctprintf
 .text.weak_raw_vprintf
                0x10004dd4       0x30 CMakeFiles/atSampling_Device.dir/C_/Users/a_c_e_r/.pico-sdk/sdk/2.0.0/src/rp2_common/pico_printf/printf.c.obj
                0x10004dd4                weak_raw_vprintf
 .text._exit    0x10004e04        0x4 CMakeFiles/atSampling_Device.dir/C_/Users/a_c_e_r/.pico-sdk/sdk/2.0.0/src/rp2_common/pico_clib_interface/newlib_interface.c.obj
                0x10004e04                _exit
 .text._sbrk    0x10004e08       0x34 CMakeFiles/atSampling_Device.dir/C_/Users/a_c_e_r/.pico-sdk/sdk/2.0.0/src/rp2_common/pico_clib_interface/newlib_interface.c.obj
                0x10004e08                _sbrk
 .text._getpid  0x10004e3c        0x4 CMakeFiles/atSampling_Device.dir/C_/Users/a_c_e_r/.pico-sdk/sdk/2.0.0/src/rp2_common/pico_clib_interface/newlib_interface.c.obj
                0x10004e3c                _getpid
 .text._kill    0x10004e40        0x8 CMakeFiles/atSampling_Device.dir/C_/Users/a_c_e_r/.pico-sdk/sdk/2.0.0/src/rp2_common/pico_clib_interface/newlib_interface.c.obj
                0x10004e40                _kill
 .text._read    0x10004e48       0x24 CMakeFiles/atSampling_Device.dir/C_/Users/a_c_e_r/.pico-sdk/sdk/2.0.0/src/rp2_common/pico_clib_interface/newlib_interface.c.obj
                0x10004e48                _read
 .text._write   0x10004e6c       0x24 CMakeFiles/atSampling_Device.dir/C_/Users/a_c_e_r/.pico-sdk/sdk/2.0.0/src/rp2_common/pico_clib_interface/newlib_interface.c.obj
                0x10004e6c                _write
 .text._close   0x10004e90        0x8 CMakeFiles/atSampling_Device.dir/C_/Users/a_c_e_r/.pico-sdk/sdk/2.0.0/src/rp2_common/pico_clib_interface/newlib_interface.c.obj
                0x10004e90                _close
 .text._lseek   0x10004e98        0x8 CMakeFiles/atSampling_Device.dir/C_/Users/a_c_e_r/.pico-sdk/sdk/2.0.0/src/rp2_common/pico_clib_interface/newlib_interface.c.obj
                0x10004e98                _lseek
 .text._fstat   0x10004ea0        0x8 CMakeFiles/atSampling_Device.dir/C_/Users/a_c_e_r/.pico-sdk/sdk/2.0.0/src/rp2_common/pico_clib_interface/newlib_interface.c.obj
                0x10004ea0                _fstat
 .text._isatty  0x10004ea8        0xc CMakeFiles/atSampling_Device.dir/C_/Users/a_c_e_r/.pico-sdk/sdk/2.0.0/src/rp2_common/pico_clib_interface/newlib_interface.c.obj
                0x10004ea8                _isatty
 .text.exit     0x10004eb4        0x8 CMakeFiles/atSampling_Device.dir/C_/Users/a_c_e_r/.pico-sdk/sdk/2.0.0/src/rp2_common/pico_clib_interface/newlib_interface.c.obj
                0x10004eb4                exit
 .text.runtime_init
                0x10004ebc       0x2c CMakeFiles/atSampling_Device.dir/C_/Users/a_c_e_r/.pico-sdk/sdk/2.0.0/src/rp2_common/pico_clib_interface/newlib_interface.c.obj
                0x10004ebc                runtime_init
 .text.stdio_out_chars_no_crlf
                0x10004ee8       0x10 CMakeFiles/atSampling_Device.dir/C_/Users/a_c_e_r/.pico-sdk/sdk/2.0.0/src/rp2_common/pico_stdio/stdio.c.obj
 .text.stdio_out_chars_crlf
                0x10004ef8       0x94 CMakeFiles/atSampling_Device.dir/C_/Users/a_c_e_r/.pico-sdk/sdk/2.0.0/src/rp2_common/pico_stdio/stdio.c.obj
 .text.stdio_buffered_printer
                0x10004f8c       0x64 CMakeFiles/atSampling_Device.dir/C_/Users/a_c_e_r/.pico-sdk/sdk/2.0.0/src/rp2_common/pico_stdio/stdio.c.obj
 .text.stdio_put_string
                0x10004ff0      0x100 CMakeFiles/atSampling_Device.dir/C_/Users/a_c_e_r/.pico-sdk/sdk/2.0.0/src/rp2_common/pico_stdio/stdio.c.obj
                0x10004ff0                stdio_put_string
 .text.stdio_get_until
                0x100050f0       0x84 CMakeFiles/atSampling_Device.dir/C_/Users/a_c_e_r/.pico-sdk/sdk/2.0.0/src/rp2_common/pico_stdio/stdio.c.obj
                0x100050f0                stdio_get_until
 .text.stdio_set_driver_enabled
                0x10005174       0x30 CMakeFiles/atSampling_Device.dir/C_/Users/a_c_e_r/.pico-sdk/sdk/2.0.0/src/rp2_common/pico_stdio/stdio.c.obj
                0x10005174                stdio_set_driver_enabled
 .text.stdio_init_all
                0x100051a4        0x8 CMakeFiles/atSampling_Device.dir/C_/Users/a_c_e_r/.pico-sdk/sdk/2.0.0/src/rp2_common/pico_stdio/stdio.c.obj
                0x100051a4                stdio_init_all
 .text.__wrap_putchar
                0x100051ac       0x98 CMakeFiles/atSampling_Device.dir/C_/Users/a_c_e_r/.pico-sdk/sdk/2.0.0/src/rp2_common/pico_stdio/stdio.c.obj
                0x100051ac                __wrap_putchar
                0x100051ac                stdio_putchar
 .text.__wrap_puts
                0x10005244       0x3c CMakeFiles/atSampling_Device.dir/C_/Users/a_c_e_r/.pico-sdk/sdk/2.0.0/src/rp2_common/pico_stdio/stdio.c.obj
                0x10005244                stdio_puts
                0x10005244                __wrap_puts
 .text.__wrap_vprintf
                0x10005280       0xd4 CMakeFiles/atSampling_Device.dir/C_/Users/a_c_e_r/.pico-sdk/sdk/2.0.0/src/rp2_common/pico_stdio/stdio.c.obj
                0x10005280                stdio_vprintf
                0x10005280                __wrap_vprintf
 .text.__wrap_printf
                0x10005354       0x18 CMakeFiles/atSampling_Device.dir/C_/Users/a_c_e_r/.pico-sdk/sdk/2.0.0/src/rp2_common/pico_stdio/stdio.c.obj
                0x10005354                __wrap_printf
                0x10005354                stdio_printf
 .text.resetd_init
                0x1000536c        0x4 CMakeFiles/atSampling_Device.dir/C_/Users/a_c_e_r/.pico-sdk/sdk/2.0.0/src/rp2_common/pico_stdio_usb/reset_interface.c.obj
 .text.resetd_reset
                0x10005370        0xc CMakeFiles/atSampling_Device.dir/C_/Users/a_c_e_r/.pico-sdk/sdk/2.0.0/src/rp2_common/pico_stdio_usb/reset_interface.c.obj
 .text.resetd_open
                0x1000537c       0x28 CMakeFiles/atSampling_Device.dir/C_/Users/a_c_e_r/.pico-sdk/sdk/2.0.0/src/rp2_common/pico_stdio_usb/reset_interface.c.obj
 .text.resetd_xfer_cb
                0x100053a4        0x4 CMakeFiles/atSampling_Device.dir/C_/Users/a_c_e_r/.pico-sdk/sdk/2.0.0/src/rp2_common/pico_stdio_usb/reset_interface.c.obj
 .text.resetd_control_xfer_cb
                0x100053a8       0x54 CMakeFiles/atSampling_Device.dir/C_/Users/a_c_e_r/.pico-sdk/sdk/2.0.0/src/rp2_common/pico_stdio_usb/reset_interface.c.obj
 .text.tud_descriptor_bos_cb
                0x100053fc        0x8 CMakeFiles/atSampling_Device.dir/C_/Users/a_c_e_r/.pico-sdk/sdk/2.0.0/src/rp2_common/pico_stdio_usb/reset_interface.c.obj
                0x100053fc                tud_descriptor_bos_cb
 .text.tud_vendor_control_xfer_cb
                0x10005404       0x34 CMakeFiles/atSampling_Device.dir/C_/Users/a_c_e_r/.pico-sdk/sdk/2.0.0/src/rp2_common/pico_stdio_usb/reset_interface.c.obj
                0x10005404                tud_vendor_control_xfer_cb
 .text.usbd_app_driver_get_cb
                0x10005438        0xc CMakeFiles/atSampling_Device.dir/C_/Users/a_c_e_r/.pico-sdk/sdk/2.0.0/src/rp2_common/pico_stdio_usb/reset_interface.c.obj
                0x10005438                usbd_app_driver_get_cb
 .text.tud_cdc_line_coding_cb
                0x10005444       0x28 CMakeFiles/atSampling_Device.dir/C_/Users/a_c_e_r/.pico-sdk/sdk/2.0.0/src/rp2_common/pico_stdio_usb/reset_interface.c.obj
                0x10005444                tud_cdc_line_coding_cb
 .text.stdio_usb_set_chars_available_callback
                0x1000546c       0x14 CMakeFiles/atSampling_Device.dir/C_/Users/a_c_e_r/.pico-sdk/sdk/2.0.0/src/rp2_common/pico_stdio_usb/stdio_usb.c.obj
                0x1000546c                stdio_usb_set_chars_available_callback
 .text.usb_irq  0x10005480       0x10 CMakeFiles/atSampling_Device.dir/C_/Users/a_c_e_r/.pico-sdk/sdk/2.0.0/src/rp2_common/pico_stdio_usb/stdio_usb.c.obj
 .text.timer_task
                0x10005490       0x64 CMakeFiles/atSampling_Device.dir/C_/Users/a_c_e_r/.pico-sdk/sdk/2.0.0/src/rp2_common/pico_stdio_usb/stdio_usb.c.obj
 .text.stdio_usb_in_chars
                0x100054f4       0x90 CMakeFiles/atSampling_Device.dir/C_/Users/a_c_e_r/.pico-sdk/sdk/2.0.0/src/rp2_common/pico_stdio_usb/stdio_usb.c.obj
                0x100054f4                stdio_usb_in_chars
 .text.stdio_usb_out_flush
                0x10005584       0x50 CMakeFiles/atSampling_Device.dir/C_/Users/a_c_e_r/.pico-sdk/sdk/2.0.0/src/rp2_common/pico_stdio_usb/stdio_usb.c.obj
 .text.stdio_usb_out_chars
                0x100055d4      0x104 CMakeFiles/atSampling_Device.dir/C_/Users/a_c_e_r/.pico-sdk/sdk/2.0.0/src/rp2_common/pico_stdio_usb/stdio_usb.c.obj
 .text.low_priority_worker_irq
                0x100056d8       0xcc CMakeFiles/atSampling_Device.dir/C_/Users/a_c_e_r/.pico-sdk/sdk/2.0.0/src/rp2_common/pico_stdio_usb/stdio_usb.c.obj
 .text.stdio_usb_init
                0x100057a4       0xe8 CMakeFiles/atSampling_Device.dir/C_/Users/a_c_e_r/.pico-sdk/sdk/2.0.0/src/rp2_common/pico_stdio_usb/stdio_usb.c.obj
                0x100057a4                stdio_usb_init
 .text.tud_descriptor_device_cb
                0x1000588c        0x8 CMakeFiles/atSampling_Device.dir/C_/Users/a_c_e_r/.pico-sdk/sdk/2.0.0/src/rp2_common/pico_stdio_usb/stdio_usb_descriptors.c.obj
                0x1000588c                tud_descriptor_device_cb
 .text.tud_descriptor_configuration_cb
                0x10005894        0x8 CMakeFiles/atSampling_Device.dir/C_/Users/a_c_e_r/.pico-sdk/sdk/2.0.0/src/rp2_common/pico_stdio_usb/stdio_usb_descriptors.c.obj
                0x10005894                tud_descriptor_configuration_cb
 .text.tud_descriptor_string_cb
                0x1000589c       0x78 CMakeFiles/atSampling_Device.dir/C_/Users/a_c_e_r/.pico-sdk/sdk/2.0.0/src/rp2_common/pico_stdio_usb/stdio_usb_descriptors.c.obj
                0x1000589c                tud_descriptor_string_cb
 .text.startup._retrieve_unique_id_on_boot
                0x10005914       0x10 CMakeFiles/atSampling_Device.dir/C_/Users/a_c_e_r/.pico-sdk/sdk/2.0.0/src/rp2_common/pico_unique_id/unique_id.c.obj
 .text.pico_get_unique_board_id_string
                0x10005924      0x1a8 CMakeFiles/atSampling_Device.dir/C_/Users/a_c_e_r/.pico-sdk/sdk/2.0.0/src/rp2_common/pico_unique_id/unique_id.c.obj
                0x10005924                pico_get_unique_board_id_string
 .text.flash_get_unique_id
                0x10005acc       0x3c CMakeFiles/atSampling_Device.dir/C_/Users/a_c_e_r/.pico-sdk/sdk/2.0.0/src/rp2_common/hardware_flash/flash.c.obj
                0x10005acc                flash_get_unique_id
 .text.dcd_init
                0x10005b08       0x8c CMakeFiles/atSampling_Device.dir/C_/Users/a_c_e_r/.pico-sdk/sdk/2.0.0/lib/tinyusb/src/portable/raspberrypi/rp2040/dcd_rp2040.c.obj
                0x10005b08                dcd_init
 .text.dcd_int_enable
                0x10005b94        0xc CMakeFiles/atSampling_Device.dir/C_/Users/a_c_e_r/.pico-sdk/sdk/2.0.0/lib/tinyusb/src/portable/raspberrypi/rp2040/dcd_rp2040.c.obj
                0x10005b94                dcd_int_enable
 .text.dcd_set_address
                0x10005ba0       0x14 CMakeFiles/atSampling_Device.dir/C_/Users/a_c_e_r/.pico-sdk/sdk/2.0.0/lib/tinyusb/src/portable/raspberrypi/rp2040/dcd_rp2040.c.obj
                0x10005ba0                dcd_set_address
 .text.dcd_sof_enable
                0x10005bb4       0x1c CMakeFiles/atSampling_Device.dir/C_/Users/a_c_e_r/.pico-sdk/sdk/2.0.0/lib/tinyusb/src/portable/raspberrypi/rp2040/dcd_rp2040.c.obj
                0x10005bb4                dcd_sof_enable
 .text.dcd_edpt0_status_complete
                0x10005bd0       0x1c CMakeFiles/atSampling_Device.dir/C_/Users/a_c_e_r/.pico-sdk/sdk/2.0.0/lib/tinyusb/src/portable/raspberrypi/rp2040/dcd_rp2040.c.obj
                0x10005bd0                dcd_edpt0_status_complete
 .text.dcd_edpt_open
                0x10005bec      0x108 CMakeFiles/atSampling_Device.dir/C_/Users/a_c_e_r/.pico-sdk/sdk/2.0.0/lib/tinyusb/src/portable/raspberrypi/rp2040/dcd_rp2040.c.obj
                0x10005bec                dcd_edpt_open
 .text.dcd_edpt_close_all
                0x10005cf4        0x8 CMakeFiles/atSampling_Device.dir/C_/Users/a_c_e_r/.pico-sdk/sdk/2.0.0/lib/tinyusb/src/portable/raspberrypi/rp2040/dcd_rp2040.c.obj
                0x10005cf4                dcd_edpt_close_all
 .text.dcd_edpt_xfer
                0x10005cfc       0x24 CMakeFiles/atSampling_Device.dir/C_/Users/a_c_e_r/.pico-sdk/sdk/2.0.0/lib/tinyusb/src/portable/raspberrypi/rp2040/dcd_rp2040.c.obj
                0x10005cfc                dcd_edpt_xfer
 .text.dcd_edpt_stall
                0x10005d20       0x34 CMakeFiles/atSampling_Device.dir/C_/Users/a_c_e_r/.pico-sdk/sdk/2.0.0/lib/tinyusb/src/portable/raspberrypi/rp2040/dcd_rp2040.c.obj
                0x10005d20                dcd_edpt_stall
 .text.dcd_edpt_clear_stall
                0x10005d54       0x30 CMakeFiles/atSampling_Device.dir/C_/Users/a_c_e_r/.pico-sdk/sdk/2.0.0/lib/tinyusb/src/portable/raspberrypi/rp2040/dcd_rp2040.c.obj
                0x10005d54                dcd_edpt_clear_stall
 .text.rp2040_usb_init
                0x10005d84       0x40 CMakeFiles/atSampling_Device.dir/C_/Users/a_c_e_r/.pico-sdk/sdk/2.0.0/lib/tinyusb/src/portable/raspberrypi/rp2040/rp2040_usb.c.obj
                0x10005d84                rp2040_usb_init
 .text.hw_endpoint_xfer_start
                0x10005dc4       0x40 CMakeFiles/atSampling_Device.dir/C_/Users/a_c_e_r/.pico-sdk/sdk/2.0.0/lib/tinyusb/src/portable/raspberrypi/rp2040/rp2040_usb.c.obj
                0x10005dc4                hw_endpoint_xfer_start
 .text.tud_event_hook_cb
                0x10005e04        0x4 CMakeFiles/atSampling_Device.dir/C_/Users/a_c_e_r/.pico-sdk/sdk/2.0.0/lib/tinyusb/src/device/usbd.c.obj
                0x10005e04                tud_event_hook_cb
 .text.tud_sof_cb
                0x10005e08        0x4 CMakeFiles/atSampling_Device.dir/C_/Users/a_c_e_r/.pico-sdk/sdk/2.0.0/lib/tinyusb/src/device/usbd.c.obj
                0x10005e08                tud_sof_cb
 .text.tud_descriptor_device_qualifier_cb
                0x10005e0c        0x4 CMakeFiles/atSampling_Device.dir/C_/Users/a_c_e_r/.pico-sdk/sdk/2.0.0/lib/tinyusb/src/device/usbd.c.obj
                0x10005e0c                tud_descriptor_device_qualifier_cb
 .text.tud_descriptor_other_speed_configuration_cb
                0x10005e10        0x4 CMakeFiles/atSampling_Device.dir/C_/Users/a_c_e_r/.pico-sdk/sdk/2.0.0/lib/tinyusb/src/device/usbd.c.obj
                0x10005e10                tud_descriptor_other_speed_configuration_cb
 .text.tud_mount_cb
                0x10005e14        0x4 CMakeFiles/atSampling_Device.dir/C_/Users/a_c_e_r/.pico-sdk/sdk/2.0.0/lib/tinyusb/src/device/usbd.c.obj
                0x10005e14                tud_mount_cb
 .text.tud_umount_cb
                0x10005e18        0x4 CMakeFiles/atSampling_Device.dir/C_/Users/a_c_e_r/.pico-sdk/sdk/2.0.0/lib/tinyusb/src/device/usbd.c.obj
                0x10005e18                tud_umount_cb
 .text.tud_suspend_cb
                0x10005e1c        0x4 CMakeFiles/atSampling_Device.dir/C_/Users/a_c_e_r/.pico-sdk/sdk/2.0.0/lib/tinyusb/src/device/usbd.c.obj
                0x10005e1c                tud_suspend_cb
 .text.tud_resume_cb
                0x10005e20        0x4 CMakeFiles/atSampling_Device.dir/C_/Users/a_c_e_r/.pico-sdk/sdk/2.0.0/lib/tinyusb/src/device/usbd.c.obj
                0x10005e20                tud_resume_cb
 .text.tud_mounted
                0x10005e24       0x10 CMakeFiles/atSampling_Device.dir/C_/Users/a_c_e_r/.pico-sdk/sdk/2.0.0/lib/tinyusb/src/device/usbd.c.obj
                0x10005e24                tud_mounted
 .text.tud_suspended
                0x10005e34       0x10 CMakeFiles/atSampling_Device.dir/C_/Users/a_c_e_r/.pico-sdk/sdk/2.0.0/lib/tinyusb/src/device/usbd.c.obj
                0x10005e34                tud_suspended
 .text.tud_init
                0x10005e44       0xe4 CMakeFiles/atSampling_Device.dir/C_/Users/a_c_e_r/.pico-sdk/sdk/2.0.0/lib/tinyusb/src/device/usbd.c.obj
                0x10005e44                tud_init
 .text.tud_task_ext
                0x10005f28      0x800 CMakeFiles/atSampling_Device.dir/C_/Users/a_c_e_r/.pico-sdk/sdk/2.0.0/lib/tinyusb/src/device/usbd.c.obj
                0x10005f28                tud_task_ext
 .text.usbd_open_edpt_pair
                0x10006728       0x9c CMakeFiles/atSampling_Device.dir/C_/Users/a_c_e_r/.pico-sdk/sdk/2.0.0/lib/tinyusb/src/device/usbd.c.obj
                0x10006728                usbd_open_edpt_pair
 .text.usbd_edpt_open
                0x100067c4       0x34 CMakeFiles/atSampling_Device.dir/C_/Users/a_c_e_r/.pico-sdk/sdk/2.0.0/lib/tinyusb/src/device/usbd.c.obj
                0x100067c4                usbd_edpt_open
 .text.usbd_edpt_claim
                0x100067f8       0x28 CMakeFiles/atSampling_Device.dir/C_/Users/a_c_e_r/.pico-sdk/sdk/2.0.0/lib/tinyusb/src/device/usbd.c.obj
                0x100067f8                usbd_edpt_claim
 .text.usbd_edpt_release
                0x10006820       0x28 CMakeFiles/atSampling_Device.dir/C_/Users/a_c_e_r/.pico-sdk/sdk/2.0.0/lib/tinyusb/src/device/usbd.c.obj
                0x10006820                usbd_edpt_release
 .text.usbd_edpt_xfer
                0x10006848       0x4c CMakeFiles/atSampling_Device.dir/C_/Users/a_c_e_r/.pico-sdk/sdk/2.0.0/lib/tinyusb/src/device/usbd.c.obj
                0x10006848                usbd_edpt_xfer
 .text.tud_control_status
                0x10006894       0x2c CMakeFiles/atSampling_Device.dir/C_/Users/a_c_e_r/.pico-sdk/sdk/2.0.0/lib/tinyusb/src/device/usbd_control.c.obj
                0x10006894                tud_control_status
 .text.tud_control_xfer
                0x100068c0       0xac CMakeFiles/atSampling_Device.dir/C_/Users/a_c_e_r/.pico-sdk/sdk/2.0.0/lib/tinyusb/src/device/usbd_control.c.obj
                0x100068c0                tud_control_xfer
 .text.usbd_control_reset
                0x1000696c       0x14 CMakeFiles/atSampling_Device.dir/C_/Users/a_c_e_r/.pico-sdk/sdk/2.0.0/lib/tinyusb/src/device/usbd_control.c.obj
                0x1000696c                usbd_control_reset
 .text.usbd_control_set_complete_callback
                0x10006980        0xc CMakeFiles/atSampling_Device.dir/C_/Users/a_c_e_r/.pico-sdk/sdk/2.0.0/lib/tinyusb/src/device/usbd_control.c.obj
                0x10006980                usbd_control_set_complete_callback
 .text.usbd_control_set_request
                0x1000698c       0x1c CMakeFiles/atSampling_Device.dir/C_/Users/a_c_e_r/.pico-sdk/sdk/2.0.0/lib/tinyusb/src/device/usbd_control.c.obj
                0x1000698c                usbd_control_set_request
 .text.usbd_control_xfer_cb
                0x100069a8       0xec CMakeFiles/atSampling_Device.dir/C_/Users/a_c_e_r/.pico-sdk/sdk/2.0.0/lib/tinyusb/src/device/usbd_control.c.obj
                0x100069a8                usbd_control_xfer_cb
 .text._prep_out_transaction.isra.0
                0x10006a94       0x5c CMakeFiles/atSampling_Device.dir/C_/Users/a_c_e_r/.pico-sdk/sdk/2.0.0/lib/tinyusb/src/class/cdc/cdc_device.c.obj
 .text.tud_cdc_n_connected
                0x10006af0       0x30 CMakeFiles/atSampling_Device.dir/C_/Users/a_c_e_r/.pico-sdk/sdk/2.0.0/lib/tinyusb/src/class/cdc/cdc_device.c.obj
                0x10006af0                tud_cdc_n_connected
 .text.tud_cdc_n_available
                0x10006b20       0x18 CMakeFiles/atSampling_Device.dir/C_/Users/a_c_e_r/.pico-sdk/sdk/2.0.0/lib/tinyusb/src/class/cdc/cdc_device.c.obj
                0x10006b20                tud_cdc_n_available
 .text.tud_cdc_n_read
                0x10006b38       0x98 CMakeFiles/atSampling_Device.dir/C_/Users/a_c_e_r/.pico-sdk/sdk/2.0.0/lib/tinyusb/src/class/cdc/cdc_device.c.obj
                0x10006b38                tud_cdc_n_read
 .text.tud_cdc_n_write_flush
                0x10006bd0       0x78 CMakeFiles/atSampling_Device.dir/C_/Users/a_c_e_r/.pico-sdk/sdk/2.0.0/lib/tinyusb/src/class/cdc/cdc_device.c.obj
                0x10006bd0                tud_cdc_n_write_flush
 .text.tud_cdc_n_write
                0x10006c48       0x40 CMakeFiles/atSampling_Device.dir/C_/Users/a_c_e_r/.pico-sdk/sdk/2.0.0/lib/tinyusb/src/class/cdc/cdc_device.c.obj
                0x10006c48                tud_cdc_n_write
 .text.tud_cdc_n_write_available
                0x10006c88       0x18 CMakeFiles/atSampling_Device.dir/C_/Users/a_c_e_r/.pico-sdk/sdk/2.0.0/lib/tinyusb/src/class/cdc/cdc_device.c.obj
                0x10006c88                tud_cdc_n_write_available
 .text.cdcd_init
                0x10006ca0       0x7c CMakeFiles/atSampling_Device.dir/C_/Users/a_c_e_r/.pico-sdk/sdk/2.0.0/lib/tinyusb/src/class/cdc/cdc_device.c.obj
                0x10006ca0                cdcd_init
 .text.cdcd_deinit
                0x10006d1c       0x34 CMakeFiles/atSampling_Device.dir/C_/Users/a_c_e_r/.pico-sdk/sdk/2.0.0/lib/tinyusb/src/class/cdc/cdc_device.c.obj
                0x10006d1c                cdcd_deinit
 .text.cdcd_reset
                0x10006d50       0x4c CMakeFiles/atSampling_Device.dir/C_/Users/a_c_e_r/.pico-sdk/sdk/2.0.0/lib/tinyusb/src/class/cdc/cdc_device.c.obj
                0x10006d50                cdcd_reset
 .text.cdcd_open
                0x10006d9c       0xb0 CMakeFiles/atSampling_Device.dir/C_/Users/a_c_e_r/.pico-sdk/sdk/2.0.0/lib/tinyusb/src/class/cdc/cdc_device.c.obj
                0x10006d9c                cdcd_open
 .text.cdcd_control_xfer_cb
                0x10006e4c       0xe4 CMakeFiles/atSampling_Device.dir/C_/Users/a_c_e_r/.pico-sdk/sdk/2.0.0/lib/tinyusb/src/class/cdc/cdc_device.c.obj
                0x10006e4c                cdcd_control_xfer_cb
 .text.cdcd_xfer_cb
                0x10006f30      0x100 CMakeFiles/atSampling_Device.dir/C_/Users/a_c_e_r/.pico-sdk/sdk/2.0.0/lib/tinyusb/src/class/cdc/cdc_device.c.obj
                0x10006f30                cdcd_xfer_cb
 .text.tud_vendor_n_write_flush
                0x10007030       0x78 CMakeFiles/atSampling_Device.dir/C_/Users/a_c_e_r/.pico-sdk/sdk/2.0.0/lib/tinyusb/src/class/vendor/vendor_device.c.obj
                0x10007030                tud_vendor_n_write_flush
 .text.vendord_init
                0x100070a8       0x64 CMakeFiles/atSampling_Device.dir/C_/Users/a_c_e_r/.pico-sdk/sdk/2.0.0/lib/tinyusb/src/class/vendor/vendor_device.c.obj
                0x100070a8                vendord_init
 .text.vendord_deinit
                0x1000710c       0x34 CMakeFiles/atSampling_Device.dir/C_/Users/a_c_e_r/.pico-sdk/sdk/2.0.0/lib/tinyusb/src/class/vendor/vendor_device.c.obj
                0x1000710c                vendord_deinit
 .text.vendord_reset
                0x10007140       0x1c CMakeFiles/atSampling_Device.dir/C_/Users/a_c_e_r/.pico-sdk/sdk/2.0.0/lib/tinyusb/src/class/vendor/vendor_device.c.obj
                0x10007140                vendord_reset
 .text.vendord_open
                0x1000715c       0xd8 CMakeFiles/atSampling_Device.dir/C_/Users/a_c_e_r/.pico-sdk/sdk/2.0.0/lib/tinyusb/src/class/vendor/vendor_device.c.obj
                0x1000715c                vendord_open
 .text.vendord_xfer_cb
                0x10007234       0xc8 CMakeFiles/atSampling_Device.dir/C_/Users/a_c_e_r/.pico-sdk/sdk/2.0.0/lib/tinyusb/src/class/vendor/vendor_device.c.obj
                0x10007234                vendord_xfer_cb
 .text.tusb_init
                0x100072fc        0xc CMakeFiles/atSampling_Device.dir/C_/Users/a_c_e_r/.pico-sdk/sdk/2.0.0/lib/tinyusb/src/tusb.c.obj
                0x100072fc                tusb_init
 .text.tu_edpt_claim
                0x10007308       0x50 CMakeFiles/atSampling_Device.dir/C_/Users/a_c_e_r/.pico-sdk/sdk/2.0.0/lib/tinyusb/src/tusb.c.obj
                0x10007308                tu_edpt_claim
 .text.tu_edpt_release
                0x10007358       0x38 CMakeFiles/atSampling_Device.dir/C_/Users/a_c_e_r/.pico-sdk/sdk/2.0.0/lib/tinyusb/src/tusb.c.obj
                0x10007358                tu_edpt_release
 .text.tu_edpt_validate
                0x10007390       0x7c CMakeFiles/atSampling_Device.dir/C_/Users/a_c_e_r/.pico-sdk/sdk/2.0.0/lib/tinyusb/src/tusb.c.obj
                0x10007390                tu_edpt_validate
 .text.tu_edpt_bind_driver
                0x1000740c       0x34 CMakeFiles/atSampling_Device.dir/C_/Users/a_c_e_r/.pico-sdk/sdk/2.0.0/lib/tinyusb/src/tusb.c.obj
                0x1000740c                tu_edpt_bind_driver
 .text.tu_fifo_config
                0x10007440       0x6c CMakeFiles/atSampling_Device.dir/C_/Users/a_c_e_r/.pico-sdk/sdk/2.0.0/lib/tinyusb/src/common/tusb_fifo.c.obj
                0x10007440                tu_fifo_config
 .text.tu_fifo_count
                0x100074ac       0x2c CMakeFiles/atSampling_Device.dir/C_/Users/a_c_e_r/.pico-sdk/sdk/2.0.0/lib/tinyusb/src/common/tusb_fifo.c.obj
                0x100074ac                tu_fifo_count
 .text.tu_fifo_empty
                0x100074d8       0x10 CMakeFiles/atSampling_Device.dir/C_/Users/a_c_e_r/.pico-sdk/sdk/2.0.0/lib/tinyusb/src/common/tusb_fifo.c.obj
                0x100074d8                tu_fifo_empty
 .text.tu_fifo_remaining
                0x100074e8       0x2c CMakeFiles/atSampling_Device.dir/C_/Users/a_c_e_r/.pico-sdk/sdk/2.0.0/lib/tinyusb/src/common/tusb_fifo.c.obj
                0x100074e8                tu_fifo_remaining
 .text.tu_fifo_read
                0x10007514       0x9c CMakeFiles/atSampling_Device.dir/C_/Users/a_c_e_r/.pico-sdk/sdk/2.0.0/lib/tinyusb/src/common/tusb_fifo.c.obj
                0x10007514                tu_fifo_read
 .text.tu_fifo_read_n
                0x100075b0       0xe8 CMakeFiles/atSampling_Device.dir/C_/Users/a_c_e_r/.pico-sdk/sdk/2.0.0/lib/tinyusb/src/common/tusb_fifo.c.obj
                0x100075b0                tu_fifo_read_n
 .text.tu_fifo_write
                0x10007698       0xa8 CMakeFiles/atSampling_Device.dir/C_/Users/a_c_e_r/.pico-sdk/sdk/2.0.0/lib/tinyusb/src/common/tusb_fifo.c.obj
                0x10007698                tu_fifo_write
 .text.tu_fifo_write_n
                0x10007740      0x178 CMakeFiles/atSampling_Device.dir/C_/Users/a_c_e_r/.pico-sdk/sdk/2.0.0/lib/tinyusb/src/common/tusb_fifo.c.obj
                0x10007740                tu_fifo_write_n
 .text.tu_fifo_clear
                0x100078b8       0x40 CMakeFiles/atSampling_Device.dir/C_/Users/a_c_e_r/.pico-sdk/sdk/2.0.0/lib/tinyusb/src/common/tusb_fifo.c.obj
                0x100078b8                tu_fifo_clear
 .text.tu_fifo_set_overwritable
                0x100078f8       0x48 CMakeFiles/atSampling_Device.dir/C_/Users/a_c_e_r/.pico-sdk/sdk/2.0.0/lib/tinyusb/src/common/tusb_fifo.c.obj
                0x100078f8                tu_fifo_set_overwritable
 .text.i2c_set_baudrate
                0x10007940       0xc0 CMakeFiles/atSampling_Device.dir/C_/Users/a_c_e_r/.pico-sdk/sdk/2.0.0/src/rp2_common/hardware_i2c/i2c.c.obj
                0x10007940                i2c_set_baudrate
 .text.i2c_init
                0x10007a00       0x50 CMakeFiles/atSampling_Device.dir/C_/Users/a_c_e_r/.pico-sdk/sdk/2.0.0/src/rp2_common/hardware_i2c/i2c.c.obj
                0x10007a00                i2c_init
 .text.pio_add_program
                0x10007a50      0x104 CMakeFiles/atSampling_Device.dir/C_/Users/a_c_e_r/.pico-sdk/sdk/2.0.0/src/rp2_common/hardware_pio/pio.c.obj
                0x10007a50                pio_add_program
 .text.pio_sm_set_consecutive_pindirs
                0x10007b54       0xb4 CMakeFiles/atSampling_Device.dir/C_/Users/a_c_e_r/.pico-sdk/sdk/2.0.0/src/rp2_common/hardware_pio/pio.c.obj
                0x10007b54                pio_sm_set_consecutive_pindirs
 .text.pio_sm_init
                0x10007c08       0x98 CMakeFiles/atSampling_Device.dir/C_/Users/a_c_e_r/.pico-sdk/sdk/2.0.0/src/rp2_common/hardware_pio/pio.c.obj
                0x10007c08                pio_sm_init
 .text.__cxa_guard_acquire
                0x10007ca0       0x38 C:/Users/ACER~1/PICO-S~1/TOOLCH~1/13_2_R~1/bin/../lib/gcc/arm-none-eabi/13.2.1/thumb/v6-m/nofp\libstdc++.a(guard.o)
                0x10007ca0                __cxa_guard_acquire
 .text.__cxa_guard_release
                0x10007cd8        0x8 C:/Users/ACER~1/PICO-S~1/TOOLCH~1/13_2_R~1/bin/../lib/gcc/arm-none-eabi/13.2.1/thumb/v6-m/nofp\libstdc++.a(guard.o)
                0x10007cd8                __cxa_guard_release
 .text._ZN9__gnu_cxx20recursive_init_errorD2Ev
                0x10007ce0       0x14 C:/Users/ACER~1/PICO-S~1/TOOLCH~1/13_2_R~1/bin/../lib/gcc/arm-none-eabi/13.2.1/thumb/v6-m/nofp\libstdc++.a(guard_error.o)
                0x10007ce0                __gnu_cxx::recursive_init_error::~recursive_init_error()
                0x10007ce0                __gnu_cxx::recursive_init_error::~recursive_init_error()
 .text._ZN9__gnu_cxx20recursive_init_errorD0Ev
                0x10007cf4       0x1c C:/Users/ACER~1/PICO-S~1/TOOLCH~1/13_2_R~1/bin/../lib/gcc/arm-none-eabi/13.2.1/thumb/v6-m/nofp\libstdc++.a(guard_error.o)
                0x10007cf4                __gnu_cxx::recursive_init_error::~recursive_init_error()
 .text._ZN9__gnu_cxx20recursive_init_errorC2Ev
                0x10007d10        0xc C:/Users/ACER~1/PICO-S~1/TOOLCH~1/13_2_R~1/bin/../lib/gcc/arm-none-eabi/13.2.1/thumb/v6-m/nofp\libstdc++.a(guard_error.o)
                0x10007d10                __gnu_cxx::recursive_init_error::recursive_init_error()
                0x10007d10                __gnu_cxx::recursive_init_error::recursive_init_error()
 .text._ZN10__cxxabiv120__si_class_type_infoD2Ev
                0x10007d1c       0x14 C:/Users/ACER~1/PICO-S~1/TOOLCH~1/13_2_R~1/bin/../lib/gcc/arm-none-eabi/13.2.1/thumb/v6-m/nofp\libstdc++.a(si_class_type_info.o)
                0x10007d1c                __cxxabiv1::__si_class_type_info::~__si_class_type_info()
                0x10007d1c                __cxxabiv1::__si_class_type_info::~__si_class_type_info()
 .text._ZN10__cxxabiv120__si_class_type_infoD0Ev
                0x10007d30       0x1c C:/Users/ACER~1/PICO-S~1/TOOLCH~1/13_2_R~1/bin/../lib/gcc/arm-none-eabi/13.2.1/thumb/v6-m/nofp\libstdc++.a(si_class_type_info.o)
                0x10007d30                __cxxabiv1::__si_class_type_info::~__si_class_type_info()
 .text._ZNK10__cxxabiv120__si_class_type_info20__do_find_public_srcEiPKvPKNS_17__class_type_infoES2_
                0x10007d4c       0x38 C:/Users/ACER~1/PICO-S~1/TOOLCH~1/13_2_R~1/bin/../lib/gcc/arm-none-eabi/13.2.1/thumb/v6-m/nofp\libstdc++.a(si_class_type_info.o)
                0x10007d4c                __cxxabiv1::__si_class_type_info::__do_find_public_src(int, void const*, __cxxabiv1::__class_type_info const*, void const*) const
 .text._ZNK10__cxxabiv120__si_class_type_info12__do_dyncastEiNS_17__class_type_info10__sub_kindEPKS1_PKvS4_S6_RNS1_16__dyncast_resultE
                0x10007d84       0x88 C:/Users/ACER~1/PICO-S~1/TOOLCH~1/13_2_R~1/bin/../lib/gcc/arm-none-eabi/13.2.1/thumb/v6-m/nofp\libstdc++.a(si_class_type_info.o)
                0x10007d84                __cxxabiv1::__si_class_type_info::__do_dyncast(int, __cxxabiv1::__class_type_info::__sub_kind, __cxxabiv1::__class_type_info const*, void const*, __cxxabiv1::__class_type_info const*, void const*, __cxxabiv1::__class_type_info::__dyncast_result&) const
 .text._ZNK10__cxxabiv120__si_class_type_info11__do_upcastEPKNS_17__class_type_infoEPKvRNS1_15__upcast_resultE
                0x10007e0c       0x24 C:/Users/ACER~1/PICO-S~1/TOOLCH~1/13_2_R~1/bin/../lib/gcc/arm-none-eabi/13.2.1/thumb/v6-m/nofp\libstdc++.a(si_class_type_info.o)
                0x10007e0c                __cxxabiv1::__si_class_type_info::__do_upcast(__cxxabiv1::__class_type_info const*, void const*, __cxxabiv1::__class_type_info::__upcast_result&) const
 .text._ZNSt9type_infoD2Ev
                0x10007e30        0x4 C:/Users/ACER~1/PICO-S~1/TOOLCH~1/13_2_R~1/bin/../lib/gcc/arm-none-eabi/13.2.1/thumb/v6-m/nofp\libstdc++.a(tinfo.o)
                0x10007e30                std::type_info::~type_info()
                0x10007e30                std::type_info::~type_info()
 .text._ZNKSt9type_info14__is_pointer_pEv
                0x10007e34        0x4 C:/Users/ACER~1/PICO-S~1/TOOLCH~1/13_2_R~1/bin/../lib/gcc/arm-none-eabi/13.2.1/thumb/v6-m/nofp\libstdc++.a(tinfo.o)
                0x10007e34                std::type_info::__is_pointer_p() const
                0x10007e34                std::type_info::__is_function_p() const
 .text._ZNKSt9type_infoeqERKS_
                0x10007e38       0x30 C:/Users/ACER~1/PICO-S~1/TOOLCH~1/13_2_R~1/bin/../lib/gcc/arm-none-eabi/13.2.1/thumb/v6-m/nofp\libstdc++.a(tinfo.o)
                0x10007e38                std::type_info::operator==(std::type_info const&) const
                0x10007e38                std::type_info::__equal(std::type_info const&) const
 .text._ZNK10__cxxabiv117__class_type_info11__do_upcastEPKS0_PPv
                0x10007e68       0x34 C:/Users/ACER~1/PICO-S~1/TOOLCH~1/13_2_R~1/bin/../lib/gcc/arm-none-eabi/13.2.1/thumb/v6-m/nofp\libstdc++.a(class_type_info.o)
                0x10007e68                __cxxabiv1::__class_type_info::__do_upcast(__cxxabiv1::__class_type_info const*, void**) const
 .text._ZNK10__cxxabiv117__class_type_info20__do_find_public_srcEiPKvPKS0_S2_
                0x10007e9c       0x14 C:/Users/ACER~1/PICO-S~1/TOOLCH~1/13_2_R~1/bin/../lib/gcc/arm-none-eabi/13.2.1/thumb/v6-m/nofp\libstdc++.a(class_type_info.o)
                0x10007e9c                __cxxabiv1::__class_type_info::__do_find_public_src(int, void const*, __cxxabiv1::__class_type_info const*, void const*) const
 .text._ZN10__cxxabiv117__class_type_infoD2Ev
                0x10007eb0       0x14 C:/Users/ACER~1/PICO-S~1/TOOLCH~1/13_2_R~1/bin/../lib/gcc/arm-none-eabi/13.2.1/thumb/v6-m/nofp\libstdc++.a(class_type_info.o)
                0x10007eb0                __cxxabiv1::__class_type_info::~__class_type_info()
                0x10007eb0                __cxxabiv1::__class_type_info::~__class_type_info()
 .text._ZN10__cxxabiv117__class_type_infoD0Ev
                0x10007ec4       0x1c C:/Users/ACER~1/PICO-S~1/TOOLCH~1/13_2_R~1/bin/../lib/gcc/arm-none-eabi/13.2.1/thumb/v6-m/nofp\libstdc++.a(class_type_info.o)
                0x10007ec4                __cxxabiv1::__class_type_info::~__class_type_info()
 .text._ZNK10__cxxabiv117__class_type_info12__do_dyncastEiNS0_10__sub_kindEPKS0_PKvS3_S5_RNS0_16__dyncast_resultE
                0x10007ee0       0x40 C:/Users/ACER~1/PICO-S~1/TOOLCH~1/13_2_R~1/bin/../lib/gcc/arm-none-eabi/13.2.1/thumb/v6-m/nofp\libstdc++.a(class_type_info.o)
                0x10007ee0                __cxxabiv1::__class_type_info::__do_dyncast(int, __cxxabiv1::__class_type_info::__sub_kind, __cxxabiv1::__class_type_info const*, void const*, __cxxabiv1::__class_type_info const*, void const*, __cxxabiv1::__class_type_info::__dyncast_result&) const
 .text._ZNK10__cxxabiv117__class_type_info11__do_upcastEPKS0_PKvRNS0_15__upcast_resultE
                0x10007f20       0x1c C:/Users/ACER~1/PICO-S~1/TOOLCH~1/13_2_R~1/bin/../lib/gcc/arm-none-eabi/13.2.1/thumb/v6-m/nofp\libstdc++.a(class_type_info.o)
                0x10007f20                __cxxabiv1::__class_type_info::__do_upcast(__cxxabiv1::__class_type_info const*, void const*, __cxxabiv1::__class_type_info::__upcast_result&) const
 .text._ZNK10__cxxabiv117__class_type_info10__do_catchEPKSt9type_infoPPvj
                0x10007f3c       0x24 C:/Users/ACER~1/PICO-S~1/TOOLCH~1/13_2_R~1/bin/../lib/gcc/arm-none-eabi/13.2.1/thumb/v6-m/nofp\libstdc++.a(class_type_info.o)
                0x10007f3c                __cxxabiv1::__class_type_info::__do_catch(std::type_info const*, void**, unsigned int) const
 .text._ZN12_GLOBAL__N_14pool4freeEPv.constprop.0
                0x10007f60       0x6c C:/Users/ACER~1/PICO-S~1/TOOLCH~1/13_2_R~1/bin/../lib/gcc/arm-none-eabi/13.2.1/thumb/v6-m/nofp\libstdc++.a(eh_alloc.o)
 .text._ZN12_GLOBAL__N_14pool8allocateEj.constprop.0
                0x10007fcc       0x50 C:/Users/ACER~1/PICO-S~1/TOOLCH~1/13_2_R~1/bin/../lib/gcc/arm-none-eabi/13.2.1/thumb/v6-m/nofp\libstdc++.a(eh_alloc.o)
 .text.__cxa_allocate_exception
                0x1000801c       0x2c C:/Users/ACER~1/PICO-S~1/TOOLCH~1/13_2_R~1/bin/../lib/gcc/arm-none-eabi/13.2.1/thumb/v6-m/nofp\libstdc++.a(eh_alloc.o)
                0x1000801c                __cxa_allocate_exception
 .text.__cxa_free_exception
                0x10008048       0x24 C:/Users/ACER~1/PICO-S~1/TOOLCH~1/13_2_R~1/bin/../lib/gcc/arm-none-eabi/13.2.1/thumb/v6-m/nofp\libstdc++.a(eh_alloc.o)
                0x10008048                __cxa_free_exception
 .text.startup._GLOBAL__sub_I__ZN9__gnu_cxx9__freeresEv
                0x1000806c      0x10c C:/Users/ACER~1/PICO-S~1/TOOLCH~1/13_2_R~1/bin/../lib/gcc/arm-none-eabi/13.2.1/thumb/v6-m/nofp\libstdc++.a(eh_alloc.o)
 .text._ZNSt9exceptionD2Ev
                0x10008178        0x4 C:/Users/ACER~1/PICO-S~1/TOOLCH~1/13_2_R~1/bin/../lib/gcc/arm-none-eabi/13.2.1/thumb/v6-m/nofp\libstdc++.a(eh_exception.o)
                0x10008178                std::exception::~exception()
                0x10008178                std::exception::~exception()
 .text._ZNSt13bad_exceptionD2Ev
                0x1000817c        0x4 C:/Users/ACER~1/PICO-S~1/TOOLCH~1/13_2_R~1/bin/../lib/gcc/arm-none-eabi/13.2.1/thumb/v6-m/nofp\libstdc++.a(eh_exception.o)
                0x1000817c                std::bad_exception::~bad_exception()
                0x1000817c                std::bad_exception::~bad_exception()
 .text._ZNKSt9exception4whatEv
                0x10008180        0x8 C:/Users/ACER~1/PICO-S~1/TOOLCH~1/13_2_R~1/bin/../lib/gcc/arm-none-eabi/13.2.1/thumb/v6-m/nofp\libstdc++.a(eh_exception.o)
                0x10008180                std::exception::what() const
                0x10008180                transaction clone for std::exception::what() const
 .text._ZNKSt13bad_exception4whatEv
                0x10008188        0x8 C:/Users/ACER~1/PICO-S~1/TOOLCH~1/13_2_R~1/bin/../lib/gcc/arm-none-eabi/13.2.1/thumb/v6-m/nofp\libstdc++.a(eh_exception.o)
                0x10008188                std::bad_exception::what() const
                0x10008188                transaction clone for std::bad_exception::what() const
 .text._ZNSt13bad_exceptionD0Ev
                0x10008190       0x10 C:/Users/ACER~1/PICO-S~1/TOOLCH~1/13_2_R~1/bin/../lib/gcc/arm-none-eabi/13.2.1/thumb/v6-m/nofp\libstdc++.a(eh_exception.o)
                0x10008190                std::bad_exception::~bad_exception()
 .text._ZN10__cxxabiv111__terminateEPFvvE
                0x100081a0       0x10 C:/Users/ACER~1/PICO-S~1/TOOLCH~1/13_2_R~1/bin/../lib/gcc/arm-none-eabi/13.2.1/thumb/v6-m/nofp\libstdc++.a(eh_terminate.o)
                0x100081a0                __cxxabiv1::__terminate(void (*)())
 .text._ZSt9terminatev
                0x100081b0       0x10 C:/Users/ACER~1/PICO-S~1/TOOLCH~1/13_2_R~1/bin/../lib/gcc/arm-none-eabi/13.2.1/thumb/v6-m/nofp\libstdc++.a(eh_terminate.o)
                0x100081b0                std::terminate()
 .text._ZN10__cxxabiv112__unexpectedEPFvvE
                0x100081c0        0x8 C:/Users/ACER~1/PICO-S~1/TOOLCH~1/13_2_R~1/bin/../lib/gcc/arm-none-eabi/13.2.1/thumb/v6-m/nofp\libstdc++.a(eh_terminate.o)
                0x100081c0                __cxxabiv1::__unexpected(void (*)())
 .text._ZSt10unexpectedv
                0x100081c8       0x10 C:/Users/ACER~1/PICO-S~1/TOOLCH~1/13_2_R~1/bin/../lib/gcc/arm-none-eabi/13.2.1/thumb/v6-m/nofp\libstdc++.a(eh_terminate.o)
                0x100081c8                std::unexpected()
 .text._ZSt13get_terminatev
                0x100081d8        0xc C:/Users/ACER~1/PICO-S~1/TOOLCH~1/13_2_R~1/bin/../lib/gcc/arm-none-eabi/13.2.1/thumb/v6-m/nofp\libstdc++.a(eh_terminate.o)
                0x100081d8                std::get_terminate()
 .text._ZSt14get_unexpectedv
                0x100081e4        0xc C:/Users/ACER~1/PICO-S~1/TOOLCH~1/13_2_R~1/bin/../lib/gcc/arm-none-eabi/13.2.1/thumb/v6-m/nofp\libstdc++.a(eh_terminate.o)
                0x100081e4                std::get_unexpected()
 .text._ZL23__gxx_exception_cleanup19_Unwind_Reason_CodeP21_Unwind_Control_Block
                0x100081f0       0x34 C:/Users/ACER~1/PICO-S~1/TOOLCH~1/13_2_R~1/bin/../lib/gcc/arm-none-eabi/13.2.1/thumb/v6-m/nofp\libstdc++.a(eh_throw.o)
 .text.__cxa_init_primary_exception
                0x10008224       0x4c C:/Users/ACER~1/PICO-S~1/TOOLCH~1/13_2_R~1/bin/../lib/gcc/arm-none-eabi/13.2.1/thumb/v6-m/nofp\libstdc++.a(eh_throw.o)
                0x10008224                __cxa_init_primary_exception
 .text.__cxa_throw
                0x10008270       0x34 C:/Users/ACER~1/PICO-S~1/TOOLCH~1/13_2_R~1/bin/../lib/gcc/arm-none-eabi/13.2.1/thumb/v6-m/nofp\libstdc++.a(eh_throw.o)
                0x10008270                __cxa_throw
 .text.__cxa_rethrow
                0x100082a4       0x70 C:/Users/ACER~1/PICO-S~1/TOOLCH~1/13_2_R~1/bin/../lib/gcc/arm-none-eabi/13.2.1/thumb/v6-m/nofp\libstdc++.a(eh_throw.o)
                0x100082a4                __cxa_rethrow
 .text._ZN9__gnu_cxx27__verbose_terminate_handlerEv
                0x10008314      0x114 C:/Users/ACER~1/PICO-S~1/TOOLCH~1/13_2_R~1/bin/../lib/gcc/arm-none-eabi/13.2.1/thumb/v6-m/nofp\libstdc++.a(vterminate.o)
                0x10008314                __gnu_cxx::__verbose_terminate_handler()
 .text.d_make_comp
                0x10008428       0xd8 C:/Users/ACER~1/PICO-S~1/TOOLCH~1/13_2_R~1/bin/../lib/gcc/arm-none-eabi/13.2.1/thumb/v6-m/nofp\libstdc++.a(cp-demangle.o)
 .text.d_number
                0x10008500       0x80 C:/Users/ACER~1/PICO-S~1/TOOLCH~1/13_2_R~1/bin/../lib/gcc/arm-none-eabi/13.2.1/thumb/v6-m/nofp\libstdc++.a(cp-demangle.o)
 .text.d_call_offset
                0x10008580       0x4c C:/Users/ACER~1/PICO-S~1/TOOLCH~1/13_2_R~1/bin/../lib/gcc/arm-none-eabi/13.2.1/thumb/v6-m/nofp\libstdc++.a(cp-demangle.o)
 .text.d_discriminator
                0x100085cc       0x4c C:/Users/ACER~1/PICO-S~1/TOOLCH~1/13_2_R~1/bin/../lib/gcc/arm-none-eabi/13.2.1/thumb/v6-m/nofp\libstdc++.a(cp-demangle.o)
 .text.d_count_templates_scopes
                0x10008618       0xb8 C:/Users/ACER~1/PICO-S~1/TOOLCH~1/13_2_R~1/bin/../lib/gcc/arm-none-eabi/13.2.1/thumb/v6-m/nofp\libstdc++.a(cp-demangle.o)
 .text.d_index_template_argument.part.0
                0x100086d0       0x20 C:/Users/ACER~1/PICO-S~1/TOOLCH~1/13_2_R~1/bin/../lib/gcc/arm-none-eabi/13.2.1/thumb/v6-m/nofp\libstdc++.a(cp-demangle.o)
 .text.d_growable_string_callback_adapter
                0x100086f0       0x80 C:/Users/ACER~1/PICO-S~1/TOOLCH~1/13_2_R~1/bin/../lib/gcc/arm-none-eabi/13.2.1/thumb/v6-m/nofp\libstdc++.a(cp-demangle.o)
 .text.next_is_type_qual.isra.0
                0x10008770       0x30 C:/Users/ACER~1/PICO-S~1/TOOLCH~1/13_2_R~1/bin/../lib/gcc/arm-none-eabi/13.2.1/thumb/v6-m/nofp\libstdc++.a(cp-demangle.o)
 .text.d_append_char
                0x100087a0       0x44 C:/Users/ACER~1/PICO-S~1/TOOLCH~1/13_2_R~1/bin/../lib/gcc/arm-none-eabi/13.2.1/thumb/v6-m/nofp\libstdc++.a(cp-demangle.o)
 .text.d_lookup_template_argument
                0x100087e4       0x40 C:/Users/ACER~1/PICO-S~1/TOOLCH~1/13_2_R~1/bin/../lib/gcc/arm-none-eabi/13.2.1/thumb/v6-m/nofp\libstdc++.a(cp-demangle.o)
 .text.d_find_pack
                0x10008824       0x58 C:/Users/ACER~1/PICO-S~1/TOOLCH~1/13_2_R~1/bin/../lib/gcc/arm-none-eabi/13.2.1/thumb/v6-m/nofp\libstdc++.a(cp-demangle.o)
 .text.d_append_string
                0x1000887c       0x78 C:/Users/ACER~1/PICO-S~1/TOOLCH~1/13_2_R~1/bin/../lib/gcc/arm-none-eabi/13.2.1/thumb/v6-m/nofp\libstdc++.a(cp-demangle.o)
 .text.d_template_param
                0x100088f4       0x5c C:/Users/ACER~1/PICO-S~1/TOOLCH~1/13_2_R~1/bin/../lib/gcc/arm-none-eabi/13.2.1/thumb/v6-m/nofp\libstdc++.a(cp-demangle.o)
 .text.d_append_num
                0x10008950       0x8c C:/Users/ACER~1/PICO-S~1/TOOLCH~1/13_2_R~1/bin/../lib/gcc/arm-none-eabi/13.2.1/thumb/v6-m/nofp\libstdc++.a(cp-demangle.o)
 .text.d_source_name
                0x100089dc       0xec C:/Users/ACER~1/PICO-S~1/TOOLCH~1/13_2_R~1/bin/../lib/gcc/arm-none-eabi/13.2.1/thumb/v6-m/nofp\libstdc++.a(cp-demangle.o)
 .text.d_substitution
                0x10008ac8      0x184 C:/Users/ACER~1/PICO-S~1/TOOLCH~1/13_2_R~1/bin/../lib/gcc/arm-none-eabi/13.2.1/thumb/v6-m/nofp\libstdc++.a(cp-demangle.o)
 .text.d_maybe_module_name
                0x10008c4c       0x60 C:/Users/ACER~1/PICO-S~1/TOOLCH~1/13_2_R~1/bin/../lib/gcc/arm-none-eabi/13.2.1/thumb/v6-m/nofp\libstdc++.a(cp-demangle.o)
 .text.d_type   0x10008cac      0x70c C:/Users/ACER~1/PICO-S~1/TOOLCH~1/13_2_R~1/bin/../lib/gcc/arm-none-eabi/13.2.1/thumb/v6-m/nofp\libstdc++.a(cp-demangle.o)
 .text.d_parmlist
                0x100093b8       0x84 C:/Users/ACER~1/PICO-S~1/TOOLCH~1/13_2_R~1/bin/../lib/gcc/arm-none-eabi/13.2.1/thumb/v6-m/nofp\libstdc++.a(cp-demangle.o)
 .text.d_bare_function_type
                0x1000943c       0x48 C:/Users/ACER~1/PICO-S~1/TOOLCH~1/13_2_R~1/bin/../lib/gcc/arm-none-eabi/13.2.1/thumb/v6-m/nofp\libstdc++.a(cp-demangle.o)
 .text.d_function_type
                0x10009484       0x94 C:/Users/ACER~1/PICO-S~1/TOOLCH~1/13_2_R~1/bin/../lib/gcc/arm-none-eabi/13.2.1/thumb/v6-m/nofp\libstdc++.a(cp-demangle.o)
 .text.d_template_parm
                0x10009518       0x78 C:/Users/ACER~1/PICO-S~1/TOOLCH~1/13_2_R~1/bin/../lib/gcc/arm-none-eabi/13.2.1/thumb/v6-m/nofp\libstdc++.a(cp-demangle.o)
 .text.d_template_head
                0x10009590       0x38 C:/Users/ACER~1/PICO-S~1/TOOLCH~1/13_2_R~1/bin/../lib/gcc/arm-none-eabi/13.2.1/thumb/v6-m/nofp\libstdc++.a(cp-demangle.o)
 .text.d_operator_name
                0x100095c8      0x11c C:/Users/ACER~1/PICO-S~1/TOOLCH~1/13_2_R~1/bin/../lib/gcc/arm-none-eabi/13.2.1/thumb/v6-m/nofp\libstdc++.a(cp-demangle.o)
 .text.d_unqualified_name
                0x100096e4      0x394 C:/Users/ACER~1/PICO-S~1/TOOLCH~1/13_2_R~1/bin/../lib/gcc/arm-none-eabi/13.2.1/thumb/v6-m/nofp\libstdc++.a(cp-demangle.o)
 .text.d_expression_1
                0x10009a78      0x4fc C:/Users/ACER~1/PICO-S~1/TOOLCH~1/13_2_R~1/bin/../lib/gcc/arm-none-eabi/13.2.1/thumb/v6-m/nofp\libstdc++.a(cp-demangle.o)
 .text.d_exprlist
                0x10009f74       0x70 C:/Users/ACER~1/PICO-S~1/TOOLCH~1/13_2_R~1/bin/../lib/gcc/arm-none-eabi/13.2.1/thumb/v6-m/nofp\libstdc++.a(cp-demangle.o)
 .text.d_cv_qualifiers
                0x10009fe4      0x170 C:/Users/ACER~1/PICO-S~1/TOOLCH~1/13_2_R~1/bin/../lib/gcc/arm-none-eabi/13.2.1/thumb/v6-m/nofp\libstdc++.a(cp-demangle.o)
 .text.d_name   0x1000a154      0x2f0 C:/Users/ACER~1/PICO-S~1/TOOLCH~1/13_2_R~1/bin/../lib/gcc/arm-none-eabi/13.2.1/thumb/v6-m/nofp\libstdc++.a(cp-demangle.o)
 .text.d_encoding.part.0
                0x1000a444       0xf4 C:/Users/ACER~1/PICO-S~1/TOOLCH~1/13_2_R~1/bin/../lib/gcc/arm-none-eabi/13.2.1/thumb/v6-m/nofp\libstdc++.a(cp-demangle.o)
 .text.d_special_name
                0x1000a538      0x430 C:/Users/ACER~1/PICO-S~1/TOOLCH~1/13_2_R~1/bin/../lib/gcc/arm-none-eabi/13.2.1/thumb/v6-m/nofp\libstdc++.a(cp-demangle.o)
 .text.d_expr_primary
                0x1000a968      0x118 C:/Users/ACER~1/PICO-S~1/TOOLCH~1/13_2_R~1/bin/../lib/gcc/arm-none-eabi/13.2.1/thumb/v6-m/nofp\libstdc++.a(cp-demangle.o)
 .text.d_template_arg
                0x1000aa80       0x54 C:/Users/ACER~1/PICO-S~1/TOOLCH~1/13_2_R~1/bin/../lib/gcc/arm-none-eabi/13.2.1/thumb/v6-m/nofp\libstdc++.a(cp-demangle.o)
 .text.d_template_args_1
                0x1000aad4       0x60 C:/Users/ACER~1/PICO-S~1/TOOLCH~1/13_2_R~1/bin/../lib/gcc/arm-none-eabi/13.2.1/thumb/v6-m/nofp\libstdc++.a(cp-demangle.o)
 .text.d_prefix
                0x1000ab34       0xd4 C:/Users/ACER~1/PICO-S~1/TOOLCH~1/13_2_R~1/bin/../lib/gcc/arm-none-eabi/13.2.1/thumb/v6-m/nofp\libstdc++.a(cp-demangle.o)
 .text.d_print_comp_inner
                0x1000ac08     0x2f2c C:/Users/ACER~1/PICO-S~1/TOOLCH~1/13_2_R~1/bin/../lib/gcc/arm-none-eabi/13.2.1/thumb/v6-m/nofp\libstdc++.a(cp-demangle.o)
 .text.d_print_comp
                0x1000db34       0x5c C:/Users/ACER~1/PICO-S~1/TOOLCH~1/13_2_R~1/bin/../lib/gcc/arm-none-eabi/13.2.1/thumb/v6-m/nofp\libstdc++.a(cp-demangle.o)
 .text.d_print_mod
                0x1000db90      0x6a4 C:/Users/ACER~1/PICO-S~1/TOOLCH~1/13_2_R~1/bin/../lib/gcc/arm-none-eabi/13.2.1/thumb/v6-m/nofp\libstdc++.a(cp-demangle.o)
 .text.d_print_function_type
                0x1000e234      0x23c C:/Users/ACER~1/PICO-S~1/TOOLCH~1/13_2_R~1/bin/../lib/gcc/arm-none-eabi/13.2.1/thumb/v6-m/nofp\libstdc++.a(cp-demangle.o)
 .text.d_print_mod_list
                0x1000e470      0x2ac C:/Users/ACER~1/PICO-S~1/TOOLCH~1/13_2_R~1/bin/../lib/gcc/arm-none-eabi/13.2.1/thumb/v6-m/nofp\libstdc++.a(cp-demangle.o)
 .text.d_print_array_type
                0x1000e71c      0x1f8 C:/Users/ACER~1/PICO-S~1/TOOLCH~1/13_2_R~1/bin/../lib/gcc/arm-none-eabi/13.2.1/thumb/v6-m/nofp\libstdc++.a(cp-demangle.o)
 .text.d_print_expr_op
                0x1000e914       0x84 C:/Users/ACER~1/PICO-S~1/TOOLCH~1/13_2_R~1/bin/../lib/gcc/arm-none-eabi/13.2.1/thumb/v6-m/nofp\libstdc++.a(cp-demangle.o)
 .text.d_demangle_callback.constprop.0
                0x1000e998      0x3cc C:/Users/ACER~1/PICO-S~1/TOOLCH~1/13_2_R~1/bin/../lib/gcc/arm-none-eabi/13.2.1/thumb/v6-m/nofp\libstdc++.a(cp-demangle.o)
 .text.d_print_subexpr
                0x1000ed64      0x124 C:/Users/ACER~1/PICO-S~1/TOOLCH~1/13_2_R~1/bin/../lib/gcc/arm-none-eabi/13.2.1/thumb/v6-m/nofp\libstdc++.a(cp-demangle.o)
 .text.d_maybe_print_fold_expression
                0x1000ee88      0x28c C:/Users/ACER~1/PICO-S~1/TOOLCH~1/13_2_R~1/bin/../lib/gcc/arm-none-eabi/13.2.1/thumb/v6-m/nofp\libstdc++.a(cp-demangle.o)
 .text.d_maybe_print_designated_init
                0x1000f114      0x218 C:/Users/ACER~1/PICO-S~1/TOOLCH~1/13_2_R~1/bin/../lib/gcc/arm-none-eabi/13.2.1/thumb/v6-m/nofp\libstdc++.a(cp-demangle.o)
 .text.__cxa_demangle
                0x1000f32c       0xd0 C:/Users/ACER~1/PICO-S~1/TOOLCH~1/13_2_R~1/bin/../lib/gcc/arm-none-eabi/13.2.1/thumb/v6-m/nofp\libstdc++.a(cp-demangle.o)
                0x1000f32c                __cxa_demangle
 .text.__cxa_end_cleanup
                0x1000f3fc        0xc C:/Users/ACER~1/PICO-S~1/TOOLCH~1/13_2_R~1/bin/../lib/gcc/arm-none-eabi/13.2.1/thumb/v6-m/nofp\libstdc++.a(eh_arm.o)
                0x1000f3fc                __cxa_end_cleanup
 .text.__cxa_type_match
                0x1000f408       0xc0 C:/Users/ACER~1/PICO-S~1/TOOLCH~1/13_2_R~1/bin/../lib/gcc/arm-none-eabi/13.2.1/thumb/v6-m/nofp\libstdc++.a(eh_arm.o)
                0x1000f408                __cxa_type_match
 .text.__cxa_begin_cleanup
                0x1000f4c8       0x60 C:/Users/ACER~1/PICO-S~1/TOOLCH~1/13_2_R~1/bin/../lib/gcc/arm-none-eabi/13.2.1/thumb/v6-m/nofp\libstdc++.a(eh_arm.o)
                0x1000f4c8                __cxa_begin_cleanup
 .text.__gnu_end_cleanup
                0x1000f528       0x70 C:/Users/ACER~1/PICO-S~1/TOOLCH~1/13_2_R~1/bin/../lib/gcc/arm-none-eabi/13.2.1/thumb/v6-m/nofp\libstdc++.a(eh_arm.o)
                0x1000f528                __gnu_end_cleanup
 .text.__cxa_begin_catch
                0x1000f598       0x74 C:/Users/ACER~1/PICO-S~1/TOOLCH~1/13_2_R~1/bin/../lib/gcc/arm-none-eabi/13.2.1/thumb/v6-m/nofp\libstdc++.a(eh_catch.o)
                0x1000f598                __cxa_begin_catch
 .text.__cxa_end_catch
                0x1000f60c       0x90 C:/Users/ACER~1/PICO-S~1/TOOLCH~1/13_2_R~1/bin/../lib/gcc/arm-none-eabi/13.2.1/thumb/v6-m/nofp\libstdc++.a(eh_catch.o)
                0x1000f60c                __cxa_end_catch
 .text.__cxa_get_globals_fast
                0x1000f69c        0x8 C:/Users/ACER~1/PICO-S~1/TOOLCH~1/13_2_R~1/bin/../lib/gcc/arm-none-eabi/13.2.1/thumb/v6-m/nofp\libstdc++.a(eh_globals.o)
                0x1000f69c                __cxa_get_globals_fast
 .text.__cxa_get_globals
                0x1000f6a4        0x8 C:/Users/ACER~1/PICO-S~1/TOOLCH~1/13_2_R~1/bin/../lib/gcc/arm-none-eabi/13.2.1/thumb/v6-m/nofp\libstdc++.a(eh_globals.o)
                0x1000f6a4                __cxa_get_globals
 .text._ZL28read_encoded_value_with_basehjPKhPj
                0x1000f6ac      0x104 C:/Users/ACER~1/PICO-S~1/TOOLCH~1/13_2_R~1/bin/../lib/gcc/arm-none-eabi/13.2.1/thumb/v6-m/nofp\libstdc++.a(eh_personality.o)
 .text._ZL21base_of_encoded_valuehP15_Unwind_Context
                0x1000f7b0       0x40 C:/Users/ACER~1/PICO-S~1/TOOLCH~1/13_2_R~1/bin/../lib/gcc/arm-none-eabi/13.2.1/thumb/v6-m/nofp\libstdc++.a(eh_personality.o)
 .text._ZL17parse_lsda_headerP15_Unwind_ContextPKhP16lsda_header_info
                0x1000f7f0       0x94 C:/Users/ACER~1/PICO-S~1/TOOLCH~1/13_2_R~1/bin/../lib/gcc/arm-none-eabi/13.2.1/thumb/v6-m/nofp\libstdc++.a(eh_personality.o)
 .text.__gxx_personality_v0
                0x1000f884      0x4b4 C:/Users/ACER~1/PICO-S~1/TOOLCH~1/13_2_R~1/bin/../lib/gcc/arm-none-eabi/13.2.1/thumb/v6-m/nofp\libstdc++.a(eh_personality.o)
                0x1000f884                __gxx_personality_v0
 .text.__cxa_current_exception_type
                0x1000fd38       0x20 C:/Users/ACER~1/PICO-S~1/TOOLCH~1/13_2_R~1/bin/../lib/gcc/arm-none-eabi/13.2.1/thumb/v6-m/nofp\libstdc++.a(eh_type.o)
                0x1000fd38                __cxa_current_exception_type
 .text._ZN10__cxxabiv1L24__is_gxx_exception_classEPc
                0x1000fd58       0x3c C:/Users/ACER~1/PICO-S~1/TOOLCH~1/13_2_R~1/bin/../lib/gcc/arm-none-eabi/13.2.1/thumb/v6-m/nofp\libstdc++.a(eh_call.o)
 .text.__cxa_call_terminate
                0x1000fd94       0x20 C:/Users/ACER~1/PICO-S~1/TOOLCH~1/13_2_R~1/bin/../lib/gcc/arm-none-eabi/13.2.1/thumb/v6-m/nofp\libstdc++.a(eh_call.o)
                0x1000fd94                __cxa_call_terminate
 .text.unlikely.__cxa_call_unexpected
                0x1000fdb4       0xfc C:/Users/ACER~1/PICO-S~1/TOOLCH~1/13_2_R~1/bin/../lib/gcc/arm-none-eabi/13.2.1/thumb/v6-m/nofp\libstdc++.a(eh_call.o)
                0x1000fdb4                __cxa_call_unexpected
 .text.abort    0x1000feb0       0x10 C:/Users/ACER~1/PICO-S~1/TOOLCH~1/13_2_R~1/bin/../lib/gcc/arm-none-eabi/13.2.1/thumb/v6-m/nofp\libg.a(libc_a-abort.o)
                0x1000feb0                abort
 .text.getenv   0x1000fec0       0x18 C:/Users/ACER~1/PICO-S~1/TOOLCH~1/13_2_R~1/bin/../lib/gcc/arm-none-eabi/13.2.1/thumb/v6-m/nofp\libg.a(libc_a-getenv.o)
                0x1000fec0                getenv
 .text._findenv_r
                0x1000fed8       0x8c C:/Users/ACER~1/PICO-S~1/TOOLCH~1/13_2_R~1/bin/../lib/gcc/arm-none-eabi/13.2.1/thumb/v6-m/nofp\libg.a(libc_a-getenv_r.o)
                0x1000fed8                _findenv_r
 .text.malloc   0x1000ff64       0x14 C:/Users/ACER~1/PICO-S~1/TOOLCH~1/13_2_R~1/bin/../lib/gcc/arm-none-eabi/13.2.1/thumb/v6-m/nofp\libg.a(libc_a-malloc.o)
                0x1000ff64                malloc
 .text.free     0x1000ff78       0x14 C:/Users/ACER~1/PICO-S~1/TOOLCH~1/13_2_R~1/bin/../lib/gcc/arm-none-eabi/13.2.1/thumb/v6-m/nofp\libg.a(libc_a-malloc.o)
                0x1000ff78                free
 .text._malloc_r
                0x1000ff8c      0x5c4 C:/Users/ACER~1/PICO-S~1/TOOLCH~1/13_2_R~1/bin/../lib/gcc/arm-none-eabi/13.2.1/thumb/v6-m/nofp\libg.a(libc_a-mallocr.o)
                0x1000ff8c                _malloc_r
 .text.__malloc_lock
                0x10010550       0x10 C:/Users/ACER~1/PICO-S~1/TOOLCH~1/13_2_R~1/bin/../lib/gcc/arm-none-eabi/13.2.1/thumb/v6-m/nofp\libg.a(libc_a-mlock.o)
                0x10010550                __malloc_lock
 .text.__malloc_unlock
                0x10010560       0x10 C:/Users/ACER~1/PICO-S~1/TOOLCH~1/13_2_R~1/bin/../lib/gcc/arm-none-eabi/13.2.1/thumb/v6-m/nofp\libg.a(libc_a-mlock.o)
                0x10010560                __malloc_unlock
 .text.realloc  0x10010570       0x18 C:/Users/ACER~1/PICO-S~1/TOOLCH~1/13_2_R~1/bin/../lib/gcc/arm-none-eabi/13.2.1/thumb/v6-m/nofp\libg.a(libc_a-realloc.o)
                0x10010570                realloc
 .text._realloc_r
                0x10010588      0x350 C:/Users/ACER~1/PICO-S~1/TOOLCH~1/13_2_R~1/bin/../lib/gcc/arm-none-eabi/13.2.1/thumb/v6-m/nofp\libg.a(libc_a-reallocr.o)
                0x10010588                _realloc_r
 .text._strtoul_l.isra.0
                0x100108d8      0x144 C:/Users/ACER~1/PICO-S~1/TOOLCH~1/13_2_R~1/bin/../lib/gcc/arm-none-eabi/13.2.1/thumb/v6-m/nofp\libg.a(libc_a-strtoul.o)
 .text.strtoul  0x10010a1c       0x18 C:/Users/ACER~1/PICO-S~1/TOOLCH~1/13_2_R~1/bin/../lib/gcc/arm-none-eabi/13.2.1/thumb/v6-m/nofp\libg.a(libc_a-strtoul.o)
                0x10010a1c                strtoul